------------------------------------------------------------
TimeQuest Timing Analyzer Summary
------------------------------------------------------------

Type  : Slow 1100mV 85C Model Setup 'CLOCK_50'
Slack : -1.374
TNS   : -22.112

Type  : Slow 1100mV 85C Model Hold 'CLOCK_50'
Slack : 0.242
TNS   : 0.000

Type  : Slow 1100mV 85C Model Recovery 'CLOCK_50'
Slack : -0.428
TNS   : -34.683

Type  : Slow 1100mV 85C Model Removal 'CLOCK_50'
Slack : 0.810
TNS   : 0.000

Type  : Slow 1100mV 85C Model Minimum Pulse Width 'CLOCK_50'
Slack : -0.394
TNS   : -51.218

Type  : Slow 1100mV 0C Model Setup 'CLOCK_50'
Slack : -1.460
TNS   : -22.661

Type  : Slow 1100mV 0C Model Hold 'CLOCK_50'
Slack : 0.227
TNS   : 0.000

Type  : Slow 1100mV 0C Model Recovery 'CLOCK_50'
Slack : -0.367
TNS   : -29.370

Type  : Slow 1100mV 0C Model Removal 'CLOCK_50'
Slack : 0.753
TNS   : 0.000

Type  : Slow 1100mV 0C Model Minimum Pulse Width 'CLOCK_50'
Slack : -0.394
TNS   : -55.480

Type  : Fast 1100mV 85C Model Setup 'CLOCK_50'
Slack : -0.363
TNS   : -2.521

Type  : Fast 1100mV 85C Model Hold 'CLOCK_50'
Slack : 0.145
TNS   : 0.000

Type  : Fast 1100mV 85C Model Recovery 'CLOCK_50'
Slack : 0.145
TNS   : 0.000

Type  : Fast 1100mV 85C Model Removal 'CLOCK_50'
Slack : 0.450
TNS   : 0.000

Type  : Fast 1100mV 85C Model Minimum Pulse Width 'CLOCK_50'
Slack : -0.091
TNS   : -8.842

Type  : Fast 1100mV 0C Model Setup 'CLOCK_50'
Slack : -0.302
TNS   : -1.903

Type  : Fast 1100mV 0C Model Hold 'CLOCK_50'
Slack : 0.134
TNS   : 0.000

Type  : Fast 1100mV 0C Model Recovery 'CLOCK_50'
Slack : 0.225
TNS   : 0.000

Type  : Fast 1100mV 0C Model Removal 'CLOCK_50'
Slack : 0.407
TNS   : 0.000

Type  : Fast 1100mV 0C Model Minimum Pulse Width 'CLOCK_50'
Slack : -0.090
TNS   : -8.792

------------------------------------------------------------
