Archive member included to satisfy reference by file (symbol)

../Arbitration_Nios1_APP_bsp/\libhal_bsp.a(alt_load.o)
                              ../Arbitration_Nios1_APP_bsp//obj/HAL/src/crt0.o (alt_load)
../Arbitration_Nios1_APP_bsp/\libhal_bsp.a(alt_main.o)
                              ../Arbitration_Nios1_APP_bsp//obj/HAL/src/crt0.o (alt_main)
../Arbitration_Nios1_APP_bsp/\libhal_bsp.a(alt_sys_init.o)
                              ../Arbitration_Nios1_APP_bsp/\libhal_bsp.a(alt_main.o) (alt_irq_init)
../Arbitration_Nios1_APP_bsp/\libhal_bsp.a(altera_avalon_jtag_uart_fd.o)
                              ../Arbitration_Nios1_APP_bsp/\libhal_bsp.a(alt_sys_init.o) (altera_avalon_jtag_uart_read_fd)
../Arbitration_Nios1_APP_bsp/\libhal_bsp.a(altera_avalon_jtag_uart_read.o)
                              ../Arbitration_Nios1_APP_bsp/\libhal_bsp.a(altera_avalon_jtag_uart_fd.o) (altera_avalon_jtag_uart_read)
../Arbitration_Nios1_APP_bsp/\libhal_bsp.a(altera_avalon_jtag_uart_write.o)
                              ../Arbitration_Nios1_APP_bsp/\libhal_bsp.a(altera_avalon_jtag_uart_fd.o) (altera_avalon_jtag_uart_write)
../Arbitration_Nios1_APP_bsp/\libhal_bsp.a(alt_close.o)
                              ../Arbitration_Nios1_APP_bsp/\libhal_bsp.a(alt_main.o) (close)
../Arbitration_Nios1_APP_bsp/\libhal_bsp.a(alt_dcache_flush_all.o)
                              ../Arbitration_Nios1_APP_bsp/\libhal_bsp.a(alt_load.o) (alt_dcache_flush_all)
../Arbitration_Nios1_APP_bsp/\libhal_bsp.a(alt_dev.o)
                              ../Arbitration_Nios1_APP_bsp/\libhal_bsp.a(alt_sys_init.o) (alt_dev_list)
../Arbitration_Nios1_APP_bsp/\libhal_bsp.a(alt_dev_llist_insert.o)
                              ../Arbitration_Nios1_APP_bsp/\libhal_bsp.a(alt_sys_init.o) (alt_dev_llist_insert)
../Arbitration_Nios1_APP_bsp/\libhal_bsp.a(alt_errno.o)
                              ../Arbitration_Nios1_APP_bsp/\libhal_bsp.a(alt_close.o) (alt_errno)
../Arbitration_Nios1_APP_bsp/\libhal_bsp.a(alt_icache_flush_all.o)
                              ../Arbitration_Nios1_APP_bsp/\libhal_bsp.a(alt_load.o) (alt_icache_flush_all)
../Arbitration_Nios1_APP_bsp/\libhal_bsp.a(alt_io_redirect.o)
                              ../Arbitration_Nios1_APP_bsp/\libhal_bsp.a(alt_main.o) (alt_io_redirect)
../Arbitration_Nios1_APP_bsp/\libhal_bsp.a(alt_open.o)
                              ../Arbitration_Nios1_APP_bsp/\libhal_bsp.a(alt_io_redirect.o) (open)
../Arbitration_Nios1_APP_bsp/\libhal_bsp.a(alt_release_fd.o)
                              ../Arbitration_Nios1_APP_bsp/\libhal_bsp.a(alt_close.o) (alt_release_fd)
../Arbitration_Nios1_APP_bsp/\libhal_bsp.a(altera_nios2_gen2_irq.o)
                              ../Arbitration_Nios1_APP_bsp/\libhal_bsp.a(alt_sys_init.o) (altera_nios2_gen2_irq_init)
../Arbitration_Nios1_APP_bsp/\libhal_bsp.a(alt_find_dev.o)
                              ../Arbitration_Nios1_APP_bsp/\libhal_bsp.a(alt_open.o) (alt_find_dev)
../Arbitration_Nios1_APP_bsp/\libhal_bsp.a(alt_find_file.o)
                              ../Arbitration_Nios1_APP_bsp/\libhal_bsp.a(alt_open.o) (alt_find_file)
../Arbitration_Nios1_APP_bsp/\libhal_bsp.a(alt_get_fd.o)
                              ../Arbitration_Nios1_APP_bsp/\libhal_bsp.a(alt_open.o) (alt_get_fd)
c:/intelfpga/17.0/nios2eds/bin/gnu/h-x86_64-mingw32/bin/../lib/gcc/nios2-elf/5.3.0/../../../../../H-x86_64-mingw32/nios2-elf/lib/mno-hw-mul\libsmallc.a(lib_a-exit.o)
                              ../Arbitration_Nios1_APP_bsp/\libhal_bsp.a(alt_main.o) (exit)
c:/intelfpga/17.0/nios2eds/bin/gnu/h-x86_64-mingw32/bin/../lib/gcc/nios2-elf/5.3.0/../../../../../H-x86_64-mingw32/nios2-elf/lib/mno-hw-mul\libsmallc.a(lib_a-int_errno.o)
                              ../Arbitration_Nios1_APP_bsp/\libhal_bsp.a(alt_close.o) (errno)
c:/intelfpga/17.0/nios2eds/bin/gnu/h-x86_64-mingw32/bin/../lib/gcc/nios2-elf/5.3.0/../../../../../H-x86_64-mingw32/nios2-elf/lib/mno-hw-mul\libsmallc.a(lib_a-memcmp.o)
                              ../Arbitration_Nios1_APP_bsp/\libhal_bsp.a(alt_find_dev.o) (memcmp)
c:/intelfpga/17.0/nios2eds/bin/gnu/h-x86_64-mingw32/bin/../lib/gcc/nios2-elf/5.3.0/../../../../../H-x86_64-mingw32/nios2-elf/lib/mno-hw-mul\libsmallc.a(lib_a-strlen.o)
                              ../Arbitration_Nios1_APP_bsp/\libhal_bsp.a(alt_find_dev.o) (strlen)
c:/intelfpga/17.0/nios2eds/bin/gnu/h-x86_64-mingw32/bin/../lib/gcc/nios2-elf/5.3.0/../../../../../H-x86_64-mingw32/nios2-elf/lib/mno-hw-mul\libsmallc.a(lib_a-__call_atexit.o)
                              c:/intelfpga/17.0/nios2eds/bin/gnu/h-x86_64-mingw32/bin/../lib/gcc/nios2-elf/5.3.0/../../../../../H-x86_64-mingw32/nios2-elf/lib/mno-hw-mul\libsmallc.a(lib_a-exit.o) (__call_exitprocs)
c:/intelfpga/17.0/nios2eds/bin/gnu/h-x86_64-mingw32/bin/../lib/gcc/nios2-elf/5.3.0/../../../../../H-x86_64-mingw32/nios2-elf/lib/mno-hw-mul\libsmallc.a(lib_a-impure.o)
                              c:/intelfpga/17.0/nios2eds/bin/gnu/h-x86_64-mingw32/bin/../lib/gcc/nios2-elf/5.3.0/../../../../../H-x86_64-mingw32/nios2-elf/lib/mno-hw-mul\libsmallc.a(lib_a-__call_atexit.o) (_global_impure_ptr)
c:/intelfpga/17.0/nios2eds/bin/gnu/h-x86_64-mingw32/bin/../lib/gcc/nios2-elf/5.3.0/mno-hw-mul\libgcc.a(lib2-mul.o)
                              ../Arbitration_Nios1_APP_bsp/\libhal_bsp.a(alt_close.o) (__mulsi3)
../Arbitration_Nios1_APP_bsp/\libhal_bsp.a(alt_exit.o)
                              c:/intelfpga/17.0/nios2eds/bin/gnu/h-x86_64-mingw32/bin/../lib/gcc/nios2-elf/5.3.0/../../../../../H-x86_64-mingw32/nios2-elf/lib/mno-hw-mul\libsmallc.a(lib_a-exit.o) (_exit)

Allocating common symbols
Common symbol       size              file

errno               0x4               c:/intelfpga/17.0/nios2eds/bin/gnu/h-x86_64-mingw32/bin/../lib/gcc/nios2-elf/5.3.0/../../../../../H-x86_64-mingw32/nios2-elf/lib/mno-hw-mul\libsmallc.a(lib_a-int_errno.o)

Memory Configuration

Name             Origin             Length             Attributes
reset            0x0000000000004000 0x0000000000000020
onchip_memory2_1 0x0000000000004020 0x0000000000003fe0
*default*        0x0000000000000000 0xffffffffffffffff

Linker script and memory map

LOAD ../Arbitration_Nios1_APP_bsp//obj/HAL/src/crt0.o
LOAD obj/default/main.o
LOAD c:/intelfpga/17.0/nios2eds/bin/gnu/h-x86_64-mingw32/bin/../lib/gcc/nios2-elf/5.3.0/../../../../../H-x86_64-mingw32/nios2-elf/lib/mno-hw-mul\libstdc++.a
LOAD c:/intelfpga/17.0/nios2eds/bin/gnu/h-x86_64-mingw32/bin/../lib/gcc/nios2-elf/5.3.0/../../../../../H-x86_64-mingw32/nios2-elf/lib/mno-hw-mul\libm.a
LOAD c:/intelfpga/17.0/nios2eds/bin/gnu/h-x86_64-mingw32/bin/../lib/gcc/nios2-elf/5.3.0/mno-hw-mul\libgcc.a
START GROUP
LOAD c:/intelfpga/17.0/nios2eds/bin/gnu/h-x86_64-mingw32/bin/../lib/gcc/nios2-elf/5.3.0/../../../../../H-x86_64-mingw32/nios2-elf/lib/mno-hw-mul\libsmallc.a
LOAD c:/intelfpga/17.0/nios2eds/bin/gnu/h-x86_64-mingw32/bin/../lib/gcc/nios2-elf/5.3.0/mno-hw-mul\libgcc.a
LOAD ../Arbitration_Nios1_APP_bsp/\libhal_bsp.a
LOAD c:/intelfpga/17.0/nios2eds/bin/gnu/h-x86_64-mingw32/bin/../lib/gcc/nios2-elf/5.3.0/../../../../../H-x86_64-mingw32/nios2-elf/lib/mno-hw-mul\libm.a
END GROUP
LOAD c:/intelfpga/17.0/nios2eds/bin/gnu/h-x86_64-mingw32/bin/../lib/gcc/nios2-elf/5.3.0/mno-hw-mul\libgcc.a
                0x0000000000004000                __alt_mem_onchip_memory2_1 = 0x4000

.entry          0x0000000000004000       0x20
 *(.entry)
 .entry         0x0000000000004000       0x20 ../Arbitration_Nios1_APP_bsp//obj/HAL/src/crt0.o
                0x0000000000004000                __reset

.exceptions     0x0000000000004020        0x0
                0x0000000000004020                PROVIDE (__ram_exceptions_start, ABSOLUTE (.))
                0x0000000000004020                . = ALIGN (0x20)
 *(.irq)
 *(.exceptions.entry.label)
 *(.exceptions.entry.user)
 *(.exceptions.entry.ecc_fatal)
 *(.exceptions.entry)
 *(.exceptions.irqtest.user)
 *(.exceptions.irqtest)
 *(.exceptions.irqhandler.user)
 *(.exceptions.irqhandler)
 *(.exceptions.irqreturn.user)
 *(.exceptions.irqreturn)
 *(.exceptions.notirq.label)
 *(.exceptions.notirq.user)
 *(.exceptions.notirq)
 *(.exceptions.soft.user)
 *(.exceptions.soft)
 *(.exceptions.unknown.user)
 *(.exceptions.unknown)
 *(.exceptions.exit.label)
 *(.exceptions.exit.user)
 *(.exceptions.exit)
 *(.exceptions)
                0x0000000000004020                PROVIDE (__ram_exceptions_end, ABSOLUTE (.))
                0x0000000000004020                PROVIDE (__flash_exceptions_start, LOADADDR (.exceptions))

.text           0x0000000000004020     0x1144
                [!provide]                        PROVIDE (stext, ABSOLUTE (.))
 *(.interp)
 *(.hash)
 *(.dynsym)
 *(.dynstr)
 *(.gnu.version)
 *(.gnu.version_d)
 *(.gnu.version_r)
 *(.rel.init)
 *(.rela.init)
 *(.rel.text .rel.text.* .rel.gnu.linkonce.t.*)
 *(.rela.text .rela.text.* .rela.gnu.linkonce.t.*)
 *(.rel.fini)
 *(.rela.fini)
 *(.rel.rodata .rel.rodata.* .rel.gnu.linkonce.r.*)
 *(.rela.rodata .rela.rodata.* .rela.gnu.linkonce.r.*)
 *(.rel.data .rel.data.* .rel.gnu.linkonce.d.*)
 *(.rela.data .rela.data.* .rela.gnu.linkonce.d.*)
 *(.rel.tdata .rel.tdata.* .rel.gnu.linkonce.td.*)
 *(.rela.tdata .rela.tdata.* .rela.gnu.linkonce.td.*)
 *(.rel.tbss .rel.tbss.* .rel.gnu.linkonce.tb.*)
 *(.rela.tbss .rela.tbss.* .rela.gnu.linkonce.tb.*)
 *(.rel.ctors)
 *(.rela.ctors)
 *(.rel.dtors)
 *(.rela.dtors)
 *(.rel.got)
 *(.rela.got)
 *(.rel.sdata .rel.sdata.* .rel.gnu.linkonce.s.*)
 *(.rela.sdata .rela.sdata.* .rela.gnu.linkonce.s.*)
 *(.rel.sbss .rel.sbss.* .rel.gnu.linkonce.sb.*)
 *(.rela.sbss .rela.sbss.* .rela.gnu.linkonce.sb.*)
 *(.rel.sdata2 .rel.sdata2.* .rel.gnu.linkonce.s2.*)
 *(.rela.sdata2 .rela.sdata2.* .rela.gnu.linkonce.s2.*)
 *(.rel.sbss2 .rel.sbss2.* .rel.gnu.linkonce.sb2.*)
 *(.rela.sbss2 .rela.sbss2.* .rela.gnu.linkonce.sb2.*)
 *(.rel.bss .rel.bss.* .rel.gnu.linkonce.b.*)
 *(.rela.bss .rela.bss.* .rela.gnu.linkonce.b.*)
 *(.rel.plt)
 *(.rela.plt)
 *(.rel.dyn)
 *(.init)
 *(.plt)
 *(.text .stub .text.* .gnu.linkonce.t.*)
 .text          0x0000000000004020       0x3c ../Arbitration_Nios1_APP_bsp//obj/HAL/src/crt0.o
                0x0000000000004020                _start
 .text          0x000000000000405c      0x12c obj/default/main.o
                0x000000000000405c                jtag_display
                0x00000000000040c0                main
 .text          0x0000000000004188       0xec ../Arbitration_Nios1_APP_bsp/\libhal_bsp.a(alt_load.o)
                0x00000000000041f0                alt_load
 .text          0x0000000000004274       0x6c ../Arbitration_Nios1_APP_bsp/\libhal_bsp.a(alt_main.o)
                0x0000000000004274                alt_main
 .text          0x00000000000042e0       0xa4 ../Arbitration_Nios1_APP_bsp/\libhal_bsp.a(alt_sys_init.o)
                0x0000000000004314                alt_irq_init
                0x000000000000434c                alt_sys_init
 .text          0x0000000000004384       0xc0 ../Arbitration_Nios1_APP_bsp/\libhal_bsp.a(altera_avalon_jtag_uart_fd.o)
                0x0000000000004384                altera_avalon_jtag_uart_read_fd
                0x00000000000043e4                altera_avalon_jtag_uart_write_fd
 .text          0x0000000000004444       0xec ../Arbitration_Nios1_APP_bsp/\libhal_bsp.a(altera_avalon_jtag_uart_read.o)
                0x0000000000004444                altera_avalon_jtag_uart_read
 .text          0x0000000000004530       0x94 ../Arbitration_Nios1_APP_bsp/\libhal_bsp.a(altera_avalon_jtag_uart_write.o)
                0x0000000000004530                altera_avalon_jtag_uart_write
 .text          0x00000000000045c4      0x114 ../Arbitration_Nios1_APP_bsp/\libhal_bsp.a(alt_close.o)
                0x0000000000004600                close
 .text          0x00000000000046d8       0x20 ../Arbitration_Nios1_APP_bsp/\libhal_bsp.a(alt_dcache_flush_all.o)
                0x00000000000046d8                alt_dcache_flush_all
 .text          0x00000000000046f8       0x2c ../Arbitration_Nios1_APP_bsp/\libhal_bsp.a(alt_dev.o)
 .text          0x0000000000004724       0xe0 ../Arbitration_Nios1_APP_bsp/\libhal_bsp.a(alt_dev_llist_insert.o)
                0x0000000000004760                alt_dev_llist_insert
 .text          0x0000000000004804        0x0 ../Arbitration_Nios1_APP_bsp/\libhal_bsp.a(alt_errno.o)
 .text          0x0000000000004804       0x20 ../Arbitration_Nios1_APP_bsp/\libhal_bsp.a(alt_icache_flush_all.o)
                0x0000000000004804                alt_icache_flush_all
 .text          0x0000000000004824      0x160 ../Arbitration_Nios1_APP_bsp/\libhal_bsp.a(alt_io_redirect.o)
                0x0000000000004908                alt_io_redirect
 .text          0x0000000000004984      0x284 ../Arbitration_Nios1_APP_bsp/\libhal_bsp.a(alt_open.o)
                0x0000000000004aac                open
 .text          0x0000000000004c08       0x84 ../Arbitration_Nios1_APP_bsp/\libhal_bsp.a(alt_release_fd.o)
                0x0000000000004c08                alt_release_fd
 .text          0x0000000000004c8c       0x24 ../Arbitration_Nios1_APP_bsp/\libhal_bsp.a(altera_nios2_gen2_irq.o)
                0x0000000000004c8c                altera_nios2_gen2_irq_init
 .text          0x0000000000004cb0       0x90 ../Arbitration_Nios1_APP_bsp/\libhal_bsp.a(alt_find_dev.o)
                0x0000000000004cb0                alt_find_dev
 .text          0x0000000000004d40      0x108 ../Arbitration_Nios1_APP_bsp/\libhal_bsp.a(alt_find_file.o)
                0x0000000000004d40                alt_find_file
 .text          0x0000000000004e48       0xc4 ../Arbitration_Nios1_APP_bsp/\libhal_bsp.a(alt_get_fd.o)
                0x0000000000004e48                alt_get_fd
 .text          0x0000000000004f0c        0x0 c:/intelfpga/17.0/nios2eds/bin/gnu/h-x86_64-mingw32/bin/../lib/gcc/nios2-elf/5.3.0/../../../../../H-x86_64-mingw32/nios2-elf/lib/mno-hw-mul\libsmallc.a(lib_a-exit.o)
 .text.exit     0x0000000000004f0c       0x20 c:/intelfpga/17.0/nios2eds/bin/gnu/h-x86_64-mingw32/bin/../lib/gcc/nios2-elf/5.3.0/../../../../../H-x86_64-mingw32/nios2-elf/lib/mno-hw-mul\libsmallc.a(lib_a-exit.o)
                0x0000000000004f0c                exit
 .text          0x0000000000004f2c        0x0 c:/intelfpga/17.0/nios2eds/bin/gnu/h-x86_64-mingw32/bin/../lib/gcc/nios2-elf/5.3.0/../../../../../H-x86_64-mingw32/nios2-elf/lib/mno-hw-mul\libsmallc.a(lib_a-int_errno.o)
 .text          0x0000000000004f2c        0x0 c:/intelfpga/17.0/nios2eds/bin/gnu/h-x86_64-mingw32/bin/../lib/gcc/nios2-elf/5.3.0/../../../../../H-x86_64-mingw32/nios2-elf/lib/mno-hw-mul\libsmallc.a(lib_a-memcmp.o)
 .text.memcmp   0x0000000000004f2c       0x30 c:/intelfpga/17.0/nios2eds/bin/gnu/h-x86_64-mingw32/bin/../lib/gcc/nios2-elf/5.3.0/../../../../../H-x86_64-mingw32/nios2-elf/lib/mno-hw-mul\libsmallc.a(lib_a-memcmp.o)
                0x0000000000004f2c                memcmp
 .text          0x0000000000004f5c        0x0 c:/intelfpga/17.0/nios2eds/bin/gnu/h-x86_64-mingw32/bin/../lib/gcc/nios2-elf/5.3.0/../../../../../H-x86_64-mingw32/nios2-elf/lib/mno-hw-mul\libsmallc.a(lib_a-strlen.o)
 .text.strlen   0x0000000000004f5c       0x1c c:/intelfpga/17.0/nios2eds/bin/gnu/h-x86_64-mingw32/bin/../lib/gcc/nios2-elf/5.3.0/../../../../../H-x86_64-mingw32/nios2-elf/lib/mno-hw-mul\libsmallc.a(lib_a-strlen.o)
                0x0000000000004f5c                strlen
 .text          0x0000000000004f78        0x0 c:/intelfpga/17.0/nios2eds/bin/gnu/h-x86_64-mingw32/bin/../lib/gcc/nios2-elf/5.3.0/../../../../../H-x86_64-mingw32/nios2-elf/lib/mno-hw-mul\libsmallc.a(lib_a-__call_atexit.o)
 .text.__call_exitprocs
                0x0000000000004f78      0x190 c:/intelfpga/17.0/nios2eds/bin/gnu/h-x86_64-mingw32/bin/../lib/gcc/nios2-elf/5.3.0/../../../../../H-x86_64-mingw32/nios2-elf/lib/mno-hw-mul\libsmallc.a(lib_a-__call_atexit.o)
                0x0000000000004f78                __call_exitprocs
 .text          0x0000000000005108        0x0 c:/intelfpga/17.0/nios2eds/bin/gnu/h-x86_64-mingw32/bin/../lib/gcc/nios2-elf/5.3.0/../../../../../H-x86_64-mingw32/nios2-elf/lib/mno-hw-mul\libsmallc.a(lib_a-impure.o)
 .text          0x0000000000005108       0x28 c:/intelfpga/17.0/nios2eds/bin/gnu/h-x86_64-mingw32/bin/../lib/gcc/nios2-elf/5.3.0/mno-hw-mul\libgcc.a(lib2-mul.o)
                0x0000000000005108                __mulsi3
 .text          0x0000000000005130       0x34 ../Arbitration_Nios1_APP_bsp/\libhal_bsp.a(alt_exit.o)
                0x0000000000005130                _exit
 *(.gnu.warning.*)
 *(.fini)
                [!provide]                        PROVIDE (__etext, ABSOLUTE (.))
                [!provide]                        PROVIDE (_etext, ABSOLUTE (.))
                [!provide]                        PROVIDE (etext, ABSOLUTE (.))
 *(.eh_frame_hdr)
                0x0000000000005164                . = ALIGN (0x4)
                [!provide]                        PROVIDE (__preinit_array_start, ABSOLUTE (.))
 *(.preinit_array)
                [!provide]                        PROVIDE (__preinit_array_end, ABSOLUTE (.))
                [!provide]                        PROVIDE (__init_array_start, ABSOLUTE (.))
 *(.init_array)
                [!provide]                        PROVIDE (__init_array_end, ABSOLUTE (.))
                [!provide]                        PROVIDE (__fini_array_start, ABSOLUTE (.))
 *(.fini_array)
                [!provide]                        PROVIDE (__fini_array_end, ABSOLUTE (.))
 *(.eh_frame)
 *(.gcc_except_table .gcc_except_table.*)
 *(.dynamic)
                [!provide]                        PROVIDE (__CTOR_LIST__, ABSOLUTE (.))
 *(.ctors)
 *(SORT(.ctors.*))
                [!provide]                        PROVIDE (__CTOR_END__, ABSOLUTE (.))
                [!provide]                        PROVIDE (__DTOR_LIST__, ABSOLUTE (.))
 *(.dtors)
 *(SORT(.dtors.*))
                [!provide]                        PROVIDE (__DTOR_END__, ABSOLUTE (.))
 *(.jcr)
                0x0000000000005164                . = ALIGN (0x4)

.rodata         0x0000000000005164       0x5c
                0x0000000000005164                PROVIDE (__ram_rodata_start, ABSOLUTE (.))
                0x0000000000005164                . = ALIGN (0x4)
 *(.rodata .rodata.* .gnu.linkonce.r.*)
 .rodata        0x0000000000005164       0x25 obj/default/main.o
 *fill*         0x0000000000005189        0x3 
 .rodata        0x000000000000518c       0x11 ../Arbitration_Nios1_APP_bsp/\libhal_bsp.a(alt_main.o)
 *fill*         0x000000000000519d        0x3 
 .rodata        0x00000000000051a0       0x11 ../Arbitration_Nios1_APP_bsp/\libhal_bsp.a(alt_sys_init.o)
 *fill*         0x00000000000051b1        0x3 
 .rodata        0x00000000000051b4        0xa ../Arbitration_Nios1_APP_bsp/\libhal_bsp.a(alt_dev.o)
 *(.rodata1)
                0x00000000000051c0                . = ALIGN (0x4)
 *fill*         0x00000000000051be        0x2 
                0x00000000000051c0                PROVIDE (__ram_rodata_end, ABSOLUTE (.))
                0x0000000000005164                PROVIDE (__flash_rodata_start, LOADADDR (.rodata))

.rwdata         0x00000000000051c0      0x2dc load address 0x000000000000549c
                0x00000000000051c0                PROVIDE (__ram_rwdata_start, ABSOLUTE (.))
                0x00000000000051c0                . = ALIGN (0x4)
 *(.got.plt)
 *(.got)
 *(.data1)
 *(.data .data.* .gnu.linkonce.d.*)
 .data          0x00000000000051c0        0x0 ../Arbitration_Nios1_APP_bsp//obj/HAL/src/crt0.o
 .data          0x00000000000051c0        0x0 obj/default/main.o
 .data          0x00000000000051c0        0x0 ../Arbitration_Nios1_APP_bsp/\libhal_bsp.a(alt_load.o)
 .data          0x00000000000051c0        0x0 ../Arbitration_Nios1_APP_bsp/\libhal_bsp.a(alt_main.o)
 .data          0x00000000000051c0       0x2c ../Arbitration_Nios1_APP_bsp/\libhal_bsp.a(alt_sys_init.o)
 .data          0x00000000000051ec        0x0 ../Arbitration_Nios1_APP_bsp/\libhal_bsp.a(altera_avalon_jtag_uart_fd.o)
 .data          0x00000000000051ec        0x0 ../Arbitration_Nios1_APP_bsp/\libhal_bsp.a(altera_avalon_jtag_uart_read.o)
 .data          0x00000000000051ec        0x0 ../Arbitration_Nios1_APP_bsp/\libhal_bsp.a(altera_avalon_jtag_uart_write.o)
 .data          0x00000000000051ec        0x0 ../Arbitration_Nios1_APP_bsp/\libhal_bsp.a(alt_close.o)
 .data          0x00000000000051ec        0x0 ../Arbitration_Nios1_APP_bsp/\libhal_bsp.a(alt_dcache_flush_all.o)
 .data          0x00000000000051ec      0x1a8 ../Arbitration_Nios1_APP_bsp/\libhal_bsp.a(alt_dev.o)
                0x00000000000051ec                alt_dev_null
                0x0000000000005214                alt_fd_list
 .data          0x0000000000005394        0x0 ../Arbitration_Nios1_APP_bsp/\libhal_bsp.a(alt_dev_llist_insert.o)
 .data          0x0000000000005394        0x0 ../Arbitration_Nios1_APP_bsp/\libhal_bsp.a(alt_errno.o)
 .data          0x0000000000005394        0x0 ../Arbitration_Nios1_APP_bsp/\libhal_bsp.a(alt_icache_flush_all.o)
 .data          0x0000000000005394        0x0 ../Arbitration_Nios1_APP_bsp/\libhal_bsp.a(alt_io_redirect.o)
 .data          0x0000000000005394        0x0 ../Arbitration_Nios1_APP_bsp/\libhal_bsp.a(alt_open.o)
 .data          0x0000000000005394        0x0 ../Arbitration_Nios1_APP_bsp/\libhal_bsp.a(alt_release_fd.o)
 .data          0x0000000000005394        0x0 ../Arbitration_Nios1_APP_bsp/\libhal_bsp.a(altera_nios2_gen2_irq.o)
 .data          0x0000000000005394        0x0 ../Arbitration_Nios1_APP_bsp/\libhal_bsp.a(alt_find_dev.o)
 .data          0x0000000000005394        0x0 ../Arbitration_Nios1_APP_bsp/\libhal_bsp.a(alt_find_file.o)
 .data          0x0000000000005394        0x0 ../Arbitration_Nios1_APP_bsp/\libhal_bsp.a(alt_get_fd.o)
 .data          0x0000000000005394        0x0 c:/intelfpga/17.0/nios2eds/bin/gnu/h-x86_64-mingw32/bin/../lib/gcc/nios2-elf/5.3.0/../../../../../H-x86_64-mingw32/nios2-elf/lib/mno-hw-mul\libsmallc.a(lib_a-exit.o)
 .data          0x0000000000005394        0x0 c:/intelfpga/17.0/nios2eds/bin/gnu/h-x86_64-mingw32/bin/../lib/gcc/nios2-elf/5.3.0/../../../../../H-x86_64-mingw32/nios2-elf/lib/mno-hw-mul\libsmallc.a(lib_a-int_errno.o)
 .data          0x0000000000005394        0x0 c:/intelfpga/17.0/nios2eds/bin/gnu/h-x86_64-mingw32/bin/../lib/gcc/nios2-elf/5.3.0/../../../../../H-x86_64-mingw32/nios2-elf/lib/mno-hw-mul\libsmallc.a(lib_a-memcmp.o)
 .data          0x0000000000005394        0x0 c:/intelfpga/17.0/nios2eds/bin/gnu/h-x86_64-mingw32/bin/../lib/gcc/nios2-elf/5.3.0/../../../../../H-x86_64-mingw32/nios2-elf/lib/mno-hw-mul\libsmallc.a(lib_a-strlen.o)
 .data          0x0000000000005394        0x0 c:/intelfpga/17.0/nios2eds/bin/gnu/h-x86_64-mingw32/bin/../lib/gcc/nios2-elf/5.3.0/../../../../../H-x86_64-mingw32/nios2-elf/lib/mno-hw-mul\libsmallc.a(lib_a-__call_atexit.o)
 .data          0x0000000000005394        0x0 c:/intelfpga/17.0/nios2eds/bin/gnu/h-x86_64-mingw32/bin/../lib/gcc/nios2-elf/5.3.0/../../../../../H-x86_64-mingw32/nios2-elf/lib/mno-hw-mul\libsmallc.a(lib_a-impure.o)
 .data.impure_data
                0x0000000000005394       0xe0 c:/intelfpga/17.0/nios2eds/bin/gnu/h-x86_64-mingw32/bin/../lib/gcc/nios2-elf/5.3.0/../../../../../H-x86_64-mingw32/nios2-elf/lib/mno-hw-mul\libsmallc.a(lib_a-impure.o)
 .data          0x0000000000005474        0x0 c:/intelfpga/17.0/nios2eds/bin/gnu/h-x86_64-mingw32/bin/../lib/gcc/nios2-elf/5.3.0/mno-hw-mul\libgcc.a(lib2-mul.o)
 .data          0x0000000000005474        0x0 ../Arbitration_Nios1_APP_bsp/\libhal_bsp.a(alt_exit.o)
                0x000000000000d474                _gp = ABSOLUTE ((. + 0x8000))
                [!provide]                        PROVIDE (gp, _gp)
 *(.rwdata .rwdata.*)
 *(.sdata .sdata.* .gnu.linkonce.s.*)
 .sdata         0x0000000000005474        0x8 obj/default/main.o
                0x0000000000005474                BridgePtr
                0x0000000000005478                JtagUartPtr
 .sdata         0x000000000000547c       0x14 ../Arbitration_Nios1_APP_bsp/\libhal_bsp.a(alt_dev.o)
                0x000000000000547c                alt_fs_list
                0x0000000000005484                alt_dev_list
                0x000000000000548c                alt_max_fd
 .sdata         0x0000000000005490        0x4 ../Arbitration_Nios1_APP_bsp/\libhal_bsp.a(alt_errno.o)
                0x0000000000005490                alt_errno
 .sdata._global_impure_ptr
                0x0000000000005494        0x4 c:/intelfpga/17.0/nios2eds/bin/gnu/h-x86_64-mingw32/bin/../lib/gcc/nios2-elf/5.3.0/../../../../../H-x86_64-mingw32/nios2-elf/lib/mno-hw-mul\libsmallc.a(lib_a-impure.o)
                0x0000000000005494                _global_impure_ptr
 .sdata._impure_ptr
                0x0000000000005498        0x4 c:/intelfpga/17.0/nios2eds/bin/gnu/h-x86_64-mingw32/bin/../lib/gcc/nios2-elf/5.3.0/../../../../../H-x86_64-mingw32/nios2-elf/lib/mno-hw-mul\libsmallc.a(lib_a-impure.o)
                0x0000000000005498                _impure_ptr
 *(.sdata2 .sdata2.* .gnu.linkonce.s2.*)
                0x000000000000549c                . = ALIGN (0x4)
                0x000000000000549c                _edata = ABSOLUTE (.)
                [!provide]                        PROVIDE (edata, ABSOLUTE (.))
                0x000000000000549c                PROVIDE (__ram_rwdata_end, ABSOLUTE (.))
                0x000000000000549c                PROVIDE (__flash_rwdata_start, LOADADDR (.rwdata))

.bss            0x0000000000005778       0x10
                0x0000000000005778                __bss_start = ABSOLUTE (.)
                [!provide]                        PROVIDE (__sbss_start, ABSOLUTE (.))
                [!provide]                        PROVIDE (___sbss_start, ABSOLUTE (.))
 *(.dynsbss)
 *(.sbss .sbss.* .gnu.linkonce.sb.*)
 .sbss          0x0000000000005778        0xc ../Arbitration_Nios1_APP_bsp/\libhal_bsp.a(alt_main.o)
                0x0000000000005778                alt_argc
                0x000000000000577c                alt_argv
                0x0000000000005780                alt_envp
 .sbss          0x0000000000005784        0x4 c:/intelfpga/17.0/nios2eds/bin/gnu/h-x86_64-mingw32/bin/../lib/gcc/nios2-elf/5.3.0/../../../../../H-x86_64-mingw32/nios2-elf/lib/mno-hw-mul\libsmallc.a(lib_a-int_errno.o)
                0x0000000000005784                errno
 *(.sbss2 .sbss2.* .gnu.linkonce.sb2.*)
 *(.scommon)
                [!provide]                        PROVIDE (__sbss_end, ABSOLUTE (.))
                [!provide]                        PROVIDE (___sbss_end, ABSOLUTE (.))
 *(.dynbss)
 *(.bss .bss.* .gnu.linkonce.b.*)
 .bss           0x0000000000005788        0x0 ../Arbitration_Nios1_APP_bsp//obj/HAL/src/crt0.o
 .bss           0x0000000000005788        0x0 obj/default/main.o
 .bss           0x0000000000005788        0x0 ../Arbitration_Nios1_APP_bsp/\libhal_bsp.a(alt_load.o)
 .bss           0x0000000000005788        0x0 ../Arbitration_Nios1_APP_bsp/\libhal_bsp.a(alt_main.o)
 .bss           0x0000000000005788        0x0 ../Arbitration_Nios1_APP_bsp/\libhal_bsp.a(alt_sys_init.o)
 .bss           0x0000000000005788        0x0 ../Arbitration_Nios1_APP_bsp/\libhal_bsp.a(altera_avalon_jtag_uart_fd.o)
 .bss           0x0000000000005788        0x0 ../Arbitration_Nios1_APP_bsp/\libhal_bsp.a(altera_avalon_jtag_uart_read.o)
 .bss           0x0000000000005788        0x0 ../Arbitration_Nios1_APP_bsp/\libhal_bsp.a(altera_avalon_jtag_uart_write.o)
 .bss           0x0000000000005788        0x0 ../Arbitration_Nios1_APP_bsp/\libhal_bsp.a(alt_close.o)
 .bss           0x0000000000005788        0x0 ../Arbitration_Nios1_APP_bsp/\libhal_bsp.a(alt_dcache_flush_all.o)
 .bss           0x0000000000005788        0x0 ../Arbitration_Nios1_APP_bsp/\libhal_bsp.a(alt_dev.o)
 .bss           0x0000000000005788        0x0 ../Arbitration_Nios1_APP_bsp/\libhal_bsp.a(alt_dev_llist_insert.o)
 .bss           0x0000000000005788        0x0 ../Arbitration_Nios1_APP_bsp/\libhal_bsp.a(alt_errno.o)
 .bss           0x0000000000005788        0x0 ../Arbitration_Nios1_APP_bsp/\libhal_bsp.a(alt_icache_flush_all.o)
 .bss           0x0000000000005788        0x0 ../Arbitration_Nios1_APP_bsp/\libhal_bsp.a(alt_io_redirect.o)
 .bss           0x0000000000005788        0x0 ../Arbitration_Nios1_APP_bsp/\libhal_bsp.a(alt_open.o)
 .bss           0x0000000000005788        0x0 ../Arbitration_Nios1_APP_bsp/\libhal_bsp.a(alt_release_fd.o)
 .bss           0x0000000000005788        0x0 ../Arbitration_Nios1_APP_bsp/\libhal_bsp.a(altera_nios2_gen2_irq.o)
 .bss           0x0000000000005788        0x0 ../Arbitration_Nios1_APP_bsp/\libhal_bsp.a(alt_find_dev.o)
 .bss           0x0000000000005788        0x0 ../Arbitration_Nios1_APP_bsp/\libhal_bsp.a(alt_find_file.o)
 .bss           0x0000000000005788        0x0 ../Arbitration_Nios1_APP_bsp/\libhal_bsp.a(alt_get_fd.o)
 .bss           0x0000000000005788        0x0 c:/intelfpga/17.0/nios2eds/bin/gnu/h-x86_64-mingw32/bin/../lib/gcc/nios2-elf/5.3.0/../../../../../H-x86_64-mingw32/nios2-elf/lib/mno-hw-mul\libsmallc.a(lib_a-exit.o)
 .bss           0x0000000000005788        0x0 c:/intelfpga/17.0/nios2eds/bin/gnu/h-x86_64-mingw32/bin/../lib/gcc/nios2-elf/5.3.0/../../../../../H-x86_64-mingw32/nios2-elf/lib/mno-hw-mul\libsmallc.a(lib_a-int_errno.o)
 .bss           0x0000000000005788        0x0 c:/intelfpga/17.0/nios2eds/bin/gnu/h-x86_64-mingw32/bin/../lib/gcc/nios2-elf/5.3.0/../../../../../H-x86_64-mingw32/nios2-elf/lib/mno-hw-mul\libsmallc.a(lib_a-memcmp.o)
 .bss           0x0000000000005788        0x0 c:/intelfpga/17.0/nios2eds/bin/gnu/h-x86_64-mingw32/bin/../lib/gcc/nios2-elf/5.3.0/../../../../../H-x86_64-mingw32/nios2-elf/lib/mno-hw-mul\libsmallc.a(lib_a-strlen.o)
 .bss           0x0000000000005788        0x0 c:/intelfpga/17.0/nios2eds/bin/gnu/h-x86_64-mingw32/bin/../lib/gcc/nios2-elf/5.3.0/../../../../../H-x86_64-mingw32/nios2-elf/lib/mno-hw-mul\libsmallc.a(lib_a-__call_atexit.o)
 .bss           0x0000000000005788        0x0 c:/intelfpga/17.0/nios2eds/bin/gnu/h-x86_64-mingw32/bin/../lib/gcc/nios2-elf/5.3.0/../../../../../H-x86_64-mingw32/nios2-elf/lib/mno-hw-mul\libsmallc.a(lib_a-impure.o)
 .bss           0x0000000000005788        0x0 c:/intelfpga/17.0/nios2eds/bin/gnu/h-x86_64-mingw32/bin/../lib/gcc/nios2-elf/5.3.0/mno-hw-mul\libgcc.a(lib2-mul.o)
 .bss           0x0000000000005788        0x0 ../Arbitration_Nios1_APP_bsp/\libhal_bsp.a(alt_exit.o)
 *(COMMON)
                0x0000000000005788                . = ALIGN (0x4)
                0x0000000000005788                __bss_end = ABSOLUTE (.)

.onchip_memory2_1
                0x0000000000005788        0x0
                [!provide]                        PROVIDE (_alt_partition_onchip_memory2_1_start, ABSOLUTE (.))
 *(.onchip_memory2_1 .onchip_memory2_1. onchip_memory2_1.*)
                0x0000000000005788                . = ALIGN (0x4)
                [!provide]                        PROVIDE (_alt_partition_onchip_memory2_1_end, ABSOLUTE (.))
                0x0000000000005788                _end = ABSOLUTE (.)
                0x0000000000005788                end = ABSOLUTE (.)
                0x0000000000005788                __alt_stack_base = ABSOLUTE (.)
                [!provide]                        PROVIDE (_alt_partition_onchip_memory2_1_load_addr, LOADADDR (.onchip_memory2_1))

.stab
 *(.stab)

.stabstr
 *(.stabstr)

.stab.excl
 *(.stab.excl)

.stab.exclstr
 *(.stab.exclstr)

.stab.index
 *(.stab.index)

.stab.indexstr
 *(.stab.indexstr)

.comment        0x0000000000000000       0x23
 *(.comment)
 .comment       0x0000000000000000       0x23 obj/default/main.o
                                         0x24 (size before relaxing)
 .comment       0x0000000000000023       0x24 ../Arbitration_Nios1_APP_bsp/\libhal_bsp.a(alt_load.o)
 .comment       0x0000000000000023       0x24 ../Arbitration_Nios1_APP_bsp/\libhal_bsp.a(alt_main.o)
 .comment       0x0000000000000023       0x24 ../Arbitration_Nios1_APP_bsp/\libhal_bsp.a(alt_sys_init.o)
 .comment       0x0000000000000023       0x24 ../Arbitration_Nios1_APP_bsp/\libhal_bsp.a(altera_avalon_jtag_uart_fd.o)
 .comment       0x0000000000000023       0x24 ../Arbitration_Nios1_APP_bsp/\libhal_bsp.a(altera_avalon_jtag_uart_read.o)
 .comment       0x0000000000000023       0x24 ../Arbitration_Nios1_APP_bsp/\libhal_bsp.a(altera_avalon_jtag_uart_write.o)
 .comment       0x0000000000000023       0x24 ../Arbitration_Nios1_APP_bsp/\libhal_bsp.a(alt_close.o)
 .comment       0x0000000000000023       0x24 ../Arbitration_Nios1_APP_bsp/\libhal_bsp.a(alt_dcache_flush_all.o)
 .comment       0x0000000000000023       0x24 ../Arbitration_Nios1_APP_bsp/\libhal_bsp.a(alt_dev.o)
 .comment       0x0000000000000023       0x24 ../Arbitration_Nios1_APP_bsp/\libhal_bsp.a(alt_dev_llist_insert.o)
 .comment       0x0000000000000023       0x24 ../Arbitration_Nios1_APP_bsp/\libhal_bsp.a(alt_errno.o)
 .comment       0x0000000000000023       0x24 ../Arbitration_Nios1_APP_bsp/\libhal_bsp.a(alt_icache_flush_all.o)
 .comment       0x0000000000000023       0x24 ../Arbitration_Nios1_APP_bsp/\libhal_bsp.a(alt_io_redirect.o)
 .comment       0x0000000000000023       0x24 ../Arbitration_Nios1_APP_bsp/\libhal_bsp.a(alt_open.o)
 .comment       0x0000000000000023       0x24 ../Arbitration_Nios1_APP_bsp/\libhal_bsp.a(alt_release_fd.o)
 .comment       0x0000000000000023       0x24 ../Arbitration_Nios1_APP_bsp/\libhal_bsp.a(altera_nios2_gen2_irq.o)
 .comment       0x0000000000000023       0x24 ../Arbitration_Nios1_APP_bsp/\libhal_bsp.a(alt_find_dev.o)
 .comment       0x0000000000000023       0x24 ../Arbitration_Nios1_APP_bsp/\libhal_bsp.a(alt_find_file.o)
 .comment       0x0000000000000023       0x24 ../Arbitration_Nios1_APP_bsp/\libhal_bsp.a(alt_get_fd.o)
 .comment       0x0000000000000023       0x24 c:/intelfpga/17.0/nios2eds/bin/gnu/h-x86_64-mingw32/bin/../lib/gcc/nios2-elf/5.3.0/../../../../../H-x86_64-mingw32/nios2-elf/lib/mno-hw-mul\libsmallc.a(lib_a-exit.o)
 .comment       0x0000000000000023       0x24 c:/intelfpga/17.0/nios2eds/bin/gnu/h-x86_64-mingw32/bin/../lib/gcc/nios2-elf/5.3.0/../../../../../H-x86_64-mingw32/nios2-elf/lib/mno-hw-mul\libsmallc.a(lib_a-int_errno.o)
 .comment       0x0000000000000023       0x24 c:/intelfpga/17.0/nios2eds/bin/gnu/h-x86_64-mingw32/bin/../lib/gcc/nios2-elf/5.3.0/../../../../../H-x86_64-mingw32/nios2-elf/lib/mno-hw-mul\libsmallc.a(lib_a-memcmp.o)
 .comment       0x0000000000000023       0x24 c:/intelfpga/17.0/nios2eds/bin/gnu/h-x86_64-mingw32/bin/../lib/gcc/nios2-elf/5.3.0/../../../../../H-x86_64-mingw32/nios2-elf/lib/mno-hw-mul\libsmallc.a(lib_a-strlen.o)
 .comment       0x0000000000000023       0x24 c:/intelfpga/17.0/nios2eds/bin/gnu/h-x86_64-mingw32/bin/../lib/gcc/nios2-elf/5.3.0/../../../../../H-x86_64-mingw32/nios2-elf/lib/mno-hw-mul\libsmallc.a(lib_a-__call_atexit.o)
 .comment       0x0000000000000023       0x24 c:/intelfpga/17.0/nios2eds/bin/gnu/h-x86_64-mingw32/bin/../lib/gcc/nios2-elf/5.3.0/../../../../../H-x86_64-mingw32/nios2-elf/lib/mno-hw-mul\libsmallc.a(lib_a-impure.o)
 .comment       0x0000000000000023       0x24 c:/intelfpga/17.0/nios2eds/bin/gnu/h-x86_64-mingw32/bin/../lib/gcc/nios2-elf/5.3.0/mno-hw-mul\libgcc.a(lib2-mul.o)
 .comment       0x0000000000000023       0x24 ../Arbitration_Nios1_APP_bsp/\libhal_bsp.a(alt_exit.o)

.debug
 *(.debug)

.line
 *(.line)

.debug_srcinfo
 *(.debug_srcinfo)

.debug_sfnames
 *(.debug_sfnames)

.debug_aranges  0x0000000000000000      0x390
 *(.debug_aranges)
 .debug_aranges
                0x0000000000000000       0x28 ../Arbitration_Nios1_APP_bsp//obj/HAL/src/crt0.o
 .debug_aranges
                0x0000000000000028       0x20 obj/default/main.o
 .debug_aranges
                0x0000000000000048       0x20 ../Arbitration_Nios1_APP_bsp/\libhal_bsp.a(alt_load.o)
 .debug_aranges
                0x0000000000000068       0x20 ../Arbitration_Nios1_APP_bsp/\libhal_bsp.a(alt_main.o)
 .debug_aranges
                0x0000000000000088       0x20 ../Arbitration_Nios1_APP_bsp/\libhal_bsp.a(alt_sys_init.o)
 .debug_aranges
                0x00000000000000a8       0x20 ../Arbitration_Nios1_APP_bsp/\libhal_bsp.a(altera_avalon_jtag_uart_fd.o)
 .debug_aranges
                0x00000000000000c8       0x20 ../Arbitration_Nios1_APP_bsp/\libhal_bsp.a(altera_avalon_jtag_uart_read.o)
 .debug_aranges
                0x00000000000000e8       0x20 ../Arbitration_Nios1_APP_bsp/\libhal_bsp.a(altera_avalon_jtag_uart_write.o)
 .debug_aranges
                0x0000000000000108       0x20 ../Arbitration_Nios1_APP_bsp/\libhal_bsp.a(alt_close.o)
 .debug_aranges
                0x0000000000000128       0x20 ../Arbitration_Nios1_APP_bsp/\libhal_bsp.a(alt_dcache_flush_all.o)
 .debug_aranges
                0x0000000000000148       0x20 ../Arbitration_Nios1_APP_bsp/\libhal_bsp.a(alt_dev.o)
 .debug_aranges
                0x0000000000000168       0x20 ../Arbitration_Nios1_APP_bsp/\libhal_bsp.a(alt_dev_llist_insert.o)
 .debug_aranges
                0x0000000000000188       0x18 ../Arbitration_Nios1_APP_bsp/\libhal_bsp.a(alt_errno.o)
 .debug_aranges
                0x00000000000001a0       0x20 ../Arbitration_Nios1_APP_bsp/\libhal_bsp.a(alt_icache_flush_all.o)
 .debug_aranges
                0x00000000000001c0       0x20 ../Arbitration_Nios1_APP_bsp/\libhal_bsp.a(alt_io_redirect.o)
 .debug_aranges
                0x00000000000001e0       0x20 ../Arbitration_Nios1_APP_bsp/\libhal_bsp.a(alt_open.o)
 .debug_aranges
                0x0000000000000200       0x20 ../Arbitration_Nios1_APP_bsp/\libhal_bsp.a(alt_release_fd.o)
 .debug_aranges
                0x0000000000000220       0x20 ../Arbitration_Nios1_APP_bsp/\libhal_bsp.a(altera_nios2_gen2_irq.o)
 .debug_aranges
                0x0000000000000240       0x20 ../Arbitration_Nios1_APP_bsp/\libhal_bsp.a(alt_find_dev.o)
 .debug_aranges
                0x0000000000000260       0x20 ../Arbitration_Nios1_APP_bsp/\libhal_bsp.a(alt_find_file.o)
 .debug_aranges
                0x0000000000000280       0x20 ../Arbitration_Nios1_APP_bsp/\libhal_bsp.a(alt_get_fd.o)
 .debug_aranges
                0x00000000000002a0       0x20 c:/intelfpga/17.0/nios2eds/bin/gnu/h-x86_64-mingw32/bin/../lib/gcc/nios2-elf/5.3.0/../../../../../H-x86_64-mingw32/nios2-elf/lib/mno-hw-mul\libsmallc.a(lib_a-exit.o)
 .debug_aranges
                0x00000000000002c0       0x18 c:/intelfpga/17.0/nios2eds/bin/gnu/h-x86_64-mingw32/bin/../lib/gcc/nios2-elf/5.3.0/../../../../../H-x86_64-mingw32/nios2-elf/lib/mno-hw-mul\libsmallc.a(lib_a-int_errno.o)
 .debug_aranges
                0x00000000000002d8       0x20 c:/intelfpga/17.0/nios2eds/bin/gnu/h-x86_64-mingw32/bin/../lib/gcc/nios2-elf/5.3.0/../../../../../H-x86_64-mingw32/nios2-elf/lib/mno-hw-mul\libsmallc.a(lib_a-memcmp.o)
 .debug_aranges
                0x00000000000002f8       0x20 c:/intelfpga/17.0/nios2eds/bin/gnu/h-x86_64-mingw32/bin/../lib/gcc/nios2-elf/5.3.0/../../../../../H-x86_64-mingw32/nios2-elf/lib/mno-hw-mul\libsmallc.a(lib_a-strlen.o)
 .debug_aranges
                0x0000000000000318       0x20 c:/intelfpga/17.0/nios2eds/bin/gnu/h-x86_64-mingw32/bin/../lib/gcc/nios2-elf/5.3.0/../../../../../H-x86_64-mingw32/nios2-elf/lib/mno-hw-mul\libsmallc.a(lib_a-__call_atexit.o)
 .debug_aranges
                0x0000000000000338       0x18 c:/intelfpga/17.0/nios2eds/bin/gnu/h-x86_64-mingw32/bin/../lib/gcc/nios2-elf/5.3.0/../../../../../H-x86_64-mingw32/nios2-elf/lib/mno-hw-mul\libsmallc.a(lib_a-impure.o)
 .debug_aranges
                0x0000000000000350       0x20 c:/intelfpga/17.0/nios2eds/bin/gnu/h-x86_64-mingw32/bin/../lib/gcc/nios2-elf/5.3.0/mno-hw-mul\libgcc.a(lib2-mul.o)
 .debug_aranges
                0x0000000000000370       0x20 ../Arbitration_Nios1_APP_bsp/\libhal_bsp.a(alt_exit.o)

.debug_pubnames
 *(.debug_pubnames)

.debug_info     0x0000000000000000     0x3faa
 *(.debug_info .gnu.linkonce.wi.*)
 .debug_info    0x0000000000000000       0x7e ../Arbitration_Nios1_APP_bsp//obj/HAL/src/crt0.o
 .debug_info    0x000000000000007e      0x15e obj/default/main.o
 .debug_info    0x00000000000001dc      0x145 ../Arbitration_Nios1_APP_bsp/\libhal_bsp.a(alt_load.o)
 .debug_info    0x0000000000000321      0x131 ../Arbitration_Nios1_APP_bsp/\libhal_bsp.a(alt_main.o)
 .debug_info    0x0000000000000452      0x3c9 ../Arbitration_Nios1_APP_bsp/\libhal_bsp.a(alt_sys_init.o)
 .debug_info    0x000000000000081b      0x3a7 ../Arbitration_Nios1_APP_bsp/\libhal_bsp.a(altera_avalon_jtag_uart_fd.o)
 .debug_info    0x0000000000000bc2      0x1b2 ../Arbitration_Nios1_APP_bsp/\libhal_bsp.a(altera_avalon_jtag_uart_read.o)
 .debug_info    0x0000000000000d74      0x195 ../Arbitration_Nios1_APP_bsp/\libhal_bsp.a(altera_avalon_jtag_uart_write.o)
 .debug_info    0x0000000000000f09      0x321 ../Arbitration_Nios1_APP_bsp/\libhal_bsp.a(alt_close.o)
 .debug_info    0x000000000000122a       0x92 ../Arbitration_Nios1_APP_bsp/\libhal_bsp.a(alt_dcache_flush_all.o)
 .debug_info    0x00000000000012bc      0x49c ../Arbitration_Nios1_APP_bsp/\libhal_bsp.a(alt_dev.o)
 .debug_info    0x0000000000001758      0x1a9 ../Arbitration_Nios1_APP_bsp/\libhal_bsp.a(alt_dev_llist_insert.o)
 .debug_info    0x0000000000001901       0xa6 ../Arbitration_Nios1_APP_bsp/\libhal_bsp.a(alt_errno.o)
 .debug_info    0x00000000000019a7       0x92 ../Arbitration_Nios1_APP_bsp/\libhal_bsp.a(alt_icache_flush_all.o)
 .debug_info    0x0000000000001a39      0x4a5 ../Arbitration_Nios1_APP_bsp/\libhal_bsp.a(alt_io_redirect.o)
 .debug_info    0x0000000000001ede      0x3bb ../Arbitration_Nios1_APP_bsp/\libhal_bsp.a(alt_open.o)
 .debug_info    0x0000000000002299      0x2b0 ../Arbitration_Nios1_APP_bsp/\libhal_bsp.a(alt_release_fd.o)
 .debug_info    0x0000000000002549       0x92 ../Arbitration_Nios1_APP_bsp/\libhal_bsp.a(altera_nios2_gen2_irq.o)
 .debug_info    0x00000000000025db      0x2e9 ../Arbitration_Nios1_APP_bsp/\libhal_bsp.a(alt_find_dev.o)
 .debug_info    0x00000000000028c4      0x2e6 ../Arbitration_Nios1_APP_bsp/\libhal_bsp.a(alt_find_file.o)
 .debug_info    0x0000000000002baa      0x310 ../Arbitration_Nios1_APP_bsp/\libhal_bsp.a(alt_get_fd.o)
 .debug_info    0x0000000000002eba       0xe5 c:/intelfpga/17.0/nios2eds/bin/gnu/h-x86_64-mingw32/bin/../lib/gcc/nios2-elf/5.3.0/../../../../../H-x86_64-mingw32/nios2-elf/lib/mno-hw-mul\libsmallc.a(lib_a-exit.o)
 .debug_info    0x0000000000002f9f       0x8a c:/intelfpga/17.0/nios2eds/bin/gnu/h-x86_64-mingw32/bin/../lib/gcc/nios2-elf/5.3.0/../../../../../H-x86_64-mingw32/nios2-elf/lib/mno-hw-mul\libsmallc.a(lib_a-int_errno.o)
 .debug_info    0x0000000000003029       0xf4 c:/intelfpga/17.0/nios2eds/bin/gnu/h-x86_64-mingw32/bin/../lib/gcc/nios2-elf/5.3.0/../../../../../H-x86_64-mingw32/nios2-elf/lib/mno-hw-mul\libsmallc.a(lib_a-memcmp.o)
 .debug_info    0x000000000000311d       0xc9 c:/intelfpga/17.0/nios2eds/bin/gnu/h-x86_64-mingw32/bin/../lib/gcc/nios2-elf/5.3.0/../../../../../H-x86_64-mingw32/nios2-elf/lib/mno-hw-mul\libsmallc.a(lib_a-strlen.o)
 .debug_info    0x00000000000031e6      0x67b c:/intelfpga/17.0/nios2eds/bin/gnu/h-x86_64-mingw32/bin/../lib/gcc/nios2-elf/5.3.0/../../../../../H-x86_64-mingw32/nios2-elf/lib/mno-hw-mul\libsmallc.a(lib_a-__call_atexit.o)
 .debug_info    0x0000000000003861      0x5a9 c:/intelfpga/17.0/nios2eds/bin/gnu/h-x86_64-mingw32/bin/../lib/gcc/nios2-elf/5.3.0/../../../../../H-x86_64-mingw32/nios2-elf/lib/mno-hw-mul\libsmallc.a(lib_a-impure.o)
 .debug_info    0x0000000000003e0a       0xb4 c:/intelfpga/17.0/nios2eds/bin/gnu/h-x86_64-mingw32/bin/../lib/gcc/nios2-elf/5.3.0/mno-hw-mul\libgcc.a(lib2-mul.o)
 .debug_info    0x0000000000003ebe       0xec ../Arbitration_Nios1_APP_bsp/\libhal_bsp.a(alt_exit.o)

.debug_abbrev   0x0000000000000000     0x1682
 *(.debug_abbrev)
 .debug_abbrev  0x0000000000000000       0x12 ../Arbitration_Nios1_APP_bsp//obj/HAL/src/crt0.o
 .debug_abbrev  0x0000000000000012       0xb4 obj/default/main.o
 .debug_abbrev  0x00000000000000c6       0x9f ../Arbitration_Nios1_APP_bsp/\libhal_bsp.a(alt_load.o)
 .debug_abbrev  0x0000000000000165       0xba ../Arbitration_Nios1_APP_bsp/\libhal_bsp.a(alt_main.o)
 .debug_abbrev  0x000000000000021f      0x157 ../Arbitration_Nios1_APP_bsp/\libhal_bsp.a(alt_sys_init.o)
 .debug_abbrev  0x0000000000000376       0xf7 ../Arbitration_Nios1_APP_bsp/\libhal_bsp.a(altera_avalon_jtag_uart_fd.o)
 .debug_abbrev  0x000000000000046d       0xd5 ../Arbitration_Nios1_APP_bsp/\libhal_bsp.a(altera_avalon_jtag_uart_read.o)
 .debug_abbrev  0x0000000000000542       0xd5 ../Arbitration_Nios1_APP_bsp/\libhal_bsp.a(altera_avalon_jtag_uart_write.o)
 .debug_abbrev  0x0000000000000617      0x11f ../Arbitration_Nios1_APP_bsp/\libhal_bsp.a(alt_close.o)
 .debug_abbrev  0x0000000000000736       0x42 ../Arbitration_Nios1_APP_bsp/\libhal_bsp.a(alt_dcache_flush_all.o)
 .debug_abbrev  0x0000000000000778       0xd9 ../Arbitration_Nios1_APP_bsp/\libhal_bsp.a(alt_dev.o)
 .debug_abbrev  0x0000000000000851      0x114 ../Arbitration_Nios1_APP_bsp/\libhal_bsp.a(alt_dev_llist_insert.o)
 .debug_abbrev  0x0000000000000965       0x5a ../Arbitration_Nios1_APP_bsp/\libhal_bsp.a(alt_errno.o)
 .debug_abbrev  0x00000000000009bf       0x42 ../Arbitration_Nios1_APP_bsp/\libhal_bsp.a(alt_icache_flush_all.o)
 .debug_abbrev  0x0000000000000a01      0x114 ../Arbitration_Nios1_APP_bsp/\libhal_bsp.a(alt_io_redirect.o)
 .debug_abbrev  0x0000000000000b15      0x148 ../Arbitration_Nios1_APP_bsp/\libhal_bsp.a(alt_open.o)
 .debug_abbrev  0x0000000000000c5d       0xde ../Arbitration_Nios1_APP_bsp/\libhal_bsp.a(alt_release_fd.o)
 .debug_abbrev  0x0000000000000d3b       0x42 ../Arbitration_Nios1_APP_bsp/\libhal_bsp.a(altera_nios2_gen2_irq.o)
 .debug_abbrev  0x0000000000000d7d       0xf0 ../Arbitration_Nios1_APP_bsp/\libhal_bsp.a(alt_find_dev.o)
 .debug_abbrev  0x0000000000000e6d       0xf0 ../Arbitration_Nios1_APP_bsp/\libhal_bsp.a(alt_find_file.o)
 .debug_abbrev  0x0000000000000f5d      0x10d ../Arbitration_Nios1_APP_bsp/\libhal_bsp.a(alt_get_fd.o)
 .debug_abbrev  0x000000000000106a       0x8b c:/intelfpga/17.0/nios2eds/bin/gnu/h-x86_64-mingw32/bin/../lib/gcc/nios2-elf/5.3.0/../../../../../H-x86_64-mingw32/nios2-elf/lib/mno-hw-mul\libsmallc.a(lib_a-exit.o)
 .debug_abbrev  0x00000000000010f5       0x37 c:/intelfpga/17.0/nios2eds/bin/gnu/h-x86_64-mingw32/bin/../lib/gcc/nios2-elf/5.3.0/../../../../../H-x86_64-mingw32/nios2-elf/lib/mno-hw-mul\libsmallc.a(lib_a-int_errno.o)
 .debug_abbrev  0x000000000000112c       0x7f c:/intelfpga/17.0/nios2eds/bin/gnu/h-x86_64-mingw32/bin/../lib/gcc/nios2-elf/5.3.0/../../../../../H-x86_64-mingw32/nios2-elf/lib/mno-hw-mul\libsmallc.a(lib_a-memcmp.o)
 .debug_abbrev  0x00000000000011ab       0x7f c:/intelfpga/17.0/nios2eds/bin/gnu/h-x86_64-mingw32/bin/../lib/gcc/nios2-elf/5.3.0/../../../../../H-x86_64-mingw32/nios2-elf/lib/mno-hw-mul\libsmallc.a(lib_a-strlen.o)
 .debug_abbrev  0x000000000000122a      0x1f6 c:/intelfpga/17.0/nios2eds/bin/gnu/h-x86_64-mingw32/bin/../lib/gcc/nios2-elf/5.3.0/../../../../../H-x86_64-mingw32/nios2-elf/lib/mno-hw-mul\libsmallc.a(lib_a-__call_atexit.o)
 .debug_abbrev  0x0000000000001420      0x14a c:/intelfpga/17.0/nios2eds/bin/gnu/h-x86_64-mingw32/bin/../lib/gcc/nios2-elf/5.3.0/../../../../../H-x86_64-mingw32/nios2-elf/lib/mno-hw-mul\libsmallc.a(lib_a-impure.o)
 .debug_abbrev  0x000000000000156a       0x6f c:/intelfpga/17.0/nios2eds/bin/gnu/h-x86_64-mingw32/bin/../lib/gcc/nios2-elf/5.3.0/mno-hw-mul\libgcc.a(lib2-mul.o)
 .debug_abbrev  0x00000000000015d9       0xa9 ../Arbitration_Nios1_APP_bsp/\libhal_bsp.a(alt_exit.o)

.debug_line     0x0000000000000000     0x18d2
 *(.debug_line)
 .debug_line    0x0000000000000000       0x66 ../Arbitration_Nios1_APP_bsp//obj/HAL/src/crt0.o
 .debug_line    0x0000000000000066       0x5d obj/default/main.o
 .debug_line    0x00000000000000c3       0x8e ../Arbitration_Nios1_APP_bsp/\libhal_bsp.a(alt_load.o)
 .debug_line    0x0000000000000151       0x9e ../Arbitration_Nios1_APP_bsp/\libhal_bsp.a(alt_main.o)
 .debug_line    0x00000000000001ef      0x127 ../Arbitration_Nios1_APP_bsp/\libhal_bsp.a(alt_sys_init.o)
 .debug_line    0x0000000000000316      0x112 ../Arbitration_Nios1_APP_bsp/\libhal_bsp.a(altera_avalon_jtag_uart_fd.o)
 .debug_line    0x0000000000000428       0xfd ../Arbitration_Nios1_APP_bsp/\libhal_bsp.a(altera_avalon_jtag_uart_read.o)
 .debug_line    0x0000000000000525       0xf4 ../Arbitration_Nios1_APP_bsp/\libhal_bsp.a(altera_avalon_jtag_uart_write.o)
 .debug_line    0x0000000000000619      0x160 ../Arbitration_Nios1_APP_bsp/\libhal_bsp.a(alt_close.o)
 .debug_line    0x0000000000000779       0x51 ../Arbitration_Nios1_APP_bsp/\libhal_bsp.a(alt_dcache_flush_all.o)
 .debug_line    0x00000000000007ca       0xf3 ../Arbitration_Nios1_APP_bsp/\libhal_bsp.a(alt_dev.o)
 .debug_line    0x00000000000008bd       0xcf ../Arbitration_Nios1_APP_bsp/\libhal_bsp.a(alt_dev_llist_insert.o)
 .debug_line    0x000000000000098c       0x51 ../Arbitration_Nios1_APP_bsp/\libhal_bsp.a(alt_errno.o)
 .debug_line    0x00000000000009dd       0x4f ../Arbitration_Nios1_APP_bsp/\libhal_bsp.a(alt_icache_flush_all.o)
 .debug_line    0x0000000000000a2c      0x130 ../Arbitration_Nios1_APP_bsp/\libhal_bsp.a(alt_io_redirect.o)
 .debug_line    0x0000000000000b5c      0x12b ../Arbitration_Nios1_APP_bsp/\libhal_bsp.a(alt_open.o)
 .debug_line    0x0000000000000c87       0xb0 ../Arbitration_Nios1_APP_bsp/\libhal_bsp.a(alt_release_fd.o)
 .debug_line    0x0000000000000d37       0x51 ../Arbitration_Nios1_APP_bsp/\libhal_bsp.a(altera_nios2_gen2_irq.o)
 .debug_line    0x0000000000000d88       0xb5 ../Arbitration_Nios1_APP_bsp/\libhal_bsp.a(alt_find_dev.o)
 .debug_line    0x0000000000000e3d       0xd1 ../Arbitration_Nios1_APP_bsp/\libhal_bsp.a(alt_find_file.o)
 .debug_line    0x0000000000000f0e       0xd7 ../Arbitration_Nios1_APP_bsp/\libhal_bsp.a(alt_get_fd.o)
 .debug_line    0x0000000000000fe5      0x159 c:/intelfpga/17.0/nios2eds/bin/gnu/h-x86_64-mingw32/bin/../lib/gcc/nios2-elf/5.3.0/../../../../../H-x86_64-mingw32/nios2-elf/lib/mno-hw-mul\libsmallc.a(lib_a-exit.o)
 .debug_line    0x000000000000113e       0x5f c:/intelfpga/17.0/nios2eds/bin/gnu/h-x86_64-mingw32/bin/../lib/gcc/nios2-elf/5.3.0/../../../../../H-x86_64-mingw32/nios2-elf/lib/mno-hw-mul\libsmallc.a(lib_a-int_errno.o)
 .debug_line    0x000000000000119d      0x160 c:/intelfpga/17.0/nios2eds/bin/gnu/h-x86_64-mingw32/bin/../lib/gcc/nios2-elf/5.3.0/../../../../../H-x86_64-mingw32/nios2-elf/lib/mno-hw-mul\libsmallc.a(lib_a-memcmp.o)
 .debug_line    0x00000000000012fd      0x15c c:/intelfpga/17.0/nios2eds/bin/gnu/h-x86_64-mingw32/bin/../lib/gcc/nios2-elf/5.3.0/../../../../../H-x86_64-mingw32/nios2-elf/lib/mno-hw-mul\libsmallc.a(lib_a-strlen.o)
 .debug_line    0x0000000000001459      0x232 c:/intelfpga/17.0/nios2eds/bin/gnu/h-x86_64-mingw32/bin/../lib/gcc/nios2-elf/5.3.0/../../../../../H-x86_64-mingw32/nios2-elf/lib/mno-hw-mul\libsmallc.a(lib_a-__call_atexit.o)
 .debug_line    0x000000000000168b      0x156 c:/intelfpga/17.0/nios2eds/bin/gnu/h-x86_64-mingw32/bin/../lib/gcc/nios2-elf/5.3.0/../../../../../H-x86_64-mingw32/nios2-elf/lib/mno-hw-mul\libsmallc.a(lib_a-impure.o)
 .debug_line    0x00000000000017e1       0x80 c:/intelfpga/17.0/nios2eds/bin/gnu/h-x86_64-mingw32/bin/../lib/gcc/nios2-elf/5.3.0/mno-hw-mul\libgcc.a(lib2-mul.o)
 .debug_line    0x0000000000001861       0x71 ../Arbitration_Nios1_APP_bsp/\libhal_bsp.a(alt_exit.o)

.debug_frame    0x0000000000000000      0x698
 *(.debug_frame)
 .debug_frame   0x0000000000000000       0x50 obj/default/main.o
 .debug_frame   0x0000000000000050       0x5c ../Arbitration_Nios1_APP_bsp/\libhal_bsp.a(alt_load.o)
 .debug_frame   0x00000000000000ac       0x2c ../Arbitration_Nios1_APP_bsp/\libhal_bsp.a(alt_main.o)
 .debug_frame   0x00000000000000d8       0x88 ../Arbitration_Nios1_APP_bsp/\libhal_bsp.a(alt_sys_init.o)
 .debug_frame   0x0000000000000160       0x60 ../Arbitration_Nios1_APP_bsp/\libhal_bsp.a(altera_avalon_jtag_uart_fd.o)
 .debug_frame   0x00000000000001c0       0x34 ../Arbitration_Nios1_APP_bsp/\libhal_bsp.a(altera_avalon_jtag_uart_read.o)
 .debug_frame   0x00000000000001f4       0x34 ../Arbitration_Nios1_APP_bsp/\libhal_bsp.a(altera_avalon_jtag_uart_write.o)
 .debug_frame   0x0000000000000228       0x60 ../Arbitration_Nios1_APP_bsp/\libhal_bsp.a(alt_close.o)
 .debug_frame   0x0000000000000288       0x34 ../Arbitration_Nios1_APP_bsp/\libhal_bsp.a(alt_dcache_flush_all.o)
 .debug_frame   0x00000000000002bc       0x34 ../Arbitration_Nios1_APP_bsp/\libhal_bsp.a(alt_dev.o)
 .debug_frame   0x00000000000002f0       0x60 ../Arbitration_Nios1_APP_bsp/\libhal_bsp.a(alt_dev_llist_insert.o)
 .debug_frame   0x0000000000000350       0x34 ../Arbitration_Nios1_APP_bsp/\libhal_bsp.a(alt_icache_flush_all.o)
 .debug_frame   0x0000000000000384       0x64 ../Arbitration_Nios1_APP_bsp/\libhal_bsp.a(alt_io_redirect.o)
 .debug_frame   0x00000000000003e8       0x8c ../Arbitration_Nios1_APP_bsp/\libhal_bsp.a(alt_open.o)
 .debug_frame   0x0000000000000474       0x3c ../Arbitration_Nios1_APP_bsp/\libhal_bsp.a(alt_release_fd.o)
 .debug_frame   0x00000000000004b0       0x34 ../Arbitration_Nios1_APP_bsp/\libhal_bsp.a(altera_nios2_gen2_irq.o)
 .debug_frame   0x00000000000004e4       0x38 ../Arbitration_Nios1_APP_bsp/\libhal_bsp.a(alt_find_dev.o)
 .debug_frame   0x000000000000051c       0x38 ../Arbitration_Nios1_APP_bsp/\libhal_bsp.a(alt_find_file.o)
 .debug_frame   0x0000000000000554       0x3c ../Arbitration_Nios1_APP_bsp/\libhal_bsp.a(alt_get_fd.o)
 .debug_frame   0x0000000000000590       0x28 c:/intelfpga/17.0/nios2eds/bin/gnu/h-x86_64-mingw32/bin/../lib/gcc/nios2-elf/5.3.0/../../../../../H-x86_64-mingw32/nios2-elf/lib/mno-hw-mul\libsmallc.a(lib_a-exit.o)
 .debug_frame   0x00000000000005b8       0x20 c:/intelfpga/17.0/nios2eds/bin/gnu/h-x86_64-mingw32/bin/../lib/gcc/nios2-elf/5.3.0/../../../../../H-x86_64-mingw32/nios2-elf/lib/mno-hw-mul\libsmallc.a(lib_a-memcmp.o)
 .debug_frame   0x00000000000005d8       0x20 c:/intelfpga/17.0/nios2eds/bin/gnu/h-x86_64-mingw32/bin/../lib/gcc/nios2-elf/5.3.0/../../../../../H-x86_64-mingw32/nios2-elf/lib/mno-hw-mul\libsmallc.a(lib_a-strlen.o)
 .debug_frame   0x00000000000005f8       0x54 c:/intelfpga/17.0/nios2eds/bin/gnu/h-x86_64-mingw32/bin/../lib/gcc/nios2-elf/5.3.0/../../../../../H-x86_64-mingw32/nios2-elf/lib/mno-hw-mul\libsmallc.a(lib_a-__call_atexit.o)
 .debug_frame   0x000000000000064c       0x20 c:/intelfpga/17.0/nios2eds/bin/gnu/h-x86_64-mingw32/bin/../lib/gcc/nios2-elf/5.3.0/mno-hw-mul\libgcc.a(lib2-mul.o)
 .debug_frame   0x000000000000066c       0x2c ../Arbitration_Nios1_APP_bsp/\libhal_bsp.a(alt_exit.o)

.debug_str      0x0000000000000000     0x10f7
 *(.debug_str)
 .debug_str     0x0000000000000000      0x149 obj/default/main.o
                                        0x194 (size before relaxing)
 .debug_str     0x0000000000000149      0x13b ../Arbitration_Nios1_APP_bsp/\libhal_bsp.a(alt_load.o)
                                        0x222 (size before relaxing)
 .debug_str     0x0000000000000284       0x70 ../Arbitration_Nios1_APP_bsp/\libhal_bsp.a(alt_main.o)
                                        0x1ad (size before relaxing)
 .debug_str     0x00000000000002f4      0x15e ../Arbitration_Nios1_APP_bsp/\libhal_bsp.a(alt_sys_init.o)
                                        0x2e4 (size before relaxing)
 .debug_str     0x0000000000000452       0x71 ../Arbitration_Nios1_APP_bsp/\libhal_bsp.a(altera_avalon_jtag_uart_fd.o)
                                        0x2e5 (size before relaxing)
 .debug_str     0x00000000000004c3       0x48 ../Arbitration_Nios1_APP_bsp/\libhal_bsp.a(altera_avalon_jtag_uart_read.o)
                                        0x22f (size before relaxing)
 .debug_str     0x000000000000050b       0x4a ../Arbitration_Nios1_APP_bsp/\libhal_bsp.a(altera_avalon_jtag_uart_write.o)
                                        0x225 (size before relaxing)
 .debug_str     0x0000000000000555       0x44 ../Arbitration_Nios1_APP_bsp/\libhal_bsp.a(alt_close.o)
                                        0x21b (size before relaxing)
 .debug_str     0x0000000000000599       0x34 ../Arbitration_Nios1_APP_bsp/\libhal_bsp.a(alt_dcache_flush_all.o)
                                        0x165 (size before relaxing)
 .debug_str     0x00000000000005cd      0x120 ../Arbitration_Nios1_APP_bsp/\libhal_bsp.a(alt_dev.o)
                                        0x315 (size before relaxing)
 .debug_str     0x00000000000006ed       0x4b ../Arbitration_Nios1_APP_bsp/\libhal_bsp.a(alt_dev_llist_insert.o)
                                        0x1dc (size before relaxing)
 .debug_str     0x0000000000000738       0x14 ../Arbitration_Nios1_APP_bsp/\libhal_bsp.a(alt_errno.o)
                                        0x155 (size before relaxing)
 .debug_str     0x000000000000074c       0x34 ../Arbitration_Nios1_APP_bsp/\libhal_bsp.a(alt_icache_flush_all.o)
                                        0x165 (size before relaxing)
 .debug_str     0x0000000000000780       0x56 ../Arbitration_Nios1_APP_bsp/\libhal_bsp.a(alt_io_redirect.o)
                                        0x326 (size before relaxing)
 .debug_str     0x00000000000007d6       0x36 ../Arbitration_Nios1_APP_bsp/\libhal_bsp.a(alt_open.o)
                                        0x25b (size before relaxing)
 .debug_str     0x000000000000080c       0x28 ../Arbitration_Nios1_APP_bsp/\libhal_bsp.a(alt_release_fd.o)
                                        0x1e3 (size before relaxing)
 .debug_str     0x0000000000000834       0x3b ../Arbitration_Nios1_APP_bsp/\libhal_bsp.a(altera_nios2_gen2_irq.o)
                                        0x16c (size before relaxing)
 .debug_str     0x000000000000086f       0x24 ../Arbitration_Nios1_APP_bsp/\libhal_bsp.a(alt_find_dev.o)
                                        0x1fc (size before relaxing)
 .debug_str     0x0000000000000893       0x26 ../Arbitration_Nios1_APP_bsp/\libhal_bsp.a(alt_find_file.o)
                                        0x20a (size before relaxing)
 .debug_str     0x00000000000008b9       0x30 ../Arbitration_Nios1_APP_bsp/\libhal_bsp.a(alt_get_fd.o)
                                        0x22c (size before relaxing)
 .debug_str     0x00000000000008e9      0x142 c:/intelfpga/17.0/nios2eds/bin/gnu/h-x86_64-mingw32/bin/../lib/gcc/nios2-elf/5.3.0/../../../../../H-x86_64-mingw32/nios2-elf/lib/mno-hw-mul\libsmallc.a(lib_a-exit.o)
                                        0x1f0 (size before relaxing)
 .debug_str     0x0000000000000a2b       0xd3 c:/intelfpga/17.0/nios2eds/bin/gnu/h-x86_64-mingw32/bin/../lib/gcc/nios2-elf/5.3.0/../../../../../H-x86_64-mingw32/nios2-elf/lib/mno-hw-mul\libsmallc.a(lib_a-int_errno.o)
                                        0x1d8 (size before relaxing)
 .debug_str     0x0000000000000afe       0xe0 c:/intelfpga/17.0/nios2eds/bin/gnu/h-x86_64-mingw32/bin/../lib/gcc/nios2-elf/5.3.0/../../../../../H-x86_64-mingw32/nios2-elf/lib/mno-hw-mul\libsmallc.a(lib_a-memcmp.o)
                                        0x1df (size before relaxing)
 .debug_str     0x0000000000000bde       0x44 c:/intelfpga/17.0/nios2eds/bin/gnu/h-x86_64-mingw32/bin/../lib/gcc/nios2-elf/5.3.0/../../../../../H-x86_64-mingw32/nios2-elf/lib/mno-hw-mul\libsmallc.a(lib_a-strlen.o)
                                        0x1e5 (size before relaxing)
 .debug_str     0x0000000000000c22      0x31b c:/intelfpga/17.0/nios2eds/bin/gnu/h-x86_64-mingw32/bin/../lib/gcc/nios2-elf/5.3.0/../../../../../H-x86_64-mingw32/nios2-elf/lib/mno-hw-mul\libsmallc.a(lib_a-__call_atexit.o)
                                        0x4eb (size before relaxing)
 .debug_str     0x0000000000000f3d       0x48 c:/intelfpga/17.0/nios2eds/bin/gnu/h-x86_64-mingw32/bin/../lib/gcc/nios2-elf/5.3.0/../../../../../H-x86_64-mingw32/nios2-elf/lib/mno-hw-mul\libsmallc.a(lib_a-impure.o)
                                        0x4be (size before relaxing)
 .debug_str     0x0000000000000f85      0x148 c:/intelfpga/17.0/nios2eds/bin/gnu/h-x86_64-mingw32/bin/../lib/gcc/nios2-elf/5.3.0/mno-hw-mul\libgcc.a(lib2-mul.o)
                                        0x193 (size before relaxing)
 .debug_str     0x00000000000010cd       0x2a ../Arbitration_Nios1_APP_bsp/\libhal_bsp.a(alt_exit.o)
                                        0x161 (size before relaxing)

.debug_loc      0x0000000000000000      0x2ba
 *(.debug_loc)
 .debug_loc     0x0000000000000000       0x1e c:/intelfpga/17.0/nios2eds/bin/gnu/h-x86_64-mingw32/bin/../lib/gcc/nios2-elf/5.3.0/../../../../../H-x86_64-mingw32/nios2-elf/lib/mno-hw-mul\libsmallc.a(lib_a-exit.o)
 .debug_loc     0x000000000000001e       0x94 c:/intelfpga/17.0/nios2eds/bin/gnu/h-x86_64-mingw32/bin/../lib/gcc/nios2-elf/5.3.0/../../../../../H-x86_64-mingw32/nios2-elf/lib/mno-hw-mul\libsmallc.a(lib_a-memcmp.o)
 .debug_loc     0x00000000000000b2       0x1e c:/intelfpga/17.0/nios2eds/bin/gnu/h-x86_64-mingw32/bin/../lib/gcc/nios2-elf/5.3.0/../../../../../H-x86_64-mingw32/nios2-elf/lib/mno-hw-mul\libsmallc.a(lib_a-strlen.o)
 .debug_loc     0x00000000000000d0      0x157 c:/intelfpga/17.0/nios2eds/bin/gnu/h-x86_64-mingw32/bin/../lib/gcc/nios2-elf/5.3.0/../../../../../H-x86_64-mingw32/nios2-elf/lib/mno-hw-mul\libsmallc.a(lib_a-__call_atexit.o)
 .debug_loc     0x0000000000000227       0x93 c:/intelfpga/17.0/nios2eds/bin/gnu/h-x86_64-mingw32/bin/../lib/gcc/nios2-elf/5.3.0/mno-hw-mul\libgcc.a(lib2-mul.o)

.debug_macinfo
 *(.debug_macinfo)

.debug_weaknames
 *(.debug_weaknames)

.debug_funcnames
 *(.debug_funcnames)

.debug_typenames
 *(.debug_typenames)

.debug_varnames
 *(.debug_varnames)

.debug_alt_sim_info
                0x0000000000000000       0x10
 *(.debug_alt_sim_info)
 .debug_alt_sim_info
                0x0000000000000000       0x10 ../Arbitration_Nios1_APP_bsp//obj/HAL/src/crt0.o
                0x0000000000008000                __alt_data_end = 0x8000
                0x0000000000008000                PROVIDE (__alt_stack_pointer, __alt_data_end)
                [!provide]                        PROVIDE (__alt_stack_limit, __alt_stack_base)
                [!provide]                        PROVIDE (__alt_heap_start, end)
                [!provide]                        PROVIDE (__alt_heap_limit, 0x8000)
OUTPUT(Arbitration_Nios1_APP.elf elf32-littlenios2)

.debug_ranges   0x0000000000000000       0x90
 .debug_ranges  0x0000000000000000       0x20 ../Arbitration_Nios1_APP_bsp//obj/HAL/src/crt0.o
 .debug_ranges  0x0000000000000020       0x18 ../Arbitration_Nios1_APP_bsp/\libhal_bsp.a(altera_avalon_jtag_uart_read.o)
 .debug_ranges  0x0000000000000038       0x10 c:/intelfpga/17.0/nios2eds/bin/gnu/h-x86_64-mingw32/bin/../lib/gcc/nios2-elf/5.3.0/../../../../../H-x86_64-mingw32/nios2-elf/lib/mno-hw-mul\libsmallc.a(lib_a-exit.o)
 .debug_ranges  0x0000000000000048       0x10 c:/intelfpga/17.0/nios2eds/bin/gnu/h-x86_64-mingw32/bin/../lib/gcc/nios2-elf/5.3.0/../../../../../H-x86_64-mingw32/nios2-elf/lib/mno-hw-mul\libsmallc.a(lib_a-memcmp.o)
 .debug_ranges  0x0000000000000058       0x10 c:/intelfpga/17.0/nios2eds/bin/gnu/h-x86_64-mingw32/bin/../lib/gcc/nios2-elf/5.3.0/../../../../../H-x86_64-mingw32/nios2-elf/lib/mno-hw-mul\libsmallc.a(lib_a-strlen.o)
 .debug_ranges  0x0000000000000068       0x28 c:/intelfpga/17.0/nios2eds/bin/gnu/h-x86_64-mingw32/bin/../lib/gcc/nios2-elf/5.3.0/../../../../../H-x86_64-mingw32/nios2-elf/lib/mno-hw-mul\libsmallc.a(lib_a-__call_atexit.o)
