Archive member included to satisfy reference by file (symbol)

../nios_software_bsp/\libhal_bsp.a(alt_iic.o)
                              obj/default/Lab_3.o (alt_ic_isr_register)
../nios_software_bsp/\libhal_bsp.a(alt_iic_isr_register.o)
                              ../nios_software_bsp/\libhal_bsp.a(alt_iic.o) (alt_iic_isr_register)
../nios_software_bsp/\libhal_bsp.a(alt_irq_entry.o)
                              ../nios_software_bsp/\libhal_bsp.a(alt_iic_isr_register.o) (alt_irq_entry)
../nios_software_bsp/\libhal_bsp.a(alt_irq_handler.o)
                              ../nios_software_bsp/\libhal_bsp.a(alt_iic_isr_register.o) (alt_irq)
../nios_software_bsp/\libhal_bsp.a(alt_irq_vars.o)
                              ../nios_software_bsp/\libhal_bsp.a(alt_iic.o) (alt_irq_active)
../nios_software_bsp/\libhal_bsp.a(alt_load.o)
                              ../nios_software_bsp//obj/HAL/src/crt0.o (alt_load)
../nios_software_bsp/\libhal_bsp.a(alt_main.o)
                              ../nios_software_bsp//obj/HAL/src/crt0.o (alt_main)
../nios_software_bsp/\libhal_bsp.a(alt_sys_init.o)
                              ../nios_software_bsp/\libhal_bsp.a(alt_main.o) (alt_irq_init)
../nios_software_bsp/\libhal_bsp.a(altera_avalon_jtag_uart_fd.o)
                              ../nios_software_bsp/\libhal_bsp.a(alt_sys_init.o) (altera_avalon_jtag_uart_read_fd)
../nios_software_bsp/\libhal_bsp.a(altera_avalon_jtag_uart_init.o)
                              ../nios_software_bsp/\libhal_bsp.a(alt_sys_init.o) (altera_avalon_jtag_uart_init)
../nios_software_bsp/\libhal_bsp.a(altera_avalon_jtag_uart_ioctl.o)
                              ../nios_software_bsp/\libhal_bsp.a(altera_avalon_jtag_uart_fd.o) (altera_avalon_jtag_uart_ioctl)
../nios_software_bsp/\libhal_bsp.a(altera_avalon_jtag_uart_read.o)
                              ../nios_software_bsp/\libhal_bsp.a(altera_avalon_jtag_uart_fd.o) (altera_avalon_jtag_uart_read)
../nios_software_bsp/\libhal_bsp.a(altera_avalon_jtag_uart_write.o)
                              ../nios_software_bsp/\libhal_bsp.a(altera_avalon_jtag_uart_fd.o) (altera_avalon_jtag_uart_write)
../nios_software_bsp/\libhal_bsp.a(altera_avalon_timer_sc.o)
                              ../nios_software_bsp/\libhal_bsp.a(alt_sys_init.o) (alt_avalon_timer_sc_init)
../nios_software_bsp/\libhal_bsp.a(alt_alarm_start.o)
                              ../nios_software_bsp/\libhal_bsp.a(altera_avalon_jtag_uart_init.o) (alt_alarm_start)
../nios_software_bsp/\libhal_bsp.a(alt_close.o)
                              ../nios_software_bsp/\libhal_bsp.a(alt_main.o) (close)
../nios_software_bsp/\libhal_bsp.a(alt_dcache_flush_all.o)
                              ../nios_software_bsp/\libhal_bsp.a(alt_load.o) (alt_dcache_flush_all)
../nios_software_bsp/\libhal_bsp.a(alt_dev.o)
                              ../nios_software_bsp/\libhal_bsp.a(alt_sys_init.o) (alt_dev_list)
../nios_software_bsp/\libhal_bsp.a(alt_dev_llist_insert.o)
                              ../nios_software_bsp/\libhal_bsp.a(alt_sys_init.o) (alt_dev_llist_insert)
../nios_software_bsp/\libhal_bsp.a(alt_do_ctors.o)
                              ../nios_software_bsp/\libhal_bsp.a(alt_main.o) (_do_ctors)
../nios_software_bsp/\libhal_bsp.a(alt_do_dtors.o)
                              ../nios_software_bsp/\libhal_bsp.a(alt_main.o) (_do_dtors)
../nios_software_bsp/\libhal_bsp.a(alt_errno.o)
                              ../nios_software_bsp/\libhal_bsp.a(alt_close.o) (alt_errno)
../nios_software_bsp/\libhal_bsp.a(alt_exception_entry.o)
                              ../nios_software_bsp/\libhal_bsp.a(alt_irq_entry.o) (alt_exception)
../nios_software_bsp/\libhal_bsp.a(alt_icache_flush_all.o)
                              ../nios_software_bsp/\libhal_bsp.a(alt_load.o) (alt_icache_flush_all)
../nios_software_bsp/\libhal_bsp.a(alt_instruction_exception_entry.o)
                              ../nios_software_bsp/\libhal_bsp.a(alt_exception_entry.o) (alt_instruction_exception_entry)
../nios_software_bsp/\libhal_bsp.a(alt_io_redirect.o)
                              ../nios_software_bsp/\libhal_bsp.a(alt_main.o) (alt_io_redirect)
../nios_software_bsp/\libhal_bsp.a(alt_open.o)
                              ../nios_software_bsp/\libhal_bsp.a(alt_io_redirect.o) (open)
../nios_software_bsp/\libhal_bsp.a(alt_release_fd.o)
                              ../nios_software_bsp/\libhal_bsp.a(alt_close.o) (alt_release_fd)
../nios_software_bsp/\libhal_bsp.a(alt_tick.o)
                              ../nios_software_bsp/\libhal_bsp.a(altera_avalon_jtag_uart_init.o) (_alt_tick_rate)
../nios_software_bsp/\libhal_bsp.a(altera_nios2_gen2_irq.o)
                              ../nios_software_bsp/\libhal_bsp.a(alt_sys_init.o) (altera_nios2_gen2_irq_init)
../nios_software_bsp/\libhal_bsp.a(alt_find_dev.o)
                              ../nios_software_bsp/\libhal_bsp.a(alt_open.o) (alt_find_dev)
../nios_software_bsp/\libhal_bsp.a(alt_find_file.o)
                              ../nios_software_bsp/\libhal_bsp.a(alt_open.o) (alt_find_file)
../nios_software_bsp/\libhal_bsp.a(alt_get_fd.o)
                              ../nios_software_bsp/\libhal_bsp.a(alt_open.o) (alt_get_fd)
c:/intelfpga_lite/17.0/nios2eds/bin/gnu/h-x86_64-mingw32/bin/../lib/gcc/nios2-elf/5.3.0/../../../../../H-x86_64-mingw32/nios2-elf/lib/mno-hw-mul\libc.a(lib_a-atexit.o)
                              ../nios_software_bsp/\libhal_bsp.a(alt_main.o) (atexit)
c:/intelfpga_lite/17.0/nios2eds/bin/gnu/h-x86_64-mingw32/bin/../lib/gcc/nios2-elf/5.3.0/../../../../../H-x86_64-mingw32/nios2-elf/lib/mno-hw-mul\libc.a(lib_a-exit.o)
                              ../nios_software_bsp/\libhal_bsp.a(alt_main.o) (exit)
c:/intelfpga_lite/17.0/nios2eds/bin/gnu/h-x86_64-mingw32/bin/../lib/gcc/nios2-elf/5.3.0/../../../../../H-x86_64-mingw32/nios2-elf/lib/mno-hw-mul\libc.a(lib_a-impure.o)
                              c:/intelfpga_lite/17.0/nios2eds/bin/gnu/h-x86_64-mingw32/bin/../lib/gcc/nios2-elf/5.3.0/../../../../../H-x86_64-mingw32/nios2-elf/lib/mno-hw-mul\libc.a(lib_a-exit.o) (_global_impure_ptr)
c:/intelfpga_lite/17.0/nios2eds/bin/gnu/h-x86_64-mingw32/bin/../lib/gcc/nios2-elf/5.3.0/../../../../../H-x86_64-mingw32/nios2-elf/lib/mno-hw-mul\libc.a(lib_a-int_errno.o)
                              ../nios_software_bsp/\libhal_bsp.a(alt_close.o) (errno)
c:/intelfpga_lite/17.0/nios2eds/bin/gnu/h-x86_64-mingw32/bin/../lib/gcc/nios2-elf/5.3.0/../../../../../H-x86_64-mingw32/nios2-elf/lib/mno-hw-mul\libc.a(lib_a-memcmp.o)
                              ../nios_software_bsp/\libhal_bsp.a(alt_find_dev.o) (memcmp)
c:/intelfpga_lite/17.0/nios2eds/bin/gnu/h-x86_64-mingw32/bin/../lib/gcc/nios2-elf/5.3.0/../../../../../H-x86_64-mingw32/nios2-elf/lib/mno-hw-mul\libc.a(lib_a-memcpy.o)
                              ../nios_software_bsp/\libhal_bsp.a(altera_avalon_jtag_uart_read.o) (memcpy)
c:/intelfpga_lite/17.0/nios2eds/bin/gnu/h-x86_64-mingw32/bin/../lib/gcc/nios2-elf/5.3.0/../../../../../H-x86_64-mingw32/nios2-elf/lib/mno-hw-mul\libc.a(lib_a-strlen.o)
                              ../nios_software_bsp/\libhal_bsp.a(alt_find_dev.o) (strlen)
c:/intelfpga_lite/17.0/nios2eds/bin/gnu/h-x86_64-mingw32/bin/../lib/gcc/nios2-elf/5.3.0/../../../../../H-x86_64-mingw32/nios2-elf/lib/mno-hw-mul\libc.a(lib_a-__atexit.o)
                              c:/intelfpga_lite/17.0/nios2eds/bin/gnu/h-x86_64-mingw32/bin/../lib/gcc/nios2-elf/5.3.0/../../../../../H-x86_64-mingw32/nios2-elf/lib/mno-hw-mul\libc.a(lib_a-atexit.o) (__register_exitproc)
c:/intelfpga_lite/17.0/nios2eds/bin/gnu/h-x86_64-mingw32/bin/../lib/gcc/nios2-elf/5.3.0/../../../../../H-x86_64-mingw32/nios2-elf/lib/mno-hw-mul\libc.a(lib_a-__call_atexit.o)
                              c:/intelfpga_lite/17.0/nios2eds/bin/gnu/h-x86_64-mingw32/bin/../lib/gcc/nios2-elf/5.3.0/../../../../../H-x86_64-mingw32/nios2-elf/lib/mno-hw-mul\libc.a(lib_a-exit.o) (__call_exitprocs)
c:/intelfpga_lite/17.0/nios2eds/bin/gnu/h-x86_64-mingw32/bin/../lib/gcc/nios2-elf/5.3.0/mno-hw-mul\libgcc.a(lib2-mul.o)
                              ../nios_software_bsp/\libhal_bsp.a(alt_close.o) (__mulsi3)
../nios_software_bsp/\libhal_bsp.a(alt_exit.o)
                              c:/intelfpga_lite/17.0/nios2eds/bin/gnu/h-x86_64-mingw32/bin/../lib/gcc/nios2-elf/5.3.0/../../../../../H-x86_64-mingw32/nios2-elf/lib/mno-hw-mul\libc.a(lib_a-exit.o) (_exit)

Allocating common symbols
Common symbol       size              file

alt_irq             0x100             ../nios_software_bsp/\libhal_bsp.a(alt_irq_handler.o)
edge_capture        0x4               obj/default/Lab_3.o
errno               0x4               c:/intelfpga_lite/17.0/nios2eds/bin/gnu/h-x86_64-mingw32/bin/../lib/gcc/nios2-elf/5.3.0/../../../../../H-x86_64-mingw32/nios2-elf/lib/mno-hw-mul\libc.a(lib_a-int_errno.o)

Memory Configuration

Name             Origin             Length             Attributes
reset            0x0000000000008000 0x0000000000000020
onchip_memory2_0 0x0000000000008020 0x0000000000007fe0
*default*        0x0000000000000000 0xffffffffffffffff

Linker script and memory map

LOAD ../nios_software_bsp//obj/HAL/src/crt0.o
LOAD obj/default/Lab_3.o
LOAD c:/intelfpga_lite/17.0/nios2eds/bin/gnu/h-x86_64-mingw32/bin/../lib/gcc/nios2-elf/5.3.0/../../../../../H-x86_64-mingw32/nios2-elf/lib/mno-hw-mul\libstdc++.a
LOAD c:/intelfpga_lite/17.0/nios2eds/bin/gnu/h-x86_64-mingw32/bin/../lib/gcc/nios2-elf/5.3.0/../../../../../H-x86_64-mingw32/nios2-elf/lib/mno-hw-mul\libm.a
LOAD c:/intelfpga_lite/17.0/nios2eds/bin/gnu/h-x86_64-mingw32/bin/../lib/gcc/nios2-elf/5.3.0/mno-hw-mul\libgcc.a
START GROUP
LOAD c:/intelfpga_lite/17.0/nios2eds/bin/gnu/h-x86_64-mingw32/bin/../lib/gcc/nios2-elf/5.3.0/../../../../../H-x86_64-mingw32/nios2-elf/lib/mno-hw-mul\libc.a
LOAD c:/intelfpga_lite/17.0/nios2eds/bin/gnu/h-x86_64-mingw32/bin/../lib/gcc/nios2-elf/5.3.0/mno-hw-mul\libgcc.a
LOAD ../nios_software_bsp/\libhal_bsp.a
LOAD c:/intelfpga_lite/17.0/nios2eds/bin/gnu/h-x86_64-mingw32/bin/../lib/gcc/nios2-elf/5.3.0/../../../../../H-x86_64-mingw32/nios2-elf/lib/mno-hw-mul\libm.a
END GROUP
LOAD c:/intelfpga_lite/17.0/nios2eds/bin/gnu/h-x86_64-mingw32/bin/../lib/gcc/nios2-elf/5.3.0/mno-hw-mul\libgcc.a
                0x0000000000008000                __alt_mem_onchip_memory2_0 = 0x8000

.entry          0x0000000000008000       0x20
 *(.entry)
 .entry         0x0000000000008000       0x20 ../nios_software_bsp//obj/HAL/src/crt0.o
                0x0000000000008000                __reset

.exceptions     0x0000000000008020      0x210
                0x0000000000008020                PROVIDE (__ram_exceptions_start, ABSOLUTE (.))
                0x0000000000008020                . = ALIGN (0x20)
 *(.irq)
 *(.exceptions.entry.label)
 .exceptions.entry.label
                0x0000000000008020        0x0 ../nios_software_bsp/\libhal_bsp.a(alt_irq_entry.o)
                0x0000000000008020                alt_irq_entry
 .exceptions.entry.label
                0x0000000000008020        0x0 ../nios_software_bsp/\libhal_bsp.a(alt_exception_entry.o)
                0x0000000000008020                alt_exception
 *(.exceptions.entry.user)
 *(.exceptions.entry.ecc_fatal)
 *(.exceptions.entry)
 .exceptions.entry
                0x0000000000008020       0x54 ../nios_software_bsp/\libhal_bsp.a(alt_exception_entry.o)
 *(.exceptions.irqtest.user)
 *(.exceptions.irqtest)
 .exceptions.irqtest
                0x0000000000008074       0x10 ../nios_software_bsp/\libhal_bsp.a(alt_irq_entry.o)
 *(.exceptions.irqhandler.user)
 *(.exceptions.irqhandler)
 .exceptions.irqhandler
                0x0000000000008084        0x4 ../nios_software_bsp/\libhal_bsp.a(alt_irq_entry.o)
 *(.exceptions.irqreturn.user)
 *(.exceptions.irqreturn)
 .exceptions.irqreturn
                0x0000000000008088        0x4 ../nios_software_bsp/\libhal_bsp.a(alt_irq_entry.o)
 *(.exceptions.notirq.label)
 .exceptions.notirq.label
                0x000000000000808c        0x0 ../nios_software_bsp/\libhal_bsp.a(alt_irq_entry.o)
 *(.exceptions.notirq.user)
 *(.exceptions.notirq)
 .exceptions.notirq
                0x000000000000808c        0x8 ../nios_software_bsp/\libhal_bsp.a(alt_exception_entry.o)
 *(.exceptions.soft.user)
 *(.exceptions.soft)
 *(.exceptions.unknown.user)
 *(.exceptions.unknown)
 .exceptions.unknown
                0x0000000000008094       0x14 ../nios_software_bsp/\libhal_bsp.a(alt_exception_entry.o)
 *(.exceptions.exit.label)
 .exceptions.exit.label
                0x00000000000080a8        0x0 ../nios_software_bsp/\libhal_bsp.a(alt_irq_entry.o)
 .exceptions.exit.label
                0x00000000000080a8        0x0 ../nios_software_bsp/\libhal_bsp.a(alt_exception_entry.o)
 *(.exceptions.exit.user)
 *(.exceptions.exit)
 .exceptions.exit
                0x00000000000080a8       0x54 ../nios_software_bsp/\libhal_bsp.a(alt_exception_entry.o)
 *(.exceptions)
 .exceptions    0x00000000000080fc       0xd4 ../nios_software_bsp/\libhal_bsp.a(alt_irq_handler.o)
                0x00000000000080fc                alt_irq_handler
 .exceptions    0x00000000000081d0       0x60 ../nios_software_bsp/\libhal_bsp.a(alt_instruction_exception_entry.o)
                0x00000000000081d0                alt_instruction_exception_entry
                0x0000000000008230                PROVIDE (__ram_exceptions_end, ABSOLUTE (.))
                0x0000000000008020                PROVIDE (__flash_exceptions_start, LOADADDR (.exceptions))

.text           0x0000000000008230     0x24c4
                [!provide]                        PROVIDE (stext, ABSOLUTE (.))
 *(.interp)
 *(.hash)
 *(.dynsym)
 *(.dynstr)
 *(.gnu.version)
 *(.gnu.version_d)
 *(.gnu.version_r)
 *(.rel.init)
 *(.rela.init)
 *(.rel.text .rel.text.* .rel.gnu.linkonce.t.*)
 *(.rela.text .rela.text.* .rela.gnu.linkonce.t.*)
 *(.rel.fini)
 *(.rela.fini)
 *(.rel.rodata .rel.rodata.* .rel.gnu.linkonce.r.*)
 *(.rela.rodata .rela.rodata.* .rela.gnu.linkonce.r.*)
 *(.rel.data .rel.data.* .rel.gnu.linkonce.d.*)
 *(.rela.data .rela.data.* .rela.gnu.linkonce.d.*)
 *(.rel.tdata .rel.tdata.* .rel.gnu.linkonce.td.*)
 *(.rela.tdata .rela.tdata.* .rela.gnu.linkonce.td.*)
 *(.rel.tbss .rel.tbss.* .rel.gnu.linkonce.tb.*)
 *(.rela.tbss .rela.tbss.* .rela.gnu.linkonce.tb.*)
 *(.rel.ctors)
 *(.rela.ctors)
 *(.rel.dtors)
 *(.rela.dtors)
 *(.rel.got)
 *(.rela.got)
 *(.rel.sdata .rel.sdata.* .rel.gnu.linkonce.s.*)
 *(.rela.sdata .rela.sdata.* .rela.gnu.linkonce.s.*)
 *(.rel.sbss .rel.sbss.* .rel.gnu.linkonce.sb.*)
 *(.rela.sbss .rela.sbss.* .rela.gnu.linkonce.sb.*)
 *(.rel.sdata2 .rel.sdata2.* .rel.gnu.linkonce.s2.*)
 *(.rela.sdata2 .rela.sdata2.* .rela.gnu.linkonce.s2.*)
 *(.rel.sbss2 .rel.sbss2.* .rel.gnu.linkonce.sb2.*)
 *(.rela.sbss2 .rela.sbss2.* .rela.gnu.linkonce.sb2.*)
 *(.rel.bss .rel.bss.* .rel.gnu.linkonce.b.*)
 *(.rela.bss .rela.bss.* .rela.gnu.linkonce.b.*)
 *(.rel.plt)
 *(.rela.plt)
 *(.rel.dyn)
 *(.init)
 *(.plt)
 *(.text .stub .text.* .gnu.linkonce.t.*)
 .text          0x0000000000008230       0x3c ../nios_software_bsp//obj/HAL/src/crt0.o
                0x0000000000008230                _start
 .text          0x000000000000826c      0x144 obj/default/Lab_3.o
                0x000000000000826c                Pushbutton_isr
                0x0000000000008360                main
 .text          0x00000000000083b0      0x1b0 ../nios_software_bsp/\libhal_bsp.a(alt_iic.o)
                0x00000000000083b0                alt_ic_isr_register
                0x0000000000008400                alt_ic_irq_enable
                0x0000000000008488                alt_ic_irq_disable
                0x0000000000008514                alt_ic_irq_enabled
 .text          0x0000000000008560       0xf0 ../nios_software_bsp/\libhal_bsp.a(alt_iic_isr_register.o)
                0x0000000000008560                alt_iic_isr_register
 .text          0x0000000000008650        0x0 ../nios_software_bsp/\libhal_bsp.a(alt_irq_entry.o)
 .text          0x0000000000008650        0x0 ../nios_software_bsp/\libhal_bsp.a(alt_irq_handler.o)
 .text          0x0000000000008650        0x0 ../nios_software_bsp/\libhal_bsp.a(alt_irq_vars.o)
 .text          0x0000000000008650       0xec ../nios_software_bsp/\libhal_bsp.a(alt_load.o)
                0x00000000000086b8                alt_load
 .text          0x000000000000873c       0x7c ../nios_software_bsp/\libhal_bsp.a(alt_main.o)
                0x000000000000873c                alt_main
 .text          0x00000000000087b8       0xd0 ../nios_software_bsp/\libhal_bsp.a(alt_sys_init.o)
                0x00000000000087ec                alt_irq_init
                0x0000000000008824                alt_sys_init
 .text          0x0000000000008888      0x164 ../nios_software_bsp/\libhal_bsp.a(altera_avalon_jtag_uart_fd.o)
                0x0000000000008888                altera_avalon_jtag_uart_read_fd
                0x00000000000088e8                altera_avalon_jtag_uart_write_fd
                0x0000000000008948                altera_avalon_jtag_uart_close_fd
                0x0000000000008998                altera_avalon_jtag_uart_ioctl_fd
 .text          0x00000000000089ec      0x3d4 ../nios_software_bsp/\libhal_bsp.a(altera_avalon_jtag_uart_init.o)
                0x00000000000089ec                altera_avalon_jtag_uart_init
                0x0000000000008d58                altera_avalon_jtag_uart_close
 .text          0x0000000000008dc0       0xf0 ../nios_software_bsp/\libhal_bsp.a(altera_avalon_jtag_uart_ioctl.o)
                0x0000000000008dc0                altera_avalon_jtag_uart_ioctl
 .text          0x0000000000008eb0      0x21c ../nios_software_bsp/\libhal_bsp.a(altera_avalon_jtag_uart_read.o)
                0x0000000000008eb0                altera_avalon_jtag_uart_read
 .text          0x00000000000090cc      0x224 ../nios_software_bsp/\libhal_bsp.a(altera_avalon_jtag_uart_write.o)
                0x00000000000090cc                altera_avalon_jtag_uart_write
 .text          0x00000000000092f0       0xf4 ../nios_software_bsp/\libhal_bsp.a(altera_avalon_timer_sc.o)
                0x0000000000009368                alt_avalon_timer_sc_init
 .text          0x00000000000093e4      0x12c ../nios_software_bsp/\libhal_bsp.a(alt_alarm_start.o)
                0x00000000000093e4                alt_alarm_start
 .text          0x0000000000009510      0x114 ../nios_software_bsp/\libhal_bsp.a(alt_close.o)
                0x000000000000954c                close
 .text          0x0000000000009624       0x20 ../nios_software_bsp/\libhal_bsp.a(alt_dcache_flush_all.o)
                0x0000000000009624                alt_dcache_flush_all
 .text          0x0000000000009644       0x2c ../nios_software_bsp/\libhal_bsp.a(alt_dev.o)
 .text          0x0000000000009670       0xe0 ../nios_software_bsp/\libhal_bsp.a(alt_dev_llist_insert.o)
                0x00000000000096ac                alt_dev_llist_insert
 .text          0x0000000000009750       0x60 ../nios_software_bsp/\libhal_bsp.a(alt_do_ctors.o)
                0x0000000000009750                _do_ctors
 .text          0x00000000000097b0       0x60 ../nios_software_bsp/\libhal_bsp.a(alt_do_dtors.o)
                0x00000000000097b0                _do_dtors
 .text          0x0000000000009810        0x0 ../nios_software_bsp/\libhal_bsp.a(alt_errno.o)
 .text          0x0000000000009810        0x0 ../nios_software_bsp/\libhal_bsp.a(alt_exception_entry.o)
 .text          0x0000000000009810       0x20 ../nios_software_bsp/\libhal_bsp.a(alt_icache_flush_all.o)
                0x0000000000009810                alt_icache_flush_all
 .text          0x0000000000009830       0x9c ../nios_software_bsp/\libhal_bsp.a(alt_instruction_exception_entry.o)
                0x0000000000009830                alt_exception_cause_generated_bad_addr
 .text          0x00000000000098cc      0x160 ../nios_software_bsp/\libhal_bsp.a(alt_io_redirect.o)
                0x00000000000099b0                alt_io_redirect
 .text          0x0000000000009a2c      0x284 ../nios_software_bsp/\libhal_bsp.a(alt_open.o)
                0x0000000000009b54                open
 .text          0x0000000000009cb0       0x84 ../nios_software_bsp/\libhal_bsp.a(alt_release_fd.o)
                0x0000000000009cb0                alt_release_fd
 .text          0x0000000000009d34      0x1a4 ../nios_software_bsp/\libhal_bsp.a(alt_tick.o)
                0x0000000000009d34                alt_alarm_stop
                0x0000000000009dd0                alt_tick
 .text          0x0000000000009ed8       0x24 ../nios_software_bsp/\libhal_bsp.a(altera_nios2_gen2_irq.o)
                0x0000000000009ed8                altera_nios2_gen2_irq_init
 .text          0x0000000000009efc       0x90 ../nios_software_bsp/\libhal_bsp.a(alt_find_dev.o)
                0x0000000000009efc                alt_find_dev
 .text          0x0000000000009f8c      0x108 ../nios_software_bsp/\libhal_bsp.a(alt_find_file.o)
                0x0000000000009f8c                alt_find_file
 .text          0x000000000000a094       0xc4 ../nios_software_bsp/\libhal_bsp.a(alt_get_fd.o)
                0x000000000000a094                alt_get_fd
 .text          0x000000000000a158        0x0 c:/intelfpga_lite/17.0/nios2eds/bin/gnu/h-x86_64-mingw32/bin/../lib/gcc/nios2-elf/5.3.0/../../../../../H-x86_64-mingw32/nios2-elf/lib/mno-hw-mul\libc.a(lib_a-atexit.o)
 .text.atexit   0x000000000000a158       0x14 c:/intelfpga_lite/17.0/nios2eds/bin/gnu/h-x86_64-mingw32/bin/../lib/gcc/nios2-elf/5.3.0/../../../../../H-x86_64-mingw32/nios2-elf/lib/mno-hw-mul\libc.a(lib_a-atexit.o)
                0x000000000000a158                atexit
 .text          0x000000000000a16c        0x0 c:/intelfpga_lite/17.0/nios2eds/bin/gnu/h-x86_64-mingw32/bin/../lib/gcc/nios2-elf/5.3.0/../../../../../H-x86_64-mingw32/nios2-elf/lib/mno-hw-mul\libc.a(lib_a-exit.o)
 .text.exit     0x000000000000a16c       0x38 c:/intelfpga_lite/17.0/nios2eds/bin/gnu/h-x86_64-mingw32/bin/../lib/gcc/nios2-elf/5.3.0/../../../../../H-x86_64-mingw32/nios2-elf/lib/mno-hw-mul\libc.a(lib_a-exit.o)
                0x000000000000a16c                exit
 .text          0x000000000000a1a4        0x0 c:/intelfpga_lite/17.0/nios2eds/bin/gnu/h-x86_64-mingw32/bin/../lib/gcc/nios2-elf/5.3.0/../../../../../H-x86_64-mingw32/nios2-elf/lib/mno-hw-mul\libc.a(lib_a-impure.o)
 .text          0x000000000000a1a4        0x0 c:/intelfpga_lite/17.0/nios2eds/bin/gnu/h-x86_64-mingw32/bin/../lib/gcc/nios2-elf/5.3.0/../../../../../H-x86_64-mingw32/nios2-elf/lib/mno-hw-mul\libc.a(lib_a-int_errno.o)
 .text          0x000000000000a1a4        0x0 c:/intelfpga_lite/17.0/nios2eds/bin/gnu/h-x86_64-mingw32/bin/../lib/gcc/nios2-elf/5.3.0/../../../../../H-x86_64-mingw32/nios2-elf/lib/mno-hw-mul\libc.a(lib_a-memcmp.o)
 .text.memcmp   0x000000000000a1a4       0x7c c:/intelfpga_lite/17.0/nios2eds/bin/gnu/h-x86_64-mingw32/bin/../lib/gcc/nios2-elf/5.3.0/../../../../../H-x86_64-mingw32/nios2-elf/lib/mno-hw-mul\libc.a(lib_a-memcmp.o)
                0x000000000000a1a4                memcmp
 .text          0x000000000000a220        0x0 c:/intelfpga_lite/17.0/nios2eds/bin/gnu/h-x86_64-mingw32/bin/../lib/gcc/nios2-elf/5.3.0/../../../../../H-x86_64-mingw32/nios2-elf/lib/mno-hw-mul\libc.a(lib_a-memcpy.o)
 .text.memcpy   0x000000000000a220      0x148 c:/intelfpga_lite/17.0/nios2eds/bin/gnu/h-x86_64-mingw32/bin/../lib/gcc/nios2-elf/5.3.0/../../../../../H-x86_64-mingw32/nios2-elf/lib/mno-hw-mul\libc.a(lib_a-memcpy.o)
                0x000000000000a220                memcpy
 .text          0x000000000000a368        0x0 c:/intelfpga_lite/17.0/nios2eds/bin/gnu/h-x86_64-mingw32/bin/../lib/gcc/nios2-elf/5.3.0/../../../../../H-x86_64-mingw32/nios2-elf/lib/mno-hw-mul\libc.a(lib_a-strlen.o)
 .text.strlen   0x000000000000a368       0x98 c:/intelfpga_lite/17.0/nios2eds/bin/gnu/h-x86_64-mingw32/bin/../lib/gcc/nios2-elf/5.3.0/../../../../../H-x86_64-mingw32/nios2-elf/lib/mno-hw-mul\libc.a(lib_a-strlen.o)
                0x000000000000a368                strlen
 .text          0x000000000000a400        0x0 c:/intelfpga_lite/17.0/nios2eds/bin/gnu/h-x86_64-mingw32/bin/../lib/gcc/nios2-elf/5.3.0/../../../../../H-x86_64-mingw32/nios2-elf/lib/mno-hw-mul\libc.a(lib_a-__atexit.o)
 .text.__register_exitproc
                0x000000000000a400      0x118 c:/intelfpga_lite/17.0/nios2eds/bin/gnu/h-x86_64-mingw32/bin/../lib/gcc/nios2-elf/5.3.0/../../../../../H-x86_64-mingw32/nios2-elf/lib/mno-hw-mul\libc.a(lib_a-__atexit.o)
                0x000000000000a400                __register_exitproc
 .text          0x000000000000a518        0x0 c:/intelfpga_lite/17.0/nios2eds/bin/gnu/h-x86_64-mingw32/bin/../lib/gcc/nios2-elf/5.3.0/../../../../../H-x86_64-mingw32/nios2-elf/lib/mno-hw-mul\libc.a(lib_a-__call_atexit.o)
 .text.__call_exitprocs
                0x000000000000a518      0x180 c:/intelfpga_lite/17.0/nios2eds/bin/gnu/h-x86_64-mingw32/bin/../lib/gcc/nios2-elf/5.3.0/../../../../../H-x86_64-mingw32/nios2-elf/lib/mno-hw-mul\libc.a(lib_a-__call_atexit.o)
                0x000000000000a518                __call_exitprocs
 .text          0x000000000000a698       0x28 c:/intelfpga_lite/17.0/nios2eds/bin/gnu/h-x86_64-mingw32/bin/../lib/gcc/nios2-elf/5.3.0/mno-hw-mul\libgcc.a(lib2-mul.o)
                0x000000000000a698                __mulsi3
 .text          0x000000000000a6c0       0x34 ../nios_software_bsp/\libhal_bsp.a(alt_exit.o)
                0x000000000000a6c0                _exit
 *(.gnu.warning.*)
 *(.fini)
                [!provide]                        PROVIDE (__etext, ABSOLUTE (.))
                [!provide]                        PROVIDE (_etext, ABSOLUTE (.))
                [!provide]                        PROVIDE (etext, ABSOLUTE (.))
 *(.eh_frame_hdr)
                0x000000000000a6f4                . = ALIGN (0x4)
                [!provide]                        PROVIDE (__preinit_array_start, ABSOLUTE (.))
 *(.preinit_array)
                [!provide]                        PROVIDE (__preinit_array_end, ABSOLUTE (.))
                [!provide]                        PROVIDE (__init_array_start, ABSOLUTE (.))
 *(.init_array)
                [!provide]                        PROVIDE (__init_array_end, ABSOLUTE (.))
                [!provide]                        PROVIDE (__fini_array_start, ABSOLUTE (.))
 *(.fini_array)
                [!provide]                        PROVIDE (__fini_array_end, ABSOLUTE (.))
 *(.eh_frame)
 *(.gcc_except_table .gcc_except_table.*)
 *(.dynamic)
                0x000000000000a6f4                PROVIDE (__CTOR_LIST__, ABSOLUTE (.))
 *(.ctors)
 *(SORT(.ctors.*))
                0x000000000000a6f4                PROVIDE (__CTOR_END__, ABSOLUTE (.))
                0x000000000000a6f4                PROVIDE (__DTOR_LIST__, ABSOLUTE (.))
 *(.dtors)
 *(SORT(.dtors.*))
                0x000000000000a6f4                PROVIDE (__DTOR_END__, ABSOLUTE (.))
 *(.jcr)
                0x000000000000a6f4                . = ALIGN (0x4)

.rodata         0x000000000000a6f4       0x38
                0x000000000000a6f4                PROVIDE (__ram_rodata_start, ABSOLUTE (.))
                0x000000000000a6f4                . = ALIGN (0x4)
 *(.rodata .rodata.* .gnu.linkonce.r.*)
 .rodata        0x000000000000a6f4       0x11 ../nios_software_bsp/\libhal_bsp.a(alt_main.o)
 *fill*         0x000000000000a705        0x3 
 .rodata        0x000000000000a708       0x11 ../nios_software_bsp/\libhal_bsp.a(alt_sys_init.o)
 *fill*         0x000000000000a719        0x3 
 .rodata        0x000000000000a71c        0xa ../nios_software_bsp/\libhal_bsp.a(alt_dev.o)
 *fill*         0x000000000000a726        0x2 
 .rodata.str1.4
                0x000000000000a728        0x4 c:/intelfpga_lite/17.0/nios2eds/bin/gnu/h-x86_64-mingw32/bin/../lib/gcc/nios2-elf/5.3.0/../../../../../H-x86_64-mingw32/nios2-elf/lib/mno-hw-mul\libc.a(lib_a-impure.o)
                                          0x2 (size before relaxing)
 *(.rodata1)
                0x000000000000a72c                . = ALIGN (0x4)
                0x000000000000a72c                PROVIDE (__ram_rodata_end, ABSOLUTE (.))
                0x000000000000a6f4                PROVIDE (__flash_rodata_start, LOADADDR (.rodata))

.rwdata         0x000000000000a72c     0x1678 load address 0x000000000000bda4
                0x000000000000a72c                PROVIDE (__ram_rwdata_start, ABSOLUTE (.))
                0x000000000000a72c                . = ALIGN (0x4)
 *(.got.plt)
 *(.got)
 *(.data1)
 *(.data .data.* .gnu.linkonce.d.*)
 .data          0x000000000000a72c        0x0 ../nios_software_bsp//obj/HAL/src/crt0.o
 .data          0x000000000000a72c        0xa obj/default/Lab_3.o
                0x000000000000a72c                array_hexDisplay
 .data          0x000000000000a736        0x0 ../nios_software_bsp/\libhal_bsp.a(alt_iic.o)
 .data          0x000000000000a736        0x0 ../nios_software_bsp/\libhal_bsp.a(alt_iic_isr_register.o)
 .data          0x000000000000a736        0x0 ../nios_software_bsp/\libhal_bsp.a(alt_irq_entry.o)
 .data          0x000000000000a736        0x0 ../nios_software_bsp/\libhal_bsp.a(alt_irq_handler.o)
 .data          0x000000000000a736        0x0 ../nios_software_bsp/\libhal_bsp.a(alt_irq_vars.o)
 .data          0x000000000000a736        0x0 ../nios_software_bsp/\libhal_bsp.a(alt_load.o)
 .data          0x000000000000a736        0x0 ../nios_software_bsp/\libhal_bsp.a(alt_main.o)
 *fill*         0x000000000000a736        0x2 
 .data          0x000000000000a738     0x1060 ../nios_software_bsp/\libhal_bsp.a(alt_sys_init.o)
 .data          0x000000000000b798        0x0 ../nios_software_bsp/\libhal_bsp.a(altera_avalon_jtag_uart_fd.o)
 .data          0x000000000000b798        0x0 ../nios_software_bsp/\libhal_bsp.a(altera_avalon_jtag_uart_init.o)
 .data          0x000000000000b798        0x0 ../nios_software_bsp/\libhal_bsp.a(altera_avalon_jtag_uart_ioctl.o)
 .data          0x000000000000b798        0x0 ../nios_software_bsp/\libhal_bsp.a(altera_avalon_jtag_uart_read.o)
 .data          0x000000000000b798        0x0 ../nios_software_bsp/\libhal_bsp.a(altera_avalon_jtag_uart_write.o)
 .data          0x000000000000b798        0x0 ../nios_software_bsp/\libhal_bsp.a(altera_avalon_timer_sc.o)
 .data          0x000000000000b798        0x0 ../nios_software_bsp/\libhal_bsp.a(alt_alarm_start.o)
 .data          0x000000000000b798        0x0 ../nios_software_bsp/\libhal_bsp.a(alt_close.o)
 .data          0x000000000000b798        0x0 ../nios_software_bsp/\libhal_bsp.a(alt_dcache_flush_all.o)
 .data          0x000000000000b798      0x1a8 ../nios_software_bsp/\libhal_bsp.a(alt_dev.o)
                0x000000000000b798                alt_dev_null
                0x000000000000b7c0                alt_fd_list
 .data          0x000000000000b940        0x0 ../nios_software_bsp/\libhal_bsp.a(alt_dev_llist_insert.o)
 .data          0x000000000000b940        0x0 ../nios_software_bsp/\libhal_bsp.a(alt_do_ctors.o)
 .data          0x000000000000b940        0x0 ../nios_software_bsp/\libhal_bsp.a(alt_do_dtors.o)
 .data          0x000000000000b940        0x0 ../nios_software_bsp/\libhal_bsp.a(alt_errno.o)
 .data          0x000000000000b940        0x0 ../nios_software_bsp/\libhal_bsp.a(alt_exception_entry.o)
 .data          0x000000000000b940        0x0 ../nios_software_bsp/\libhal_bsp.a(alt_icache_flush_all.o)
 .data          0x000000000000b940        0x0 ../nios_software_bsp/\libhal_bsp.a(alt_instruction_exception_entry.o)
 .data          0x000000000000b940        0x0 ../nios_software_bsp/\libhal_bsp.a(alt_io_redirect.o)
 .data          0x000000000000b940        0x0 ../nios_software_bsp/\libhal_bsp.a(alt_open.o)
 .data          0x000000000000b940        0x0 ../nios_software_bsp/\libhal_bsp.a(alt_release_fd.o)
 .data          0x000000000000b940        0x0 ../nios_software_bsp/\libhal_bsp.a(alt_tick.o)
 .data          0x000000000000b940        0x0 ../nios_software_bsp/\libhal_bsp.a(altera_nios2_gen2_irq.o)
 .data          0x000000000000b940        0x0 ../nios_software_bsp/\libhal_bsp.a(alt_find_dev.o)
 .data          0x000000000000b940        0x0 ../nios_software_bsp/\libhal_bsp.a(alt_find_file.o)
 .data          0x000000000000b940        0x0 ../nios_software_bsp/\libhal_bsp.a(alt_get_fd.o)
 .data          0x000000000000b940        0x0 c:/intelfpga_lite/17.0/nios2eds/bin/gnu/h-x86_64-mingw32/bin/../lib/gcc/nios2-elf/5.3.0/../../../../../H-x86_64-mingw32/nios2-elf/lib/mno-hw-mul\libc.a(lib_a-atexit.o)
 .data          0x000000000000b940        0x0 c:/intelfpga_lite/17.0/nios2eds/bin/gnu/h-x86_64-mingw32/bin/../lib/gcc/nios2-elf/5.3.0/../../../../../H-x86_64-mingw32/nios2-elf/lib/mno-hw-mul\libc.a(lib_a-exit.o)
 .data          0x000000000000b940        0x0 c:/intelfpga_lite/17.0/nios2eds/bin/gnu/h-x86_64-mingw32/bin/../lib/gcc/nios2-elf/5.3.0/../../../../../H-x86_64-mingw32/nios2-elf/lib/mno-hw-mul\libc.a(lib_a-impure.o)
 .data.impure_data
                0x000000000000b940      0x424 c:/intelfpga_lite/17.0/nios2eds/bin/gnu/h-x86_64-mingw32/bin/../lib/gcc/nios2-elf/5.3.0/../../../../../H-x86_64-mingw32/nios2-elf/lib/mno-hw-mul\libc.a(lib_a-impure.o)
 .data          0x000000000000bd64        0x0 c:/intelfpga_lite/17.0/nios2eds/bin/gnu/h-x86_64-mingw32/bin/../lib/gcc/nios2-elf/5.3.0/../../../../../H-x86_64-mingw32/nios2-elf/lib/mno-hw-mul\libc.a(lib_a-int_errno.o)
 .data          0x000000000000bd64        0x0 c:/intelfpga_lite/17.0/nios2eds/bin/gnu/h-x86_64-mingw32/bin/../lib/gcc/nios2-elf/5.3.0/../../../../../H-x86_64-mingw32/nios2-elf/lib/mno-hw-mul\libc.a(lib_a-memcmp.o)
 .data          0x000000000000bd64        0x0 c:/intelfpga_lite/17.0/nios2eds/bin/gnu/h-x86_64-mingw32/bin/../lib/gcc/nios2-elf/5.3.0/../../../../../H-x86_64-mingw32/nios2-elf/lib/mno-hw-mul\libc.a(lib_a-memcpy.o)
 .data          0x000000000000bd64        0x0 c:/intelfpga_lite/17.0/nios2eds/bin/gnu/h-x86_64-mingw32/bin/../lib/gcc/nios2-elf/5.3.0/../../../../../H-x86_64-mingw32/nios2-elf/lib/mno-hw-mul\libc.a(lib_a-strlen.o)
 .data          0x000000000000bd64        0x0 c:/intelfpga_lite/17.0/nios2eds/bin/gnu/h-x86_64-mingw32/bin/../lib/gcc/nios2-elf/5.3.0/../../../../../H-x86_64-mingw32/nios2-elf/lib/mno-hw-mul\libc.a(lib_a-__atexit.o)
 .data          0x000000000000bd64        0x0 c:/intelfpga_lite/17.0/nios2eds/bin/gnu/h-x86_64-mingw32/bin/../lib/gcc/nios2-elf/5.3.0/../../../../../H-x86_64-mingw32/nios2-elf/lib/mno-hw-mul\libc.a(lib_a-__call_atexit.o)
 .data          0x000000000000bd64        0x0 c:/intelfpga_lite/17.0/nios2eds/bin/gnu/h-x86_64-mingw32/bin/../lib/gcc/nios2-elf/5.3.0/mno-hw-mul\libgcc.a(lib2-mul.o)
 .data          0x000000000000bd64        0x0 ../nios_software_bsp/\libhal_bsp.a(alt_exit.o)
                0x0000000000013d64                _gp = ABSOLUTE ((. + 0x8000))
                [!provide]                        PROVIDE (gp, _gp)
 *(.rwdata .rwdata.*)
 *(.sdata .sdata.* .gnu.linkonce.s.*)
 .sdata         0x000000000000bd64       0x14 obj/default/Lab_3.o
                0x000000000000bd64                TimerPtr
                0x000000000000bd68                LedPtr
                0x000000000000bd6c                Hex0Ptr
                0x000000000000bd70                KeyPtr
                0x000000000000bd74                SwitchPtr
 .sdata         0x000000000000bd78        0x4 ../nios_software_bsp/\libhal_bsp.a(alt_irq_vars.o)
                0x000000000000bd78                alt_priority_mask
 .sdata         0x000000000000bd7c       0x14 ../nios_software_bsp/\libhal_bsp.a(alt_dev.o)
                0x000000000000bd7c                alt_fs_list
                0x000000000000bd84                alt_dev_list
                0x000000000000bd8c                alt_max_fd
 .sdata         0x000000000000bd90        0x4 ../nios_software_bsp/\libhal_bsp.a(alt_errno.o)
                0x000000000000bd90                alt_errno
 .sdata         0x000000000000bd94        0x8 ../nios_software_bsp/\libhal_bsp.a(alt_tick.o)
                0x000000000000bd94                alt_alarm_list
 .sdata._global_impure_ptr
                0x000000000000bd9c        0x4 c:/intelfpga_lite/17.0/nios2eds/bin/gnu/h-x86_64-mingw32/bin/../lib/gcc/nios2-elf/5.3.0/../../../../../H-x86_64-mingw32/nios2-elf/lib/mno-hw-mul\libc.a(lib_a-impure.o)
                0x000000000000bd9c                _global_impure_ptr
 .sdata._impure_ptr
                0x000000000000bda0        0x4 c:/intelfpga_lite/17.0/nios2eds/bin/gnu/h-x86_64-mingw32/bin/../lib/gcc/nios2-elf/5.3.0/../../../../../H-x86_64-mingw32/nios2-elf/lib/mno-hw-mul\libc.a(lib_a-impure.o)
                0x000000000000bda0                _impure_ptr
 *(.sdata2 .sdata2.* .gnu.linkonce.s2.*)
                0x000000000000bda4                . = ALIGN (0x4)
                0x000000000000bda4                _edata = ABSOLUTE (.)
                [!provide]                        PROVIDE (edata, ABSOLUTE (.))
                0x000000000000bda4                PROVIDE (__ram_rwdata_end, ABSOLUTE (.))
                0x000000000000bda4                PROVIDE (__flash_rwdata_start, LOADADDR (.rwdata))

.bss            0x000000000000d41c      0x12c
                0x000000000000d41c                __bss_start = ABSOLUTE (.)
                [!provide]                        PROVIDE (__sbss_start, ABSOLUTE (.))
                [!provide]                        PROVIDE (___sbss_start, ABSOLUTE (.))
 *(.dynsbss)
 *(.sbss .sbss.* .gnu.linkonce.sb.*)
 .sbss          0x000000000000d41c        0x8 obj/default/Lab_3.o
                0x000000000000d41c                j
                0x000000000000d420                SwitchValue
 .sbss          0x000000000000d424        0x4 obj/default/Lab_3.o
                0x000000000000d424                edge_capture
 .sbss          0x000000000000d428        0x4 ../nios_software_bsp/\libhal_bsp.a(alt_irq_vars.o)
                0x000000000000d428                alt_irq_active
 .sbss          0x000000000000d42c        0xc ../nios_software_bsp/\libhal_bsp.a(alt_main.o)
                0x000000000000d42c                alt_argc
                0x000000000000d430                alt_argv
                0x000000000000d434                alt_envp
 .sbss          0x000000000000d438        0x4 ../nios_software_bsp/\libhal_bsp.a(alt_instruction_exception_entry.o)
                0x000000000000d438                alt_instruction_exception_handler
 .sbss          0x000000000000d43c        0x8 ../nios_software_bsp/\libhal_bsp.a(alt_tick.o)
                0x000000000000d43c                _alt_tick_rate
                0x000000000000d440                _alt_nticks
 .sbss          0x000000000000d444        0x4 c:/intelfpga_lite/17.0/nios2eds/bin/gnu/h-x86_64-mingw32/bin/../lib/gcc/nios2-elf/5.3.0/../../../../../H-x86_64-mingw32/nios2-elf/lib/mno-hw-mul\libc.a(lib_a-int_errno.o)
                0x000000000000d444                errno
 *(.sbss2 .sbss2.* .gnu.linkonce.sb2.*)
 *(.scommon)
                [!provide]                        PROVIDE (__sbss_end, ABSOLUTE (.))
                [!provide]                        PROVIDE (___sbss_end, ABSOLUTE (.))
 *(.dynbss)
 *(.bss .bss.* .gnu.linkonce.b.*)
 .bss           0x000000000000d448        0x0 ../nios_software_bsp//obj/HAL/src/crt0.o
 .bss           0x000000000000d448        0x0 obj/default/Lab_3.o
 .bss           0x000000000000d448        0x0 ../nios_software_bsp/\libhal_bsp.a(alt_iic.o)
 .bss           0x000000000000d448        0x0 ../nios_software_bsp/\libhal_bsp.a(alt_iic_isr_register.o)
 .bss           0x000000000000d448        0x0 ../nios_software_bsp/\libhal_bsp.a(alt_irq_entry.o)
 .bss           0x000000000000d448        0x0 ../nios_software_bsp/\libhal_bsp.a(alt_irq_handler.o)
 .bss           0x000000000000d448        0x0 ../nios_software_bsp/\libhal_bsp.a(alt_irq_vars.o)
 .bss           0x000000000000d448        0x0 ../nios_software_bsp/\libhal_bsp.a(alt_load.o)
 .bss           0x000000000000d448        0x0 ../nios_software_bsp/\libhal_bsp.a(alt_main.o)
 .bss           0x000000000000d448        0x0 ../nios_software_bsp/\libhal_bsp.a(alt_sys_init.o)
 .bss           0x000000000000d448        0x0 ../nios_software_bsp/\libhal_bsp.a(altera_avalon_jtag_uart_fd.o)
 .bss           0x000000000000d448        0x0 ../nios_software_bsp/\libhal_bsp.a(altera_avalon_jtag_uart_init.o)
 .bss           0x000000000000d448        0x0 ../nios_software_bsp/\libhal_bsp.a(altera_avalon_jtag_uart_ioctl.o)
 .bss           0x000000000000d448        0x0 ../nios_software_bsp/\libhal_bsp.a(altera_avalon_jtag_uart_read.o)
 .bss           0x000000000000d448        0x0 ../nios_software_bsp/\libhal_bsp.a(altera_avalon_jtag_uart_write.o)
 .bss           0x000000000000d448        0x0 ../nios_software_bsp/\libhal_bsp.a(altera_avalon_timer_sc.o)
 .bss           0x000000000000d448        0x0 ../nios_software_bsp/\libhal_bsp.a(alt_alarm_start.o)
 .bss           0x000000000000d448        0x0 ../nios_software_bsp/\libhal_bsp.a(alt_close.o)
 .bss           0x000000000000d448        0x0 ../nios_software_bsp/\libhal_bsp.a(alt_dcache_flush_all.o)
 .bss           0x000000000000d448        0x0 ../nios_software_bsp/\libhal_bsp.a(alt_dev.o)
 .bss           0x000000000000d448        0x0 ../nios_software_bsp/\libhal_bsp.a(alt_dev_llist_insert.o)
 .bss           0x000000000000d448        0x0 ../nios_software_bsp/\libhal_bsp.a(alt_do_ctors.o)
 .bss           0x000000000000d448        0x0 ../nios_software_bsp/\libhal_bsp.a(alt_do_dtors.o)
 .bss           0x000000000000d448        0x0 ../nios_software_bsp/\libhal_bsp.a(alt_errno.o)
 .bss           0x000000000000d448        0x0 ../nios_software_bsp/\libhal_bsp.a(alt_exception_entry.o)
 .bss           0x000000000000d448        0x0 ../nios_software_bsp/\libhal_bsp.a(alt_icache_flush_all.o)
 .bss           0x000000000000d448        0x0 ../nios_software_bsp/\libhal_bsp.a(alt_instruction_exception_entry.o)
 .bss           0x000000000000d448        0x0 ../nios_software_bsp/\libhal_bsp.a(alt_io_redirect.o)
 .bss           0x000000000000d448        0x0 ../nios_software_bsp/\libhal_bsp.a(alt_open.o)
 .bss           0x000000000000d448        0x0 ../nios_software_bsp/\libhal_bsp.a(alt_release_fd.o)
 .bss           0x000000000000d448        0x0 ../nios_software_bsp/\libhal_bsp.a(alt_tick.o)
 .bss           0x000000000000d448        0x0 ../nios_software_bsp/\libhal_bsp.a(altera_nios2_gen2_irq.o)
 .bss           0x000000000000d448        0x0 ../nios_software_bsp/\libhal_bsp.a(alt_find_dev.o)
 .bss           0x000000000000d448        0x0 ../nios_software_bsp/\libhal_bsp.a(alt_find_file.o)
 .bss           0x000000000000d448        0x0 ../nios_software_bsp/\libhal_bsp.a(alt_get_fd.o)
 .bss           0x000000000000d448        0x0 c:/intelfpga_lite/17.0/nios2eds/bin/gnu/h-x86_64-mingw32/bin/../lib/gcc/nios2-elf/5.3.0/../../../../../H-x86_64-mingw32/nios2-elf/lib/mno-hw-mul\libc.a(lib_a-atexit.o)
 .bss           0x000000000000d448        0x0 c:/intelfpga_lite/17.0/nios2eds/bin/gnu/h-x86_64-mingw32/bin/../lib/gcc/nios2-elf/5.3.0/../../../../../H-x86_64-mingw32/nios2-elf/lib/mno-hw-mul\libc.a(lib_a-exit.o)
 .bss           0x000000000000d448        0x0 c:/intelfpga_lite/17.0/nios2eds/bin/gnu/h-x86_64-mingw32/bin/../lib/gcc/nios2-elf/5.3.0/../../../../../H-x86_64-mingw32/nios2-elf/lib/mno-hw-mul\libc.a(lib_a-impure.o)
 .bss           0x000000000000d448        0x0 c:/intelfpga_lite/17.0/nios2eds/bin/gnu/h-x86_64-mingw32/bin/../lib/gcc/nios2-elf/5.3.0/../../../../../H-x86_64-mingw32/nios2-elf/lib/mno-hw-mul\libc.a(lib_a-int_errno.o)
 .bss           0x000000000000d448        0x0 c:/intelfpga_lite/17.0/nios2eds/bin/gnu/h-x86_64-mingw32/bin/../lib/gcc/nios2-elf/5.3.0/../../../../../H-x86_64-mingw32/nios2-elf/lib/mno-hw-mul\libc.a(lib_a-memcmp.o)
 .bss           0x000000000000d448        0x0 c:/intelfpga_lite/17.0/nios2eds/bin/gnu/h-x86_64-mingw32/bin/../lib/gcc/nios2-elf/5.3.0/../../../../../H-x86_64-mingw32/nios2-elf/lib/mno-hw-mul\libc.a(lib_a-memcpy.o)
 .bss           0x000000000000d448        0x0 c:/intelfpga_lite/17.0/nios2eds/bin/gnu/h-x86_64-mingw32/bin/../lib/gcc/nios2-elf/5.3.0/../../../../../H-x86_64-mingw32/nios2-elf/lib/mno-hw-mul\libc.a(lib_a-strlen.o)
 .bss           0x000000000000d448        0x0 c:/intelfpga_lite/17.0/nios2eds/bin/gnu/h-x86_64-mingw32/bin/../lib/gcc/nios2-elf/5.3.0/../../../../../H-x86_64-mingw32/nios2-elf/lib/mno-hw-mul\libc.a(lib_a-__atexit.o)
 .bss           0x000000000000d448        0x0 c:/intelfpga_lite/17.0/nios2eds/bin/gnu/h-x86_64-mingw32/bin/../lib/gcc/nios2-elf/5.3.0/../../../../../H-x86_64-mingw32/nios2-elf/lib/mno-hw-mul\libc.a(lib_a-__call_atexit.o)
 .bss           0x000000000000d448        0x0 c:/intelfpga_lite/17.0/nios2eds/bin/gnu/h-x86_64-mingw32/bin/../lib/gcc/nios2-elf/5.3.0/mno-hw-mul\libgcc.a(lib2-mul.o)
 .bss           0x000000000000d448        0x0 ../nios_software_bsp/\libhal_bsp.a(alt_exit.o)
 *(COMMON)
 COMMON         0x000000000000d448      0x100 ../nios_software_bsp/\libhal_bsp.a(alt_irq_handler.o)
                0x000000000000d448                alt_irq
                0x000000000000d548                . = ALIGN (0x4)
                0x000000000000d548                __bss_end = ABSOLUTE (.)

.onchip_memory2_0
                0x000000000000d548        0x0
                [!provide]                        PROVIDE (_alt_partition_onchip_memory2_0_start, ABSOLUTE (.))
 *(.onchip_memory2_0 .onchip_memory2_0. onchip_memory2_0.*)
                0x000000000000d548                . = ALIGN (0x4)
                [!provide]                        PROVIDE (_alt_partition_onchip_memory2_0_end, ABSOLUTE (.))
                0x000000000000d548                _end = ABSOLUTE (.)
                0x000000000000d548                end = ABSOLUTE (.)
                0x000000000000d548                __alt_stack_base = ABSOLUTE (.)
                [!provide]                        PROVIDE (_alt_partition_onchip_memory2_0_load_addr, LOADADDR (.onchip_memory2_0))

.stab
 *(.stab)

.stabstr
 *(.stabstr)

.stab.excl
 *(.stab.excl)

.stab.exclstr
 *(.stab.exclstr)

.stab.index
 *(.stab.index)

.stab.indexstr
 *(.stab.indexstr)

.comment        0x0000000000000000       0x23
 *(.comment)
 .comment       0x0000000000000000       0x23 obj/default/Lab_3.o
                                         0x24 (size before relaxing)
 .comment       0x0000000000000023       0x24 ../nios_software_bsp/\libhal_bsp.a(alt_iic.o)
 .comment       0x0000000000000023       0x24 ../nios_software_bsp/\libhal_bsp.a(alt_iic_isr_register.o)
 .comment       0x0000000000000023       0x24 ../nios_software_bsp/\libhal_bsp.a(alt_irq_handler.o)
 .comment       0x0000000000000023       0x24 ../nios_software_bsp/\libhal_bsp.a(alt_irq_vars.o)
 .comment       0x0000000000000023       0x24 ../nios_software_bsp/\libhal_bsp.a(alt_load.o)
 .comment       0x0000000000000023       0x24 ../nios_software_bsp/\libhal_bsp.a(alt_main.o)
 .comment       0x0000000000000023       0x24 ../nios_software_bsp/\libhal_bsp.a(alt_sys_init.o)
 .comment       0x0000000000000023       0x24 ../nios_software_bsp/\libhal_bsp.a(altera_avalon_jtag_uart_fd.o)
 .comment       0x0000000000000023       0x24 ../nios_software_bsp/\libhal_bsp.a(altera_avalon_jtag_uart_init.o)
 .comment       0x0000000000000023       0x24 ../nios_software_bsp/\libhal_bsp.a(altera_avalon_jtag_uart_ioctl.o)
 .comment       0x0000000000000023       0x24 ../nios_software_bsp/\libhal_bsp.a(altera_avalon_jtag_uart_read.o)
 .comment       0x0000000000000023       0x24 ../nios_software_bsp/\libhal_bsp.a(altera_avalon_jtag_uart_write.o)
 .comment       0x0000000000000023       0x24 ../nios_software_bsp/\libhal_bsp.a(altera_avalon_timer_sc.o)
 .comment       0x0000000000000023       0x24 ../nios_software_bsp/\libhal_bsp.a(alt_alarm_start.o)
 .comment       0x0000000000000023       0x24 ../nios_software_bsp/\libhal_bsp.a(alt_close.o)
 .comment       0x0000000000000023       0x24 ../nios_software_bsp/\libhal_bsp.a(alt_dcache_flush_all.o)
 .comment       0x0000000000000023       0x24 ../nios_software_bsp/\libhal_bsp.a(alt_dev.o)
 .comment       0x0000000000000023       0x24 ../nios_software_bsp/\libhal_bsp.a(alt_dev_llist_insert.o)
 .comment       0x0000000000000023       0x24 ../nios_software_bsp/\libhal_bsp.a(alt_do_ctors.o)
 .comment       0x0000000000000023       0x24 ../nios_software_bsp/\libhal_bsp.a(alt_do_dtors.o)
 .comment       0x0000000000000023       0x24 ../nios_software_bsp/\libhal_bsp.a(alt_errno.o)
 .comment       0x0000000000000023       0x24 ../nios_software_bsp/\libhal_bsp.a(alt_icache_flush_all.o)
 .comment       0x0000000000000023       0x24 ../nios_software_bsp/\libhal_bsp.a(alt_instruction_exception_entry.o)
 .comment       0x0000000000000023       0x24 ../nios_software_bsp/\libhal_bsp.a(alt_io_redirect.o)
 .comment       0x0000000000000023       0x24 ../nios_software_bsp/\libhal_bsp.a(alt_open.o)
 .comment       0x0000000000000023       0x24 ../nios_software_bsp/\libhal_bsp.a(alt_release_fd.o)
 .comment       0x0000000000000023       0x24 ../nios_software_bsp/\libhal_bsp.a(alt_tick.o)
 .comment       0x0000000000000023       0x24 ../nios_software_bsp/\libhal_bsp.a(altera_nios2_gen2_irq.o)
 .comment       0x0000000000000023       0x24 ../nios_software_bsp/\libhal_bsp.a(alt_find_dev.o)
 .comment       0x0000000000000023       0x24 ../nios_software_bsp/\libhal_bsp.a(alt_find_file.o)
 .comment       0x0000000000000023       0x24 ../nios_software_bsp/\libhal_bsp.a(alt_get_fd.o)
 .comment       0x0000000000000023       0x24 c:/intelfpga_lite/17.0/nios2eds/bin/gnu/h-x86_64-mingw32/bin/../lib/gcc/nios2-elf/5.3.0/../../../../../H-x86_64-mingw32/nios2-elf/lib/mno-hw-mul\libc.a(lib_a-atexit.o)
 .comment       0x0000000000000023       0x24 c:/intelfpga_lite/17.0/nios2eds/bin/gnu/h-x86_64-mingw32/bin/../lib/gcc/nios2-elf/5.3.0/../../../../../H-x86_64-mingw32/nios2-elf/lib/mno-hw-mul\libc.a(lib_a-exit.o)
 .comment       0x0000000000000023       0x24 c:/intelfpga_lite/17.0/nios2eds/bin/gnu/h-x86_64-mingw32/bin/../lib/gcc/nios2-elf/5.3.0/../../../../../H-x86_64-mingw32/nios2-elf/lib/mno-hw-mul\libc.a(lib_a-impure.o)
 .comment       0x0000000000000023       0x24 c:/intelfpga_lite/17.0/nios2eds/bin/gnu/h-x86_64-mingw32/bin/../lib/gcc/nios2-elf/5.3.0/../../../../../H-x86_64-mingw32/nios2-elf/lib/mno-hw-mul\libc.a(lib_a-int_errno.o)
 .comment       0x0000000000000023       0x24 c:/intelfpga_lite/17.0/nios2eds/bin/gnu/h-x86_64-mingw32/bin/../lib/gcc/nios2-elf/5.3.0/../../../../../H-x86_64-mingw32/nios2-elf/lib/mno-hw-mul\libc.a(lib_a-memcmp.o)
 .comment       0x0000000000000023       0x24 c:/intelfpga_lite/17.0/nios2eds/bin/gnu/h-x86_64-mingw32/bin/../lib/gcc/nios2-elf/5.3.0/../../../../../H-x86_64-mingw32/nios2-elf/lib/mno-hw-mul\libc.a(lib_a-memcpy.o)
 .comment       0x0000000000000023       0x24 c:/intelfpga_lite/17.0/nios2eds/bin/gnu/h-x86_64-mingw32/bin/../lib/gcc/nios2-elf/5.3.0/../../../../../H-x86_64-mingw32/nios2-elf/lib/mno-hw-mul\libc.a(lib_a-strlen.o)
 .comment       0x0000000000000023       0x24 c:/intelfpga_lite/17.0/nios2eds/bin/gnu/h-x86_64-mingw32/bin/../lib/gcc/nios2-elf/5.3.0/../../../../../H-x86_64-mingw32/nios2-elf/lib/mno-hw-mul\libc.a(lib_a-__atexit.o)
 .comment       0x0000000000000023       0x24 c:/intelfpga_lite/17.0/nios2eds/bin/gnu/h-x86_64-mingw32/bin/../lib/gcc/nios2-elf/5.3.0/../../../../../H-x86_64-mingw32/nios2-elf/lib/mno-hw-mul\libc.a(lib_a-__call_atexit.o)
 .comment       0x0000000000000023       0x24 c:/intelfpga_lite/17.0/nios2eds/bin/gnu/h-x86_64-mingw32/bin/../lib/gcc/nios2-elf/5.3.0/mno-hw-mul\libgcc.a(lib2-mul.o)
 .comment       0x0000000000000023       0x24 ../nios_software_bsp/\libhal_bsp.a(alt_exit.o)

.debug
 *(.debug)

.line
 *(.line)

.debug_srcinfo
 *(.debug_srcinfo)

.debug_sfnames
 *(.debug_sfnames)

.debug_aranges  0x0000000000000000      0x5d8
 *(.debug_aranges)
 .debug_aranges
                0x0000000000000000       0x28 ../nios_software_bsp//obj/HAL/src/crt0.o
 .debug_aranges
                0x0000000000000028       0x20 obj/default/Lab_3.o
 .debug_aranges
                0x0000000000000048       0x20 ../nios_software_bsp/\libhal_bsp.a(alt_iic.o)
 .debug_aranges
                0x0000000000000068       0x20 ../nios_software_bsp/\libhal_bsp.a(alt_iic_isr_register.o)
 .debug_aranges
                0x0000000000000088       0x30 ../nios_software_bsp/\libhal_bsp.a(alt_irq_entry.o)
 .debug_aranges
                0x00000000000000b8       0x20 ../nios_software_bsp/\libhal_bsp.a(alt_irq_handler.o)
 .debug_aranges
                0x00000000000000d8       0x18 ../nios_software_bsp/\libhal_bsp.a(alt_irq_vars.o)
 .debug_aranges
                0x00000000000000f0       0x20 ../nios_software_bsp/\libhal_bsp.a(alt_load.o)
 .debug_aranges
                0x0000000000000110       0x20 ../nios_software_bsp/\libhal_bsp.a(alt_main.o)
 .debug_aranges
                0x0000000000000130       0x20 ../nios_software_bsp/\libhal_bsp.a(alt_sys_init.o)
 .debug_aranges
                0x0000000000000150       0x20 ../nios_software_bsp/\libhal_bsp.a(altera_avalon_jtag_uart_fd.o)
 .debug_aranges
                0x0000000000000170       0x20 ../nios_software_bsp/\libhal_bsp.a(altera_avalon_jtag_uart_init.o)
 .debug_aranges
                0x0000000000000190       0x20 ../nios_software_bsp/\libhal_bsp.a(altera_avalon_jtag_uart_ioctl.o)
 .debug_aranges
                0x00000000000001b0       0x20 ../nios_software_bsp/\libhal_bsp.a(altera_avalon_jtag_uart_read.o)
 .debug_aranges
                0x00000000000001d0       0x20 ../nios_software_bsp/\libhal_bsp.a(altera_avalon_jtag_uart_write.o)
 .debug_aranges
                0x00000000000001f0       0x20 ../nios_software_bsp/\libhal_bsp.a(altera_avalon_timer_sc.o)
 .debug_aranges
                0x0000000000000210       0x20 ../nios_software_bsp/\libhal_bsp.a(alt_alarm_start.o)
 .debug_aranges
                0x0000000000000230       0x20 ../nios_software_bsp/\libhal_bsp.a(alt_close.o)
 .debug_aranges
                0x0000000000000250       0x20 ../nios_software_bsp/\libhal_bsp.a(alt_dcache_flush_all.o)
 .debug_aranges
                0x0000000000000270       0x20 ../nios_software_bsp/\libhal_bsp.a(alt_dev.o)
 .debug_aranges
                0x0000000000000290       0x20 ../nios_software_bsp/\libhal_bsp.a(alt_dev_llist_insert.o)
 .debug_aranges
                0x00000000000002b0       0x20 ../nios_software_bsp/\libhal_bsp.a(alt_do_ctors.o)
 .debug_aranges
                0x00000000000002d0       0x20 ../nios_software_bsp/\libhal_bsp.a(alt_do_dtors.o)
 .debug_aranges
                0x00000000000002f0       0x18 ../nios_software_bsp/\libhal_bsp.a(alt_errno.o)
 .debug_aranges
                0x0000000000000308       0x38 ../nios_software_bsp/\libhal_bsp.a(alt_exception_entry.o)
 .debug_aranges
                0x0000000000000340       0x20 ../nios_software_bsp/\libhal_bsp.a(alt_icache_flush_all.o)
 .debug_aranges
                0x0000000000000360       0x28 ../nios_software_bsp/\libhal_bsp.a(alt_instruction_exception_entry.o)
 .debug_aranges
                0x0000000000000388       0x20 ../nios_software_bsp/\libhal_bsp.a(alt_io_redirect.o)
 .debug_aranges
                0x00000000000003a8       0x20 ../nios_software_bsp/\libhal_bsp.a(alt_open.o)
 .debug_aranges
                0x00000000000003c8       0x20 ../nios_software_bsp/\libhal_bsp.a(alt_release_fd.o)
 .debug_aranges
                0x00000000000003e8       0x20 ../nios_software_bsp/\libhal_bsp.a(alt_tick.o)
 .debug_aranges
                0x0000000000000408       0x20 ../nios_software_bsp/\libhal_bsp.a(altera_nios2_gen2_irq.o)
 .debug_aranges
                0x0000000000000428       0x20 ../nios_software_bsp/\libhal_bsp.a(alt_find_dev.o)
 .debug_aranges
                0x0000000000000448       0x20 ../nios_software_bsp/\libhal_bsp.a(alt_find_file.o)
 .debug_aranges
                0x0000000000000468       0x20 ../nios_software_bsp/\libhal_bsp.a(alt_get_fd.o)
 .debug_aranges
                0x0000000000000488       0x20 c:/intelfpga_lite/17.0/nios2eds/bin/gnu/h-x86_64-mingw32/bin/../lib/gcc/nios2-elf/5.3.0/../../../../../H-x86_64-mingw32/nios2-elf/lib/mno-hw-mul\libc.a(lib_a-atexit.o)
 .debug_aranges
                0x00000000000004a8       0x20 c:/intelfpga_lite/17.0/nios2eds/bin/gnu/h-x86_64-mingw32/bin/../lib/gcc/nios2-elf/5.3.0/../../../../../H-x86_64-mingw32/nios2-elf/lib/mno-hw-mul\libc.a(lib_a-exit.o)
 .debug_aranges
                0x00000000000004c8       0x18 c:/intelfpga_lite/17.0/nios2eds/bin/gnu/h-x86_64-mingw32/bin/../lib/gcc/nios2-elf/5.3.0/../../../../../H-x86_64-mingw32/nios2-elf/lib/mno-hw-mul\libc.a(lib_a-impure.o)
 .debug_aranges
                0x00000000000004e0       0x18 c:/intelfpga_lite/17.0/nios2eds/bin/gnu/h-x86_64-mingw32/bin/../lib/gcc/nios2-elf/5.3.0/../../../../../H-x86_64-mingw32/nios2-elf/lib/mno-hw-mul\libc.a(lib_a-int_errno.o)
 .debug_aranges
                0x00000000000004f8       0x20 c:/intelfpga_lite/17.0/nios2eds/bin/gnu/h-x86_64-mingw32/bin/../lib/gcc/nios2-elf/5.3.0/../../../../../H-x86_64-mingw32/nios2-elf/lib/mno-hw-mul\libc.a(lib_a-memcmp.o)
 .debug_aranges
                0x0000000000000518       0x20 c:/intelfpga_lite/17.0/nios2eds/bin/gnu/h-x86_64-mingw32/bin/../lib/gcc/nios2-elf/5.3.0/../../../../../H-x86_64-mingw32/nios2-elf/lib/mno-hw-mul\libc.a(lib_a-memcpy.o)
 .debug_aranges
                0x0000000000000538       0x20 c:/intelfpga_lite/17.0/nios2eds/bin/gnu/h-x86_64-mingw32/bin/../lib/gcc/nios2-elf/5.3.0/../../../../../H-x86_64-mingw32/nios2-elf/lib/mno-hw-mul\libc.a(lib_a-strlen.o)
 .debug_aranges
                0x0000000000000558       0x20 c:/intelfpga_lite/17.0/nios2eds/bin/gnu/h-x86_64-mingw32/bin/../lib/gcc/nios2-elf/5.3.0/../../../../../H-x86_64-mingw32/nios2-elf/lib/mno-hw-mul\libc.a(lib_a-__atexit.o)
 .debug_aranges
                0x0000000000000578       0x20 c:/intelfpga_lite/17.0/nios2eds/bin/gnu/h-x86_64-mingw32/bin/../lib/gcc/nios2-elf/5.3.0/../../../../../H-x86_64-mingw32/nios2-elf/lib/mno-hw-mul\libc.a(lib_a-__call_atexit.o)
 .debug_aranges
                0x0000000000000598       0x20 c:/intelfpga_lite/17.0/nios2eds/bin/gnu/h-x86_64-mingw32/bin/../lib/gcc/nios2-elf/5.3.0/mno-hw-mul\libgcc.a(lib2-mul.o)
 .debug_aranges
                0x00000000000005b8       0x20 ../nios_software_bsp/\libhal_bsp.a(alt_exit.o)

.debug_pubnames
 *(.debug_pubnames)

.debug_info     0x0000000000000000     0x7857
 *(.debug_info .gnu.linkonce.wi.*)
 .debug_info    0x0000000000000000       0x61 ../nios_software_bsp//obj/HAL/src/crt0.o
 .debug_info    0x0000000000000061      0x1fd obj/default/Lab_3.o
 .debug_info    0x000000000000025e      0x350 ../nios_software_bsp/\libhal_bsp.a(alt_iic.o)
 .debug_info    0x00000000000005ae      0x1ef ../nios_software_bsp/\libhal_bsp.a(alt_iic_isr_register.o)
 .debug_info    0x000000000000079d       0x6a ../nios_software_bsp/\libhal_bsp.a(alt_irq_entry.o)
 .debug_info    0x0000000000000807      0x187 ../nios_software_bsp/\libhal_bsp.a(alt_irq_handler.o)
 .debug_info    0x000000000000098e       0x88 ../nios_software_bsp/\libhal_bsp.a(alt_irq_vars.o)
 .debug_info    0x0000000000000a16      0x145 ../nios_software_bsp/\libhal_bsp.a(alt_load.o)
 .debug_info    0x0000000000000b5b      0x131 ../nios_software_bsp/\libhal_bsp.a(alt_main.o)
 .debug_info    0x0000000000000c8c      0x4d9 ../nios_software_bsp/\libhal_bsp.a(alt_sys_init.o)
 .debug_info    0x0000000000001165      0x52e ../nios_software_bsp/\libhal_bsp.a(altera_avalon_jtag_uart_fd.o)
 .debug_info    0x0000000000001693      0x3a0 ../nios_software_bsp/\libhal_bsp.a(altera_avalon_jtag_uart_init.o)
 .debug_info    0x0000000000001a33      0x280 ../nios_software_bsp/\libhal_bsp.a(altera_avalon_jtag_uart_ioctl.o)
 .debug_info    0x0000000000001cb3      0x345 ../nios_software_bsp/\libhal_bsp.a(altera_avalon_jtag_uart_read.o)
 .debug_info    0x0000000000001ff8      0x340 ../nios_software_bsp/\libhal_bsp.a(altera_avalon_jtag_uart_write.o)
 .debug_info    0x0000000000002338      0x226 ../nios_software_bsp/\libhal_bsp.a(altera_avalon_timer_sc.o)
 .debug_info    0x000000000000255e      0x2cc ../nios_software_bsp/\libhal_bsp.a(alt_alarm_start.o)
 .debug_info    0x000000000000282a      0x321 ../nios_software_bsp/\libhal_bsp.a(alt_close.o)
 .debug_info    0x0000000000002b4b       0x92 ../nios_software_bsp/\libhal_bsp.a(alt_dcache_flush_all.o)
 .debug_info    0x0000000000002bdd      0x49c ../nios_software_bsp/\libhal_bsp.a(alt_dev.o)
 .debug_info    0x0000000000003079      0x1a9 ../nios_software_bsp/\libhal_bsp.a(alt_dev_llist_insert.o)
 .debug_info    0x0000000000003222       0x83 ../nios_software_bsp/\libhal_bsp.a(alt_do_ctors.o)
 .debug_info    0x00000000000032a5       0x83 ../nios_software_bsp/\libhal_bsp.a(alt_do_dtors.o)
 .debug_info    0x0000000000003328       0xa6 ../nios_software_bsp/\libhal_bsp.a(alt_errno.o)
 .debug_info    0x00000000000033ce       0x70 ../nios_software_bsp/\libhal_bsp.a(alt_exception_entry.o)
 .debug_info    0x000000000000343e       0x92 ../nios_software_bsp/\libhal_bsp.a(alt_icache_flush_all.o)
 .debug_info    0x00000000000034d0      0x1e7 ../nios_software_bsp/\libhal_bsp.a(alt_instruction_exception_entry.o)
 .debug_info    0x00000000000036b7      0x4a5 ../nios_software_bsp/\libhal_bsp.a(alt_io_redirect.o)
 .debug_info    0x0000000000003b5c      0x3bb ../nios_software_bsp/\libhal_bsp.a(alt_open.o)
 .debug_info    0x0000000000003f17      0x2b0 ../nios_software_bsp/\libhal_bsp.a(alt_release_fd.o)
 .debug_info    0x00000000000041c7      0x299 ../nios_software_bsp/\libhal_bsp.a(alt_tick.o)
 .debug_info    0x0000000000004460       0x92 ../nios_software_bsp/\libhal_bsp.a(altera_nios2_gen2_irq.o)
 .debug_info    0x00000000000044f2      0x2e9 ../nios_software_bsp/\libhal_bsp.a(alt_find_dev.o)
 .debug_info    0x00000000000047db      0x2e6 ../nios_software_bsp/\libhal_bsp.a(alt_find_file.o)
 .debug_info    0x0000000000004ac1      0x310 ../nios_software_bsp/\libhal_bsp.a(alt_get_fd.o)
 .debug_info    0x0000000000004dd1       0xfe c:/intelfpga_lite/17.0/nios2eds/bin/gnu/h-x86_64-mingw32/bin/../lib/gcc/nios2-elf/5.3.0/../../../../../H-x86_64-mingw32/nios2-elf/lib/mno-hw-mul\libc.a(lib_a-atexit.o)
 .debug_info    0x0000000000004ecf      0x8e4 c:/intelfpga_lite/17.0/nios2eds/bin/gnu/h-x86_64-mingw32/bin/../lib/gcc/nios2-elf/5.3.0/../../../../../H-x86_64-mingw32/nios2-elf/lib/mno-hw-mul\libc.a(lib_a-exit.o)
 .debug_info    0x00000000000057b3      0x8a1 c:/intelfpga_lite/17.0/nios2eds/bin/gnu/h-x86_64-mingw32/bin/../lib/gcc/nios2-elf/5.3.0/../../../../../H-x86_64-mingw32/nios2-elf/lib/mno-hw-mul\libc.a(lib_a-impure.o)
 .debug_info    0x0000000000006054       0x8a c:/intelfpga_lite/17.0/nios2eds/bin/gnu/h-x86_64-mingw32/bin/../lib/gcc/nios2-elf/5.3.0/../../../../../H-x86_64-mingw32/nios2-elf/lib/mno-hw-mul\libc.a(lib_a-int_errno.o)
 .debug_info    0x00000000000060de      0x11a c:/intelfpga_lite/17.0/nios2eds/bin/gnu/h-x86_64-mingw32/bin/../lib/gcc/nios2-elf/5.3.0/../../../../../H-x86_64-mingw32/nios2-elf/lib/mno-hw-mul\libc.a(lib_a-memcmp.o)
 .debug_info    0x00000000000061f8      0x144 c:/intelfpga_lite/17.0/nios2eds/bin/gnu/h-x86_64-mingw32/bin/../lib/gcc/nios2-elf/5.3.0/../../../../../H-x86_64-mingw32/nios2-elf/lib/mno-hw-mul\libc.a(lib_a-memcpy.o)
 .debug_info    0x000000000000633c       0xe2 c:/intelfpga_lite/17.0/nios2eds/bin/gnu/h-x86_64-mingw32/bin/../lib/gcc/nios2-elf/5.3.0/../../../../../H-x86_64-mingw32/nios2-elf/lib/mno-hw-mul\libc.a(lib_a-strlen.o)
 .debug_info    0x000000000000641e      0x934 c:/intelfpga_lite/17.0/nios2eds/bin/gnu/h-x86_64-mingw32/bin/../lib/gcc/nios2-elf/5.3.0/../../../../../H-x86_64-mingw32/nios2-elf/lib/mno-hw-mul\libc.a(lib_a-__atexit.o)
 .debug_info    0x0000000000006d52      0x965 c:/intelfpga_lite/17.0/nios2eds/bin/gnu/h-x86_64-mingw32/bin/../lib/gcc/nios2-elf/5.3.0/../../../../../H-x86_64-mingw32/nios2-elf/lib/mno-hw-mul\libc.a(lib_a-__call_atexit.o)
 .debug_info    0x00000000000076b7       0xb4 c:/intelfpga_lite/17.0/nios2eds/bin/gnu/h-x86_64-mingw32/bin/../lib/gcc/nios2-elf/5.3.0/mno-hw-mul\libgcc.a(lib2-mul.o)
 .debug_info    0x000000000000776b       0xec ../nios_software_bsp/\libhal_bsp.a(alt_exit.o)

.debug_abbrev   0x0000000000000000     0x2b1b
 *(.debug_abbrev)
 .debug_abbrev  0x0000000000000000       0x12 ../nios_software_bsp//obj/HAL/src/crt0.o
 .debug_abbrev  0x0000000000000012      0x112 obj/default/Lab_3.o
 .debug_abbrev  0x0000000000000124      0x163 ../nios_software_bsp/\libhal_bsp.a(alt_iic.o)
 .debug_abbrev  0x0000000000000287      0x169 ../nios_software_bsp/\libhal_bsp.a(alt_iic_isr_register.o)
 .debug_abbrev  0x00000000000003f0       0x12 ../nios_software_bsp/\libhal_bsp.a(alt_irq_entry.o)
 .debug_abbrev  0x0000000000000402      0x122 ../nios_software_bsp/\libhal_bsp.a(alt_irq_handler.o)
 .debug_abbrev  0x0000000000000524       0x40 ../nios_software_bsp/\libhal_bsp.a(alt_irq_vars.o)
 .debug_abbrev  0x0000000000000564       0x9f ../nios_software_bsp/\libhal_bsp.a(alt_load.o)
 .debug_abbrev  0x0000000000000603       0xba ../nios_software_bsp/\libhal_bsp.a(alt_main.o)
 .debug_abbrev  0x00000000000006bd      0x187 ../nios_software_bsp/\libhal_bsp.a(alt_sys_init.o)
 .debug_abbrev  0x0000000000000844      0x127 ../nios_software_bsp/\libhal_bsp.a(altera_avalon_jtag_uart_fd.o)
 .debug_abbrev  0x000000000000096b      0x19e ../nios_software_bsp/\libhal_bsp.a(altera_avalon_jtag_uart_init.o)
 .debug_abbrev  0x0000000000000b09      0x111 ../nios_software_bsp/\libhal_bsp.a(altera_avalon_jtag_uart_ioctl.o)
 .debug_abbrev  0x0000000000000c1a      0x1aa ../nios_software_bsp/\libhal_bsp.a(altera_avalon_jtag_uart_read.o)
 .debug_abbrev  0x0000000000000dc4      0x1a8 ../nios_software_bsp/\libhal_bsp.a(altera_avalon_jtag_uart_write.o)
 .debug_abbrev  0x0000000000000f6c      0x155 ../nios_software_bsp/\libhal_bsp.a(altera_avalon_timer_sc.o)
 .debug_abbrev  0x00000000000010c1      0x162 ../nios_software_bsp/\libhal_bsp.a(alt_alarm_start.o)
 .debug_abbrev  0x0000000000001223      0x11f ../nios_software_bsp/\libhal_bsp.a(alt_close.o)
 .debug_abbrev  0x0000000000001342       0x42 ../nios_software_bsp/\libhal_bsp.a(alt_dcache_flush_all.o)
 .debug_abbrev  0x0000000000001384       0xd9 ../nios_software_bsp/\libhal_bsp.a(alt_dev.o)
 .debug_abbrev  0x000000000000145d      0x114 ../nios_software_bsp/\libhal_bsp.a(alt_dev_llist_insert.o)
 .debug_abbrev  0x0000000000001571       0x79 ../nios_software_bsp/\libhal_bsp.a(alt_do_ctors.o)
 .debug_abbrev  0x00000000000015ea       0x79 ../nios_software_bsp/\libhal_bsp.a(alt_do_dtors.o)
 .debug_abbrev  0x0000000000001663       0x5a ../nios_software_bsp/\libhal_bsp.a(alt_errno.o)
 .debug_abbrev  0x00000000000016bd       0x12 ../nios_software_bsp/\libhal_bsp.a(alt_exception_entry.o)
 .debug_abbrev  0x00000000000016cf       0x42 ../nios_software_bsp/\libhal_bsp.a(alt_icache_flush_all.o)
 .debug_abbrev  0x0000000000001711       0xdc ../nios_software_bsp/\libhal_bsp.a(alt_instruction_exception_entry.o)
 .debug_abbrev  0x00000000000017ed      0x114 ../nios_software_bsp/\libhal_bsp.a(alt_io_redirect.o)
 .debug_abbrev  0x0000000000001901      0x148 ../nios_software_bsp/\libhal_bsp.a(alt_open.o)
 .debug_abbrev  0x0000000000001a49       0xde ../nios_software_bsp/\libhal_bsp.a(alt_release_fd.o)
 .debug_abbrev  0x0000000000001b27      0x15a ../nios_software_bsp/\libhal_bsp.a(alt_tick.o)
 .debug_abbrev  0x0000000000001c81       0x42 ../nios_software_bsp/\libhal_bsp.a(altera_nios2_gen2_irq.o)
 .debug_abbrev  0x0000000000001cc3       0xf0 ../nios_software_bsp/\libhal_bsp.a(alt_find_dev.o)
 .debug_abbrev  0x0000000000001db3       0xf0 ../nios_software_bsp/\libhal_bsp.a(alt_find_file.o)
 .debug_abbrev  0x0000000000001ea3      0x10d ../nios_software_bsp/\libhal_bsp.a(alt_get_fd.o)
 .debug_abbrev  0x0000000000001fb0       0xaa c:/intelfpga_lite/17.0/nios2eds/bin/gnu/h-x86_64-mingw32/bin/../lib/gcc/nios2-elf/5.3.0/../../../../../H-x86_64-mingw32/nios2-elf/lib/mno-hw-mul\libc.a(lib_a-atexit.o)
 .debug_abbrev  0x000000000000205a      0x1e5 c:/intelfpga_lite/17.0/nios2eds/bin/gnu/h-x86_64-mingw32/bin/../lib/gcc/nios2-elf/5.3.0/../../../../../H-x86_64-mingw32/nios2-elf/lib/mno-hw-mul\libc.a(lib_a-exit.o)
 .debug_abbrev  0x000000000000223f      0x18f c:/intelfpga_lite/17.0/nios2eds/bin/gnu/h-x86_64-mingw32/bin/../lib/gcc/nios2-elf/5.3.0/../../../../../H-x86_64-mingw32/nios2-elf/lib/mno-hw-mul\libc.a(lib_a-impure.o)
 .debug_abbrev  0x00000000000023ce       0x37 c:/intelfpga_lite/17.0/nios2eds/bin/gnu/h-x86_64-mingw32/bin/../lib/gcc/nios2-elf/5.3.0/../../../../../H-x86_64-mingw32/nios2-elf/lib/mno-hw-mul\libc.a(lib_a-int_errno.o)
 .debug_abbrev  0x0000000000002405       0x7f c:/intelfpga_lite/17.0/nios2eds/bin/gnu/h-x86_64-mingw32/bin/../lib/gcc/nios2-elf/5.3.0/../../../../../H-x86_64-mingw32/nios2-elf/lib/mno-hw-mul\libc.a(lib_a-memcmp.o)
 .debug_abbrev  0x0000000000002484       0xa3 c:/intelfpga_lite/17.0/nios2eds/bin/gnu/h-x86_64-mingw32/bin/../lib/gcc/nios2-elf/5.3.0/../../../../../H-x86_64-mingw32/nios2-elf/lib/mno-hw-mul\libc.a(lib_a-memcpy.o)
 .debug_abbrev  0x0000000000002527       0x90 c:/intelfpga_lite/17.0/nios2eds/bin/gnu/h-x86_64-mingw32/bin/../lib/gcc/nios2-elf/5.3.0/../../../../../H-x86_64-mingw32/nios2-elf/lib/mno-hw-mul\libc.a(lib_a-strlen.o)
 .debug_abbrev  0x00000000000025b7      0x21e c:/intelfpga_lite/17.0/nios2eds/bin/gnu/h-x86_64-mingw32/bin/../lib/gcc/nios2-elf/5.3.0/../../../../../H-x86_64-mingw32/nios2-elf/lib/mno-hw-mul\libc.a(lib_a-__atexit.o)
 .debug_abbrev  0x00000000000027d5      0x22e c:/intelfpga_lite/17.0/nios2eds/bin/gnu/h-x86_64-mingw32/bin/../lib/gcc/nios2-elf/5.3.0/../../../../../H-x86_64-mingw32/nios2-elf/lib/mno-hw-mul\libc.a(lib_a-__call_atexit.o)
 .debug_abbrev  0x0000000000002a03       0x6f c:/intelfpga_lite/17.0/nios2eds/bin/gnu/h-x86_64-mingw32/bin/../lib/gcc/nios2-elf/5.3.0/mno-hw-mul\libgcc.a(lib2-mul.o)
 .debug_abbrev  0x0000000000002a72       0xa9 ../nios_software_bsp/\libhal_bsp.a(alt_exit.o)

.debug_line     0x0000000000000000     0x2ade
 *(.debug_line)
 .debug_line    0x0000000000000000       0x66 ../nios_software_bsp//obj/HAL/src/crt0.o
 .debug_line    0x0000000000000066       0xc1 obj/default/Lab_3.o
 .debug_line    0x0000000000000127       0xeb ../nios_software_bsp/\libhal_bsp.a(alt_iic.o)
 .debug_line    0x0000000000000212       0xdb ../nios_software_bsp/\libhal_bsp.a(alt_iic_isr_register.o)
 .debug_line    0x00000000000002ed       0x6b ../nios_software_bsp/\libhal_bsp.a(alt_irq_entry.o)
 .debug_line    0x0000000000000358       0xaa ../nios_software_bsp/\libhal_bsp.a(alt_irq_handler.o)
 .debug_line    0x0000000000000402       0x50 ../nios_software_bsp/\libhal_bsp.a(alt_irq_vars.o)
 .debug_line    0x0000000000000452       0x8e ../nios_software_bsp/\libhal_bsp.a(alt_load.o)
 .debug_line    0x00000000000004e0       0xa4 ../nios_software_bsp/\libhal_bsp.a(alt_main.o)
 .debug_line    0x0000000000000584      0x152 ../nios_software_bsp/\libhal_bsp.a(alt_sys_init.o)
 .debug_line    0x00000000000006d6      0x12f ../nios_software_bsp/\libhal_bsp.a(altera_avalon_jtag_uart_fd.o)
 .debug_line    0x0000000000000805      0x18b ../nios_software_bsp/\libhal_bsp.a(altera_avalon_jtag_uart_init.o)
 .debug_line    0x0000000000000990      0x131 ../nios_software_bsp/\libhal_bsp.a(altera_avalon_jtag_uart_ioctl.o)
 .debug_line    0x0000000000000ac1      0x171 ../nios_software_bsp/\libhal_bsp.a(altera_avalon_jtag_uart_read.o)
 .debug_line    0x0000000000000c32      0x170 ../nios_software_bsp/\libhal_bsp.a(altera_avalon_jtag_uart_write.o)
 .debug_line    0x0000000000000da2       0xfd ../nios_software_bsp/\libhal_bsp.a(altera_avalon_timer_sc.o)
 .debug_line    0x0000000000000e9f       0xf9 ../nios_software_bsp/\libhal_bsp.a(alt_alarm_start.o)
 .debug_line    0x0000000000000f98      0x160 ../nios_software_bsp/\libhal_bsp.a(alt_close.o)
 .debug_line    0x00000000000010f8       0x51 ../nios_software_bsp/\libhal_bsp.a(alt_dcache_flush_all.o)
 .debug_line    0x0000000000001149       0xf3 ../nios_software_bsp/\libhal_bsp.a(alt_dev.o)
 .debug_line    0x000000000000123c       0xcf ../nios_software_bsp/\libhal_bsp.a(alt_dev_llist_insert.o)
 .debug_line    0x000000000000130b       0x59 ../nios_software_bsp/\libhal_bsp.a(alt_do_ctors.o)
 .debug_line    0x0000000000001364       0x59 ../nios_software_bsp/\libhal_bsp.a(alt_do_dtors.o)
 .debug_line    0x00000000000013bd       0x51 ../nios_software_bsp/\libhal_bsp.a(alt_errno.o)
 .debug_line    0x000000000000140e       0xb3 ../nios_software_bsp/\libhal_bsp.a(alt_exception_entry.o)
 .debug_line    0x00000000000014c1       0x4f ../nios_software_bsp/\libhal_bsp.a(alt_icache_flush_all.o)
 .debug_line    0x0000000000001510       0xb9 ../nios_software_bsp/\libhal_bsp.a(alt_instruction_exception_entry.o)
 .debug_line    0x00000000000015c9      0x130 ../nios_software_bsp/\libhal_bsp.a(alt_io_redirect.o)
 .debug_line    0x00000000000016f9      0x12b ../nios_software_bsp/\libhal_bsp.a(alt_open.o)
 .debug_line    0x0000000000001824       0xb0 ../nios_software_bsp/\libhal_bsp.a(alt_release_fd.o)
 .debug_line    0x00000000000018d4       0xff ../nios_software_bsp/\libhal_bsp.a(alt_tick.o)
 .debug_line    0x00000000000019d3       0x51 ../nios_software_bsp/\libhal_bsp.a(altera_nios2_gen2_irq.o)
 .debug_line    0x0000000000001a24       0xb5 ../nios_software_bsp/\libhal_bsp.a(alt_find_dev.o)
 .debug_line    0x0000000000001ad9       0xd1 ../nios_software_bsp/\libhal_bsp.a(alt_find_file.o)
 .debug_line    0x0000000000001baa       0xd7 ../nios_software_bsp/\libhal_bsp.a(alt_get_fd.o)
 .debug_line    0x0000000000001c81       0xe7 c:/intelfpga_lite/17.0/nios2eds/bin/gnu/h-x86_64-mingw32/bin/../lib/gcc/nios2-elf/5.3.0/../../../../../H-x86_64-mingw32/nios2-elf/lib/mno-hw-mul\libc.a(lib_a-atexit.o)
 .debug_line    0x0000000000001d68      0x1fc c:/intelfpga_lite/17.0/nios2eds/bin/gnu/h-x86_64-mingw32/bin/../lib/gcc/nios2-elf/5.3.0/../../../../../H-x86_64-mingw32/nios2-elf/lib/mno-hw-mul\libc.a(lib_a-exit.o)
 .debug_line    0x0000000000001f64      0x160 c:/intelfpga_lite/17.0/nios2eds/bin/gnu/h-x86_64-mingw32/bin/../lib/gcc/nios2-elf/5.3.0/../../../../../H-x86_64-mingw32/nios2-elf/lib/mno-hw-mul\libc.a(lib_a-impure.o)
 .debug_line    0x00000000000020c4       0x5f c:/intelfpga_lite/17.0/nios2eds/bin/gnu/h-x86_64-mingw32/bin/../lib/gcc/nios2-elf/5.3.0/../../../../../H-x86_64-mingw32/nios2-elf/lib/mno-hw-mul\libc.a(lib_a-int_errno.o)
 .debug_line    0x0000000000002123      0x176 c:/intelfpga_lite/17.0/nios2eds/bin/gnu/h-x86_64-mingw32/bin/../lib/gcc/nios2-elf/5.3.0/../../../../../H-x86_64-mingw32/nios2-elf/lib/mno-hw-mul\libc.a(lib_a-memcmp.o)
 .debug_line    0x0000000000002299      0x18c c:/intelfpga_lite/17.0/nios2eds/bin/gnu/h-x86_64-mingw32/bin/../lib/gcc/nios2-elf/5.3.0/../../../../../H-x86_64-mingw32/nios2-elf/lib/mno-hw-mul\libc.a(lib_a-memcpy.o)
 .debug_line    0x0000000000002425      0x16f c:/intelfpga_lite/17.0/nios2eds/bin/gnu/h-x86_64-mingw32/bin/../lib/gcc/nios2-elf/5.3.0/../../../../../H-x86_64-mingw32/nios2-elf/lib/mno-hw-mul\libc.a(lib_a-strlen.o)
 .debug_line    0x0000000000002594      0x21f c:/intelfpga_lite/17.0/nios2eds/bin/gnu/h-x86_64-mingw32/bin/../lib/gcc/nios2-elf/5.3.0/../../../../../H-x86_64-mingw32/nios2-elf/lib/mno-hw-mul\libc.a(lib_a-__atexit.o)
 .debug_line    0x00000000000027b3      0x23a c:/intelfpga_lite/17.0/nios2eds/bin/gnu/h-x86_64-mingw32/bin/../lib/gcc/nios2-elf/5.3.0/../../../../../H-x86_64-mingw32/nios2-elf/lib/mno-hw-mul\libc.a(lib_a-__call_atexit.o)
 .debug_line    0x00000000000029ed       0x80 c:/intelfpga_lite/17.0/nios2eds/bin/gnu/h-x86_64-mingw32/bin/../lib/gcc/nios2-elf/5.3.0/mno-hw-mul\libgcc.a(lib2-mul.o)
 .debug_line    0x0000000000002a6d       0x71 ../nios_software_bsp/\libhal_bsp.a(alt_exit.o)

.debug_frame    0x0000000000000000      0xb28
 *(.debug_frame)
 .debug_frame   0x0000000000000000       0x50 obj/default/Lab_3.o
 .debug_frame   0x0000000000000050       0xa4 ../nios_software_bsp/\libhal_bsp.a(alt_iic.o)
 .debug_frame   0x00000000000000f4       0x38 ../nios_software_bsp/\libhal_bsp.a(alt_iic_isr_register.o)
 .debug_frame   0x000000000000012c       0x38 ../nios_software_bsp/\libhal_bsp.a(alt_irq_handler.o)
 .debug_frame   0x0000000000000164       0x5c ../nios_software_bsp/\libhal_bsp.a(alt_load.o)
 .debug_frame   0x00000000000001c0       0x2c ../nios_software_bsp/\libhal_bsp.a(alt_main.o)
 .debug_frame   0x00000000000001ec       0x88 ../nios_software_bsp/\libhal_bsp.a(alt_sys_init.o)
 .debug_frame   0x0000000000000274       0xb0 ../nios_software_bsp/\libhal_bsp.a(altera_avalon_jtag_uart_fd.o)
 .debug_frame   0x0000000000000324       0xa4 ../nios_software_bsp/\libhal_bsp.a(altera_avalon_jtag_uart_init.o)
 .debug_frame   0x00000000000003c8       0x34 ../nios_software_bsp/\libhal_bsp.a(altera_avalon_jtag_uart_ioctl.o)
 .debug_frame   0x00000000000003fc       0x38 ../nios_software_bsp/\libhal_bsp.a(altera_avalon_jtag_uart_read.o)
 .debug_frame   0x0000000000000434       0x38 ../nios_software_bsp/\libhal_bsp.a(altera_avalon_jtag_uart_write.o)
 .debug_frame   0x000000000000046c       0x60 ../nios_software_bsp/\libhal_bsp.a(altera_avalon_timer_sc.o)
 .debug_frame   0x00000000000004cc       0x34 ../nios_software_bsp/\libhal_bsp.a(alt_alarm_start.o)
 .debug_frame   0x0000000000000500       0x60 ../nios_software_bsp/\libhal_bsp.a(alt_close.o)
 .debug_frame   0x0000000000000560       0x34 ../nios_software_bsp/\libhal_bsp.a(alt_dcache_flush_all.o)
 .debug_frame   0x0000000000000594       0x34 ../nios_software_bsp/\libhal_bsp.a(alt_dev.o)
 .debug_frame   0x00000000000005c8       0x60 ../nios_software_bsp/\libhal_bsp.a(alt_dev_llist_insert.o)
 .debug_frame   0x0000000000000628       0x38 ../nios_software_bsp/\libhal_bsp.a(alt_do_ctors.o)
 .debug_frame   0x0000000000000660       0x38 ../nios_software_bsp/\libhal_bsp.a(alt_do_dtors.o)
 .debug_frame   0x0000000000000698       0x34 ../nios_software_bsp/\libhal_bsp.a(alt_icache_flush_all.o)
 .debug_frame   0x00000000000006cc       0x5c ../nios_software_bsp/\libhal_bsp.a(alt_instruction_exception_entry.o)
 .debug_frame   0x0000000000000728       0x64 ../nios_software_bsp/\libhal_bsp.a(alt_io_redirect.o)
 .debug_frame   0x000000000000078c       0x8c ../nios_software_bsp/\libhal_bsp.a(alt_open.o)
 .debug_frame   0x0000000000000818       0x3c ../nios_software_bsp/\libhal_bsp.a(alt_release_fd.o)
 .debug_frame   0x0000000000000854       0x5c ../nios_software_bsp/\libhal_bsp.a(alt_tick.o)
 .debug_frame   0x00000000000008b0       0x34 ../nios_software_bsp/\libhal_bsp.a(altera_nios2_gen2_irq.o)
 .debug_frame   0x00000000000008e4       0x38 ../nios_software_bsp/\libhal_bsp.a(alt_find_dev.o)
 .debug_frame   0x000000000000091c       0x38 ../nios_software_bsp/\libhal_bsp.a(alt_find_file.o)
 .debug_frame   0x0000000000000954       0x3c ../nios_software_bsp/\libhal_bsp.a(alt_get_fd.o)
 .debug_frame   0x0000000000000990       0x20 c:/intelfpga_lite/17.0/nios2eds/bin/gnu/h-x86_64-mingw32/bin/../lib/gcc/nios2-elf/5.3.0/../../../../../H-x86_64-mingw32/nios2-elf/lib/mno-hw-mul\libc.a(lib_a-atexit.o)
 .debug_frame   0x00000000000009b0       0x28 c:/intelfpga_lite/17.0/nios2eds/bin/gnu/h-x86_64-mingw32/bin/../lib/gcc/nios2-elf/5.3.0/../../../../../H-x86_64-mingw32/nios2-elf/lib/mno-hw-mul\libc.a(lib_a-exit.o)
 .debug_frame   0x00000000000009d8       0x20 c:/intelfpga_lite/17.0/nios2eds/bin/gnu/h-x86_64-mingw32/bin/../lib/gcc/nios2-elf/5.3.0/../../../../../H-x86_64-mingw32/nios2-elf/lib/mno-hw-mul\libc.a(lib_a-memcmp.o)
 .debug_frame   0x00000000000009f8       0x38 c:/intelfpga_lite/17.0/nios2eds/bin/gnu/h-x86_64-mingw32/bin/../lib/gcc/nios2-elf/5.3.0/../../../../../H-x86_64-mingw32/nios2-elf/lib/mno-hw-mul\libc.a(lib_a-memcpy.o)
 .debug_frame   0x0000000000000a30       0x20 c:/intelfpga_lite/17.0/nios2eds/bin/gnu/h-x86_64-mingw32/bin/../lib/gcc/nios2-elf/5.3.0/../../../../../H-x86_64-mingw32/nios2-elf/lib/mno-hw-mul\libc.a(lib_a-strlen.o)
 .debug_frame   0x0000000000000a50       0x38 c:/intelfpga_lite/17.0/nios2eds/bin/gnu/h-x86_64-mingw32/bin/../lib/gcc/nios2-elf/5.3.0/../../../../../H-x86_64-mingw32/nios2-elf/lib/mno-hw-mul\libc.a(lib_a-__atexit.o)
 .debug_frame   0x0000000000000a88       0x54 c:/intelfpga_lite/17.0/nios2eds/bin/gnu/h-x86_64-mingw32/bin/../lib/gcc/nios2-elf/5.3.0/../../../../../H-x86_64-mingw32/nios2-elf/lib/mno-hw-mul\libc.a(lib_a-__call_atexit.o)
 .debug_frame   0x0000000000000adc       0x20 c:/intelfpga_lite/17.0/nios2eds/bin/gnu/h-x86_64-mingw32/bin/../lib/gcc/nios2-elf/5.3.0/mno-hw-mul\libgcc.a(lib2-mul.o)
 .debug_frame   0x0000000000000afc       0x2c ../nios_software_bsp/\libhal_bsp.a(alt_exit.o)

.debug_str      0x0000000000000000     0x1c65
 *(.debug_str)
 .debug_str     0x0000000000000000      0x1a9 obj/default/Lab_3.o
                                        0x1f4 (size before relaxing)
 .debug_str     0x00000000000001a9      0x128 ../nios_software_bsp/\libhal_bsp.a(alt_iic.o)
                                        0x231 (size before relaxing)
 .debug_str     0x00000000000002d1       0x4c ../nios_software_bsp/\libhal_bsp.a(alt_iic_isr_register.o)
                                        0x1db (size before relaxing)
 .debug_str     0x000000000000031d       0x3a ../nios_software_bsp/\libhal_bsp.a(alt_irq_handler.o)
                                        0x18a (size before relaxing)
 .debug_str     0x0000000000000357       0x17 ../nios_software_bsp/\libhal_bsp.a(alt_irq_vars.o)
                                        0x12d (size before relaxing)
 .debug_str     0x000000000000036e       0xe9 ../nios_software_bsp/\libhal_bsp.a(alt_load.o)
                                        0x205 (size before relaxing)
 .debug_str     0x0000000000000457       0x44 ../nios_software_bsp/\libhal_bsp.a(alt_main.o)
                                        0x190 (size before relaxing)
 .debug_str     0x000000000000049b      0x1d3 ../nios_software_bsp/\libhal_bsp.a(alt_sys_init.o)
                                        0x383 (size before relaxing)
 .debug_str     0x000000000000066e       0xb9 ../nios_software_bsp/\libhal_bsp.a(altera_avalon_jtag_uart_fd.o)
                                        0x397 (size before relaxing)
 .debug_str     0x0000000000000727       0xd1 ../nios_software_bsp/\libhal_bsp.a(altera_avalon_jtag_uart_init.o)
                                        0x32b (size before relaxing)
 .debug_str     0x00000000000007f8       0x4a ../nios_software_bsp/\libhal_bsp.a(altera_avalon_jtag_uart_ioctl.o)
                                        0x286 (size before relaxing)
 .debug_str     0x0000000000000842       0x48 ../nios_software_bsp/\libhal_bsp.a(altera_avalon_jtag_uart_read.o)
                                        0x2db (size before relaxing)
 .debug_str     0x000000000000088a       0x4a ../nios_software_bsp/\libhal_bsp.a(altera_avalon_jtag_uart_write.o)
                                        0x2dc (size before relaxing)
 .debug_str     0x00000000000008d4       0x6d ../nios_software_bsp/\libhal_bsp.a(altera_avalon_timer_sc.o)
                                        0x23e (size before relaxing)
 .debug_str     0x0000000000000941       0x59 ../nios_software_bsp/\libhal_bsp.a(alt_alarm_start.o)
                                        0x271 (size before relaxing)
 .debug_str     0x000000000000099a       0x44 ../nios_software_bsp/\libhal_bsp.a(alt_close.o)
                                        0x1fe (size before relaxing)
 .debug_str     0x00000000000009de       0x34 ../nios_software_bsp/\libhal_bsp.a(alt_dcache_flush_all.o)
                                        0x148 (size before relaxing)
 .debug_str     0x0000000000000a12      0x120 ../nios_software_bsp/\libhal_bsp.a(alt_dev.o)
                                        0x2f8 (size before relaxing)
 .debug_str     0x0000000000000b32       0x34 ../nios_software_bsp/\libhal_bsp.a(alt_dev_llist_insert.o)
                                        0x1bf (size before relaxing)
 .debug_str     0x0000000000000b66       0x48 ../nios_software_bsp/\libhal_bsp.a(alt_do_ctors.o)
                                         0xc3 (size before relaxing)
 .debug_str     0x0000000000000bae       0x4c ../nios_software_bsp/\libhal_bsp.a(alt_do_dtors.o)
                                         0xc2 (size before relaxing)
 .debug_str     0x0000000000000bfa       0x14 ../nios_software_bsp/\libhal_bsp.a(alt_errno.o)
                                        0x138 (size before relaxing)
 .debug_str     0x0000000000000c0e       0x34 ../nios_software_bsp/\libhal_bsp.a(alt_icache_flush_all.o)
                                        0x148 (size before relaxing)
 .debug_str     0x0000000000000c42      0x48b ../nios_software_bsp/\libhal_bsp.a(alt_instruction_exception_entry.o)
                                        0x593 (size before relaxing)
 .debug_str     0x00000000000010cd       0x56 ../nios_software_bsp/\libhal_bsp.a(alt_io_redirect.o)
                                        0x309 (size before relaxing)
 .debug_str     0x0000000000001123       0x2f ../nios_software_bsp/\libhal_bsp.a(alt_open.o)
                                        0x23e (size before relaxing)
 .debug_str     0x0000000000001152       0x28 ../nios_software_bsp/\libhal_bsp.a(alt_release_fd.o)
                                        0x1c6 (size before relaxing)
 .debug_str     0x000000000000117a       0x4a ../nios_software_bsp/\libhal_bsp.a(alt_tick.o)
                                        0x245 (size before relaxing)
 .debug_str     0x00000000000011c4       0x3b ../nios_software_bsp/\libhal_bsp.a(altera_nios2_gen2_irq.o)
                                        0x14f (size before relaxing)
 .debug_str     0x00000000000011ff       0x24 ../nios_software_bsp/\libhal_bsp.a(alt_find_dev.o)
                                        0x1df (size before relaxing)
 .debug_str     0x0000000000001223       0x26 ../nios_software_bsp/\libhal_bsp.a(alt_find_file.o)
                                        0x1ed (size before relaxing)
 .debug_str     0x0000000000001249       0x30 ../nios_software_bsp/\libhal_bsp.a(alt_get_fd.o)
                                        0x20f (size before relaxing)
 .debug_str     0x0000000000001279      0x17c c:/intelfpga_lite/17.0/nios2eds/bin/gnu/h-x86_64-mingw32/bin/../lib/gcc/nios2-elf/5.3.0/../../../../../H-x86_64-mingw32/nios2-elf/lib/mno-hw-mul\libc.a(lib_a-atexit.o)
                                        0x221 (size before relaxing)
 .debug_str     0x00000000000013f5      0x3af c:/intelfpga_lite/17.0/nios2eds/bin/gnu/h-x86_64-mingw32/bin/../lib/gcc/nios2-elf/5.3.0/../../../../../H-x86_64-mingw32/nios2-elf/lib/mno-hw-mul\libc.a(lib_a-exit.o)
                                        0x5be (size before relaxing)
 .debug_str     0x00000000000017a4       0xd6 c:/intelfpga_lite/17.0/nios2eds/bin/gnu/h-x86_64-mingw32/bin/../lib/gcc/nios2-elf/5.3.0/../../../../../H-x86_64-mingw32/nios2-elf/lib/mno-hw-mul\libc.a(lib_a-impure.o)
                                        0x5b5 (size before relaxing)
 .debug_str     0x000000000000187a       0x3f c:/intelfpga_lite/17.0/nios2eds/bin/gnu/h-x86_64-mingw32/bin/../lib/gcc/nios2-elf/5.3.0/../../../../../H-x86_64-mingw32/nios2-elf/lib/mno-hw-mul\libc.a(lib_a-int_errno.o)
                                        0x1dd (size before relaxing)
 .debug_str     0x00000000000018b9       0xda c:/intelfpga_lite/17.0/nios2eds/bin/gnu/h-x86_64-mingw32/bin/../lib/gcc/nios2-elf/5.3.0/../../../../../H-x86_64-mingw32/nios2-elf/lib/mno-hw-mul\libc.a(lib_a-memcmp.o)
                                        0x1e4 (size before relaxing)
 .debug_str     0x0000000000001993       0x6b c:/intelfpga_lite/17.0/nios2eds/bin/gnu/h-x86_64-mingw32/bin/../lib/gcc/nios2-elf/5.3.0/../../../../../H-x86_64-mingw32/nios2-elf/lib/mno-hw-mul\libc.a(lib_a-memcpy.o)
                                        0x20b (size before relaxing)
 .debug_str     0x00000000000019fe       0x51 c:/intelfpga_lite/17.0/nios2eds/bin/gnu/h-x86_64-mingw32/bin/../lib/gcc/nios2-elf/5.3.0/../../../../../H-x86_64-mingw32/nios2-elf/lib/mno-hw-mul\libc.a(lib_a-strlen.o)
                                        0x1f7 (size before relaxing)
 .debug_str     0x0000000000001a4f       0x3f c:/intelfpga_lite/17.0/nios2eds/bin/gnu/h-x86_64-mingw32/bin/../lib/gcc/nios2-elf/5.3.0/../../../../../H-x86_64-mingw32/nios2-elf/lib/mno-hw-mul\libc.a(lib_a-__atexit.o)
                                        0x5f6 (size before relaxing)
 .debug_str     0x0000000000001a8e       0x65 c:/intelfpga_lite/17.0/nios2eds/bin/gnu/h-x86_64-mingw32/bin/../lib/gcc/nios2-elf/5.3.0/../../../../../H-x86_64-mingw32/nios2-elf/lib/mno-hw-mul\libc.a(lib_a-__call_atexit.o)
                                        0x5e2 (size before relaxing)
 .debug_str     0x0000000000001af3      0x148 c:/intelfpga_lite/17.0/nios2eds/bin/gnu/h-x86_64-mingw32/bin/../lib/gcc/nios2-elf/5.3.0/mno-hw-mul\libgcc.a(lib2-mul.o)
                                        0x193 (size before relaxing)
 .debug_str     0x0000000000001c3b       0x2a ../nios_software_bsp/\libhal_bsp.a(alt_exit.o)
                                        0x144 (size before relaxing)

.debug_loc      0x0000000000000000      0x803
 *(.debug_loc)
 .debug_loc     0x0000000000000000       0x2c c:/intelfpga_lite/17.0/nios2eds/bin/gnu/h-x86_64-mingw32/bin/../lib/gcc/nios2-elf/5.3.0/../../../../../H-x86_64-mingw32/nios2-elf/lib/mno-hw-mul\libc.a(lib_a-atexit.o)
 .debug_loc     0x000000000000002c       0x1e c:/intelfpga_lite/17.0/nios2eds/bin/gnu/h-x86_64-mingw32/bin/../lib/gcc/nios2-elf/5.3.0/../../../../../H-x86_64-mingw32/nios2-elf/lib/mno-hw-mul\libc.a(lib_a-exit.o)
 .debug_loc     0x000000000000004a      0x126 c:/intelfpga_lite/17.0/nios2eds/bin/gnu/h-x86_64-mingw32/bin/../lib/gcc/nios2-elf/5.3.0/../../../../../H-x86_64-mingw32/nios2-elf/lib/mno-hw-mul\libc.a(lib_a-memcmp.o)
 .debug_loc     0x0000000000000170      0x266 c:/intelfpga_lite/17.0/nios2eds/bin/gnu/h-x86_64-mingw32/bin/../lib/gcc/nios2-elf/5.3.0/../../../../../H-x86_64-mingw32/nios2-elf/lib/mno-hw-mul\libc.a(lib_a-memcpy.o)
 .debug_loc     0x00000000000003d6       0x47 c:/intelfpga_lite/17.0/nios2eds/bin/gnu/h-x86_64-mingw32/bin/../lib/gcc/nios2-elf/5.3.0/../../../../../H-x86_64-mingw32/nios2-elf/lib/mno-hw-mul\libc.a(lib_a-strlen.o)
 .debug_loc     0x000000000000041d      0x185 c:/intelfpga_lite/17.0/nios2eds/bin/gnu/h-x86_64-mingw32/bin/../lib/gcc/nios2-elf/5.3.0/../../../../../H-x86_64-mingw32/nios2-elf/lib/mno-hw-mul\libc.a(lib_a-__atexit.o)
 .debug_loc     0x00000000000005a2      0x1ce c:/intelfpga_lite/17.0/nios2eds/bin/gnu/h-x86_64-mingw32/bin/../lib/gcc/nios2-elf/5.3.0/../../../../../H-x86_64-mingw32/nios2-elf/lib/mno-hw-mul\libc.a(lib_a-__call_atexit.o)
 .debug_loc     0x0000000000000770       0x93 c:/intelfpga_lite/17.0/nios2eds/bin/gnu/h-x86_64-mingw32/bin/../lib/gcc/nios2-elf/5.3.0/mno-hw-mul\libgcc.a(lib2-mul.o)

.debug_macinfo
 *(.debug_macinfo)

.debug_weaknames
 *(.debug_weaknames)

.debug_funcnames
 *(.debug_funcnames)

.debug_typenames
 *(.debug_typenames)

.debug_varnames
 *(.debug_varnames)

.debug_alt_sim_info
                0x0000000000000000       0x10
 *(.debug_alt_sim_info)
 .debug_alt_sim_info
                0x0000000000000000       0x10 ../nios_software_bsp//obj/HAL/src/crt0.o
                0x0000000000010000                __alt_data_end = 0x10000
                0x0000000000010000                PROVIDE (__alt_stack_pointer, __alt_data_end)
                [!provide]                        PROVIDE (__alt_stack_limit, __alt_stack_base)
                [!provide]                        PROVIDE (__alt_heap_start, end)
                [!provide]                        PROVIDE (__alt_heap_limit, 0x10000)
OUTPUT(nios_software.elf elf32-littlenios2)

.debug_ranges   0x0000000000000000      0x178
 .debug_ranges  0x0000000000000000       0x20 ../nios_software_bsp//obj/HAL/src/crt0.o
 .debug_ranges  0x0000000000000020       0x28 ../nios_software_bsp/\libhal_bsp.a(alt_irq_entry.o)
 .debug_ranges  0x0000000000000048       0x10 ../nios_software_bsp/\libhal_bsp.a(alt_irq_handler.o)
 .debug_ranges  0x0000000000000058       0x30 ../nios_software_bsp/\libhal_bsp.a(altera_avalon_jtag_uart_init.o)
 .debug_ranges  0x0000000000000088       0x18 ../nios_software_bsp/\libhal_bsp.a(altera_avalon_jtag_uart_read.o)
 .debug_ranges  0x00000000000000a0       0x30 ../nios_software_bsp/\libhal_bsp.a(alt_exception_entry.o)
 .debug_ranges  0x00000000000000d0       0x18 ../nios_software_bsp/\libhal_bsp.a(alt_instruction_exception_entry.o)
 .debug_ranges  0x00000000000000e8       0x10 c:/intelfpga_lite/17.0/nios2eds/bin/gnu/h-x86_64-mingw32/bin/../lib/gcc/nios2-elf/5.3.0/../../../../../H-x86_64-mingw32/nios2-elf/lib/mno-hw-mul\libc.a(lib_a-atexit.o)
 .debug_ranges  0x00000000000000f8       0x10 c:/intelfpga_lite/17.0/nios2eds/bin/gnu/h-x86_64-mingw32/bin/../lib/gcc/nios2-elf/5.3.0/../../../../../H-x86_64-mingw32/nios2-elf/lib/mno-hw-mul\libc.a(lib_a-exit.o)
 .debug_ranges  0x0000000000000108       0x10 c:/intelfpga_lite/17.0/nios2eds/bin/gnu/h-x86_64-mingw32/bin/../lib/gcc/nios2-elf/5.3.0/../../../../../H-x86_64-mingw32/nios2-elf/lib/mno-hw-mul\libc.a(lib_a-memcmp.o)
 .debug_ranges  0x0000000000000118       0x10 c:/intelfpga_lite/17.0/nios2eds/bin/gnu/h-x86_64-mingw32/bin/../lib/gcc/nios2-elf/5.3.0/../../../../../H-x86_64-mingw32/nios2-elf/lib/mno-hw-mul\libc.a(lib_a-memcpy.o)
 .debug_ranges  0x0000000000000128       0x10 c:/intelfpga_lite/17.0/nios2eds/bin/gnu/h-x86_64-mingw32/bin/../lib/gcc/nios2-elf/5.3.0/../../../../../H-x86_64-mingw32/nios2-elf/lib/mno-hw-mul\libc.a(lib_a-strlen.o)
 .debug_ranges  0x0000000000000138       0x10 c:/intelfpga_lite/17.0/nios2eds/bin/gnu/h-x86_64-mingw32/bin/../lib/gcc/nios2-elf/5.3.0/../../../../../H-x86_64-mingw32/nios2-elf/lib/mno-hw-mul\libc.a(lib_a-__atexit.o)
 .debug_ranges  0x0000000000000148       0x30 c:/intelfpga_lite/17.0/nios2eds/bin/gnu/h-x86_64-mingw32/bin/../lib/gcc/nios2-elf/5.3.0/../../../../../H-x86_64-mingw32/nios2-elf/lib/mno-hw-mul\libc.a(lib_a-__call_atexit.o)
